 3dfx32vs

 Timestamp is 3a0cb936 (Fri Nov 10 19:12:54 2000)

 Preferred load address is baa00000

 Start         Length     Name                   Class
 0001:00000000 00000170H .idata$5                CODE
 0001:00000170 00001a20H .rdata                  CODE
 0001:00001bc0 000c2fe4H .text                   CODE
 0001:000c4ba4 00000050H .idata$2                CODE
 0001:000c4bf4 00000014H .idata$3                CODE
 0001:000c4c08 00000170H .idata$4                CODE
 0001:000c4d78 00000666H .idata$6                CODE
 0002:00000000 00000004H .CRT$XCA                DATA
 0002:00000004 00000004H .CRT$XCZ                DATA
 0002:00000008 00000004H .CRT$XIA                DATA
 0002:0000000c 00000004H .CRT$XIC                DATA
 0002:00000010 00000004H .CRT$XIZ                DATA
 0002:00000014 00000004H .CRT$XPA                DATA
 0002:00000018 00000004H .CRT$XPZ                DATA
 0002:0000001c 00000004H .CRT$XTA                DATA
 0002:00000020 00000004H .CRT$XTZ                DATA
 0002:00000040 0002fa00H .data                   DATA
 0002:0002fa40 00005b1cH .bss                    DATA
 0003:00000000 0000004aH .edata                  DATA
 0004:00000000 00000058H .rsrc$01                DATA
 0004:00000060 00000390H .rsrc$02                DATA

  Address         Publics by Value              Rva+Base     Lib:Object

 0001:00000000       __imp__RegSetValueExA@24   baa01000     advapi32:ADVAPI32.dll
 0001:00000004       __imp__RegCloseKey@4       baa01004     advapi32:ADVAPI32.dll
 0001:00000008       __imp__RegCreateKeyExA@36  baa01008     advapi32:ADVAPI32.dll
 0001:0000000c       __imp__RegOpenKeyExA@20    baa0100c     advapi32:ADVAPI32.dll
 0001:00000010       __imp__RegQueryValueExA@24 baa01010     advapi32:ADVAPI32.dll
 0001:00000014       \177ADVAPI32_NULL_THUNK_DATA baa01014     advapi32:ADVAPI32.dll
 0001:00000018       __imp__DDHAL32_VidMemFree@12 baa01018     ddraw:DDRAW.dll
 0001:0000001c       __imp__DDHAL32_VidMemAlloc@16 baa0101c     ddraw:DDRAW.dll
 0001:00000020       \177DDRAW_NULL_THUNK_DATA  baa01020     ddraw:DDRAW.dll
 0001:00000024       __imp__DeviceIoControl@32  baa01024     kernel32:KERNEL32.dll
 0001:00000028       __imp__GetModuleFileNameA@12 baa01028     kernel32:KERNEL32.dll
 0001:0000002c       __imp__GetModuleHandleA@4  baa0102c     kernel32:KERNEL32.dll
 0001:00000030       __imp__CreateFileA@28      baa01030     kernel32:KERNEL32.dll
 0001:00000034       __imp__WriteFile@20        baa01034     kernel32:KERNEL32.dll
 0001:00000038       __imp__DisableThreadLibraryCalls@4 baa01038     kernel32:KERNEL32.dll
 0001:0000003c       __imp__OutputDebugStringA@4 baa0103c     kernel32:KERNEL32.dll
 0001:00000040       __imp__CloseHandle@4       baa01040     kernel32:KERNEL32.dll
 0001:00000044       __imp__lstrlenA@4          baa01044     kernel32:KERNEL32.dll
 0001:00000048       __imp__QueryPerformanceFrequency@4 baa01048     kernel32:KERNEL32.dll
 0001:0000004c       __imp__QueryPerformanceCounter@4 baa0104c     kernel32:KERNEL32.dll
 0001:00000050       __imp__lstrcpyA@8          baa01050     kernel32:KERNEL32.dll
 0001:00000054       __imp__lstrcatA@8          baa01054     kernel32:KERNEL32.dll
 0001:00000058       __imp__HeapFree@12         baa01058     kernel32:KERNEL32.dll
 0001:0000005c       __imp__HeapAlloc@12        baa0105c     kernel32:KERNEL32.dll
 0001:00000060       __imp__HeapCreate@12       baa01060     kernel32:KERNEL32.dll
 0001:00000064       __imp__QT_Thunk            baa01064     kernel32:KERNEL32.dll
 0001:00000068       __imp__GetProfileStringA@20 baa01068     kernel32:KERNEL32.dll
 0001:0000006c       __imp__GetCurrentThread@0  baa0106c     kernel32:KERNEL32.dll
 0001:00000070       __imp__EnterCriticalSection@4 baa01070     kernel32:KERNEL32.dll
 0001:00000074       __imp__LeaveCriticalSection@4 baa01074     kernel32:KERNEL32.dll
 0001:00000078       __imp__CompareStringW@24   baa01078     kernel32:KERNEL32.dll
 0001:0000007c       __imp__GetCommandLineA@0   baa0107c     kernel32:KERNEL32.dll
 0001:00000080       __imp__GetVersion@0        baa01080     kernel32:KERNEL32.dll
 0001:00000084       __imp__GetLastError@0      baa01084     kernel32:KERNEL32.dll
 0001:00000088       __imp__SetConsoleCtrlHandler@8 baa01088     kernel32:KERNEL32.dll
 0001:0000008c       __imp__GetProcAddress@8    baa0108c     kernel32:KERNEL32.dll
 0001:00000090       __imp__ExitProcess@4       baa01090     kernel32:KERNEL32.dll
 0001:00000094       __imp__TerminateProcess@8  baa01094     kernel32:KERNEL32.dll
 0001:00000098       __imp__GetCurrentProcess@0 baa01098     kernel32:KERNEL32.dll
 0001:0000009c       __imp__GetCurrentThreadId@0 baa0109c     kernel32:KERNEL32.dll
 0001:000000a0       __imp__TlsSetValue@8       baa010a0     kernel32:KERNEL32.dll
 0001:000000a4       __imp__TlsAlloc@0          baa010a4     kernel32:KERNEL32.dll
 0001:000000a8       __imp__TlsFree@4           baa010a8     kernel32:KERNEL32.dll
 0001:000000ac       __imp__SetLastError@4      baa010ac     kernel32:KERNEL32.dll
 0001:000000b0       __imp__TlsGetValue@4       baa010b0     kernel32:KERNEL32.dll
 0001:000000b4       __imp__InterlockedDecrement@4 baa010b4     kernel32:KERNEL32.dll
 0001:000000b8       __imp__SetHandleCount@4    baa010b8     kernel32:KERNEL32.dll
 0001:000000bc       __imp__GetStdHandle@4      baa010bc     kernel32:KERNEL32.dll
 0001:000000c0       __imp__GetFileType@4       baa010c0     kernel32:KERNEL32.dll
 0001:000000c4       __imp__GetStartupInfoA@4   baa010c4     kernel32:KERNEL32.dll
 0001:000000c8       __imp__DeleteCriticalSection@4 baa010c8     kernel32:KERNEL32.dll
 0001:000000cc       __imp__FreeEnvironmentStringsA@4 baa010cc     kernel32:KERNEL32.dll
 0001:000000d0       __imp__FreeEnvironmentStringsW@4 baa010d0     kernel32:KERNEL32.dll
 0001:000000d4       __imp__WideCharToMultiByte@32 baa010d4     kernel32:KERNEL32.dll
 0001:000000d8       __imp__GetEnvironmentStrings@0 baa010d8     kernel32:KERNEL32.dll
 0001:000000dc       __imp__GetEnvironmentStringsW@0 baa010dc     kernel32:KERNEL32.dll
 0001:000000e0       __imp__HeapDestroy@4       baa010e0     kernel32:KERNEL32.dll
 0001:000000e4       __imp__VirtualFree@12      baa010e4     kernel32:KERNEL32.dll
 0001:000000e8       __imp__InitializeCriticalSection@4 baa010e8     kernel32:KERNEL32.dll
 0001:000000ec       __imp__CompareStringA@24   baa010ec     kernel32:KERNEL32.dll
 0001:000000f0       __imp__SetEnvironmentVariableA@8 baa010f0     kernel32:KERNEL32.dll
 0001:000000f4       __imp__FatalAppExitA@8     baa010f4     kernel32:KERNEL32.dll
 0001:000000f8       __imp__UnhandledExceptionFilter@4 baa010f8     kernel32:KERNEL32.dll
 0001:000000fc       __imp__MultiByteToWideChar@24 baa010fc     kernel32:KERNEL32.dll
 0001:00000100       __imp__GetStringTypeA@20   baa01100     kernel32:KERNEL32.dll
 0001:00000104       __imp__GetStringTypeW@16   baa01104     kernel32:KERNEL32.dll
 0001:00000108       __imp__LCMapStringA@24     baa01108     kernel32:KERNEL32.dll
 0001:0000010c       __imp__InterlockedIncrement@4 baa0110c     kernel32:KERNEL32.dll
 0001:00000110       __imp__GetCPInfo@8         baa01110     kernel32:KERNEL32.dll
 0001:00000114       __imp__GetACP@0            baa01114     kernel32:KERNEL32.dll
 0001:00000118       __imp__GetOEMCP@0          baa01118     kernel32:KERNEL32.dll
 0001:0000011c       __imp__VirtualAlloc@16     baa0111c     kernel32:KERNEL32.dll
 0001:00000120       __imp__HeapReAlloc@16      baa01120     kernel32:KERNEL32.dll
 0001:00000124       __imp__IsBadWritePtr@8     baa01124     kernel32:KERNEL32.dll
 0001:00000128       __imp__LoadLibraryA@4      baa01128     kernel32:KERNEL32.dll
 0001:0000012c       __imp__RtlUnwind@16        baa0112c     kernel32:KERNEL32.dll
 0001:00000130       __imp__Sleep@4             baa01130     kernel32:KERNEL32.dll
 0001:00000134       __imp__GetLocaleInfoA@16   baa01134     kernel32:KERNEL32.dll
 0001:00000138       __imp__LCMapStringW@24     baa01138     kernel32:KERNEL32.dll
 0001:0000013c       __imp__RaiseException@16   baa0113c     kernel32:KERNEL32.dll
 0001:00000140       __imp__IsValidLocale@8     baa01140     kernel32:KERNEL32.dll
 0001:00000144       __imp__IsValidCodePage@4   baa01144     kernel32:KERNEL32.dll
 0001:00000148       __imp__EnumSystemLocalesA@8 baa01148     kernel32:KERNEL32.dll
 0001:0000014c       __imp__GetUserDefaultLCID@0 baa0114c     kernel32:KERNEL32.dll
 0001:00000150       __imp__GetVersionExA@4     baa01150     kernel32:KERNEL32.dll
 0001:00000154       __imp__GetTimeZoneInformation@4 baa01154     kernel32:KERNEL32.dll
 0001:00000158       __imp__GetLocaleInfoW@16   baa01158     kernel32:KERNEL32.dll
 0001:0000015c       \177KERNEL32_NULL_THUNK_DATA baa0115c     kernel32:KERNEL32.dll
 0001:00000160       __imp__MapVirtualKeyA@8    baa01160     user32:USER32.dll
 0001:00000164       __imp__wvsprintfA@12       baa01164     user32:USER32.dll
 0001:00000168       __imp__wsprintfA           baa01168     user32:USER32.dll
 0001:0000016c       \177USER32_NULL_THUNK_DATA baa0116c     user32:USER32.dll
 0001:000001c8       __real@8@3ffe8000000000000000 baa011c8     ddfxs32.obj
 0001:000001d0       __real@8@4006ff00000000000000 baa011d0     ddfxs32.obj
 0001:000001d8       __real@8@3fff8000000000000000 baa011d8     ddfxs32.obj
 0001:000001e0       __real@8@3ffddc28f5c28f5c2800 baa011e0     ddfxs32.obj
 0001:000001e8       __real@8@00000000000000000000 baa011e8     ddfxs32.obj
 0001:000001f0       __real@8@3feea7c5ac471b478800 baa011f0     ddfxs32.obj
 0001:000001f8       __real@8@bfeea7c5ac471b478800 baa011f8     ddfxs32.obj
 0001:00000200       __real@8@40008000000000000000 baa01200     ddfxs32.obj
 0001:00000228       __real@4@3fff8000000000000000 baa01228     runtime.obj
 0001:0000022c       __real@4@4002a000000000000000 baa0122c     runtime.obj
 0001:00000230       __real@4@4001c000000000000000 baa01230     runtime.obj
 0001:00000234       __real@4@40008000000000000000 baa01234     runtime.obj
 0001:00000238       __real@4@3ff8a3d70a0000000000 baa01238     runtime.obj
 0001:0000023c       __real@4@00000000000000000000 baa0123c     runtime.obj
 0001:00000240       __real@4@4005c800000000000000 baa01240     runtime.obj
 0001:00000244       __real@4@3ffe8000000000000000 baa01244     runtime.obj
 0001:00000248       __real@4@bfff8000000000000000 baa01248     runtime.obj
 0001:0000024c       __real@4@3fffb333330000000000 baa0124c     runtime.obj
 0001:00000250       __real@4@40018000000000000000 baa01250     runtime.obj
 0001:00000258       __real@8@40038000000000000000 baa01258     d3d:d3init.obj
 0001:00000260       __real@4@40078000000000000000 baa01260     d3d:d3txtr.obj
 0001:00000264       __real@4@4012f424000000000000 baa01264     d3d:d3trace.obj
 0001:00000268       __real@4@bffeffff000000000000 baa01268     d3d:d6dp2.obj
 0001:0000026c       __real@4@400efff0000000000000 baa0126c     d3d:d6dp2.obj
 0001:00000270       _CLSID_DirectDraw          baa01270     d3d:d3global.obj
 0001:00000280       _CLSID_DirectDraw7         baa01280     d3d:d3global.obj
 0001:00000290       _CLSID_DirectDrawClipper   baa01290     d3d:d3global.obj
 0001:000002a0       _IID_IDirectDraw           baa012a0     d3d:d3global.obj
 0001:000002b0       _IID_IDirectDraw2          baa012b0     d3d:d3global.obj
 0001:000002c0       _IID_IDirectDraw4          baa012c0     d3d:d3global.obj
 0001:000002d0       _IID_IDirectDraw7          baa012d0     d3d:d3global.obj
 0001:000002e0       _IID_IDirectDrawSurface    baa012e0     d3d:d3global.obj
 0001:000002f0       _IID_IDirectDrawSurface2   baa012f0     d3d:d3global.obj
 0001:00000300       _IID_IDirectDrawSurface3   baa01300     d3d:d3global.obj
 0001:00000310       _IID_IDirectDrawSurface4   baa01310     d3d:d3global.obj
 0001:00000320       _IID_IDirectDrawSurface7   baa01320     d3d:d3global.obj
 0001:00000330       _IID_IDirectDrawPalette    baa01330     d3d:d3global.obj
 0001:00000340       _IID_IDirectDrawClipper    baa01340     d3d:d3global.obj
 0001:00000350       _IID_IDirectDrawColorControl baa01350     d3d:d3global.obj
 0001:00000360       _IID_IDirectDrawGammaControl baa01360     d3d:d3global.obj
 0001:00000370       _IID_IDDVideoPortContainer baa01370     d3d:d3global.obj
 0001:00000380       _IID_IDirectDrawVideoPort  baa01380     d3d:d3global.obj
 0001:00000390       _DDVPTYPE_E_HREFH_VREFH    baa01390     d3d:d3global.obj
 0001:000003a0       _DDVPTYPE_E_HREFH_VREFL    baa013a0     d3d:d3global.obj
 0001:000003b0       _DDVPTYPE_E_HREFL_VREFH    baa013b0     d3d:d3global.obj
 0001:000003c0       _DDVPTYPE_E_HREFL_VREFL    baa013c0     d3d:d3global.obj
 0001:000003d0       _DDVPTYPE_CCIR656          baa013d0     d3d:d3global.obj
 0001:000003e0       _DDVPTYPE_BROOKTREE        baa013e0     d3d:d3global.obj
 0001:000003f0       _DDVPTYPE_PHILIPS          baa013f0     d3d:d3global.obj
 0001:00000400       _IID_IDirectDrawKernel     baa01400     d3d:d3global.obj
 0001:00000410       _IID_IDirectDrawSurfaceKernel baa01410     d3d:d3global.obj
 0001:00000420       _GUID_MiscellaneousCallbacks baa01420     d3d:d3global.obj
 0001:00000430       _GUID_VideoPortCallbacks   baa01430     d3d:d3global.obj
 0001:00000440       _GUID_ColorControlCallbacks baa01440     d3d:d3global.obj
 0001:00000450       _GUID_VideoPortCaps        baa01450     d3d:d3global.obj
 0001:00000460       _GUID_D3DCallbacks2        baa01460     d3d:d3global.obj
 0001:00000470       _GUID_D3DCallbacks3        baa01470     d3d:d3global.obj
 0001:00000480       _GUID_NonLocalVidMemCaps   baa01480     d3d:d3global.obj
 0001:00000490       _GUID_KernelCallbacks      baa01490     d3d:d3global.obj
 0001:000004a0       _GUID_KernelCaps           baa014a0     d3d:d3global.obj
 0001:000004b0       _GUID_D3DExtendedCaps      baa014b0     d3d:d3global.obj
 0001:000004c0       _GUID_ZPixelFormats        baa014c0     d3d:d3global.obj
 0001:000004d0       _GUID_DDMoreSurfaceCaps    baa014d0     d3d:d3global.obj
 0001:000004e0       _GUID_DDStereoMode         baa014e0     d3d:d3global.obj
 0001:000004f0       _GUID_OptSurfaceKmodeInfo  baa014f0     d3d:d3global.obj
 0001:00000500       _GUID_OptSurfaceUmodeInfo  baa01500     d3d:d3global.obj
 0001:00000510       _GUID_UserModeDriverInfo   baa01510     d3d:d3global.obj
 0001:00000520       _GUID_UserModeDriverPassword baa01520     d3d:d3global.obj
 0001:00000530       _GUID_D3DParseUnknownCommandCallback baa01530     d3d:d3global.obj
 0001:00000540       _GUID_MotionCompCallbacks  baa01540     d3d:d3global.obj
 0001:00000550       _GUID_Miscellaneous2Callbacks baa01550     d3d:d3global.obj
 0001:00000560       _IID_IDirect3D             baa01560     d3d:d3global.obj
 0001:00000570       _IID_IDirect3D2            baa01570     d3d:d3global.obj
 0001:00000580       _IID_IDirect3D3            baa01580     d3d:d3global.obj
 0001:00000590       _IID_IDirect3D7            baa01590     d3d:d3global.obj
 0001:000005a0       _IID_IDirect3DRampDevice   baa015a0     d3d:d3global.obj
 0001:000005b0       _IID_IDirect3DRGBDevice    baa015b0     d3d:d3global.obj
 0001:000005c0       _IID_IDirect3DHALDevice    baa015c0     d3d:d3global.obj
 0001:000005d0       _IID_IDirect3DMMXDevice    baa015d0     d3d:d3global.obj
 0001:000005e0       _IID_IDirect3DRefDevice    baa015e0     d3d:d3global.obj
 0001:000005f0       _IID_IDirect3DNullDevice   baa015f0     d3d:d3global.obj
 0001:00000600       _IID_IDirect3DTnLHalDevice baa01600     d3d:d3global.obj
 0001:00000610       _IID_IDirect3DDevice       baa01610     d3d:d3global.obj
 0001:00000620       _IID_IDirect3DDevice2      baa01620     d3d:d3global.obj
 0001:00000630       _IID_IDirect3DDevice3      baa01630     d3d:d3global.obj
 0001:00000640       _IID_IDirect3DDevice7      baa01640     d3d:d3global.obj
 0001:00000650       _IID_IDirect3DTexture      baa01650     d3d:d3global.obj
 0001:00000660       _IID_IDirect3DTexture2     baa01660     d3d:d3global.obj
 0001:00000670       _IID_IDirect3DLight        baa01670     d3d:d3global.obj
 0001:00000680       _IID_IDirect3DMaterial     baa01680     d3d:d3global.obj
 0001:00000690       _IID_IDirect3DMaterial2    baa01690     d3d:d3global.obj
 0001:000006a0       _IID_IDirect3DMaterial3    baa016a0     d3d:d3global.obj
 0001:000006b0       _IID_IDirect3DExecuteBuffer baa016b0     d3d:d3global.obj
 0001:000006c0       _IID_IDirect3DViewport     baa016c0     d3d:d3global.obj
 0001:000006d0       _IID_IDirect3DViewport2    baa016d0     d3d:d3global.obj
 0001:000006e0       _IID_IDirect3DViewport3    baa016e0     d3d:d3global.obj
 0001:000006f0       _IID_IDirect3DVertexBuffer baa016f0     d3d:d3global.obj
 0001:00000700       _IID_IDirect3DVertexBuffer7 baa01700     d3d:d3global.obj
 0001:00000710       _const_m1                  baa01710     d3d:d3global.obj
 0001:00000714       _const_5                   baa01714     d3d:d3global.obj
 0001:00000718       _const_1                   baa01718     d3d:d3global.obj
 0001:0000071c       __real@4@4006ff00000000000000 baa0171c     d3d:d3fog.obj
 0001:00000720       __real@8@40078080000000000000 baa01720     d3d:d6tri2.obj
 0001:00000b60       __real@4@40048000000000000000 baa01b60     d3d:fxt.obj
 0001:00000b64       __real@4@4003a000000000000000 baa01b64     d3d:fxt.obj
 0001:00000b68       __real@4@40028000000000000000 baa01b68     d3d:fxt.obj
 0001:00000b6c       __real@4@4004c800000000000000 baa01b6c     d3d:fxt.obj
 0001:00000b70       __real@8@4005c800000000000000 baa01b70     d3d:fxt.obj
 0001:00000df8       __real@8@4015800bf60000000000 baa01df8     libcmt:testfdiv.obj
 0001:00000e00       __real@8@4014bffffc0000000000 baa01e00     libcmt:testfdiv.obj
 0001:00000e08       ??_C@_0BK@JEGK@IsProcessorFeaturePresent?$AA@ baa01e08     libcmt:testfdiv.obj
 0001:00000e24       ??_C@_08OBID@KERNEL32?$AA@ baa01e24     libcmt:testfdiv.obj
 0001:00000e30       ??_C@_05OFLO@e?$CL000?$AA@ baa01e30     libcmt:cvt.obj
 0001:00000e38       ??_C@_0P@GGKG@runtime?5error?5?$AA@ baa01e38     libcmt:crt0msg.obj
 0001:00000e48       ??_C@_02PIMC@?$AN?6?$AA@   baa01e48     libcmt:crt0msg.obj
 0001:00000e4c       ??_C@_0O@DELO@TLOSS?5error?$AN?6?$AA@ baa01e4c     libcmt:crt0msg.obj
 0001:00000e5c       ??_C@_0N@OMLL@SING?5error?$AN?6?$AA@ baa01e5c     libcmt:crt0msg.obj
 0001:00000e6c       ??_C@_0P@OJAK@DOMAIN?5error?$AN?6?$AA@ baa01e6c     libcmt:crt0msg.obj
 0001:00000e7c       ??_C@_0CF@EANP@R6028?$AN?6?9?5unable?5to?5initialize?5he@ baa01e7c     libcmt:crt0msg.obj
 0001:00000ea4       ??_C@_0DF@ECGN@R6027?$AN?6?9?5not?5enough?5space?5for?5lo@ baa01ea4     libcmt:crt0msg.obj
 0001:00000edc       ??_C@_0DF@FKAC@R6026?$AN?6?9?5not?5enough?5space?5for?5st@ baa01edc     libcmt:crt0msg.obj
 0001:00000f14       ??_C@_0CG@DPMN@R6025?$AN?6?9?5pure?5virtual?5function?5c@ baa01f14     libcmt:crt0msg.obj
 0001:00000f3c       ??_C@_0DF@CKIP@R6024?$AN?6?9?5not?5enough?5space?5for?5_o@ baa01f3c     libcmt:crt0msg.obj
 0001:00000f74       ??_C@_0CJ@GGOE@R6019?$AN?6?9?5unable?5to?5open?5console?5@ baa01f74     libcmt:crt0msg.obj
 0001:00000fa0       ??_C@_0CB@LBOB@R6018?$AN?6?9?5unexpected?5heap?5error?$AN?6@ baa01fa0     libcmt:crt0msg.obj
 0001:00000fc4       ??_C@_0CN@FPEG@R6017?$AN?6?9?5unexpected?5multithread?5@ baa01fc4     libcmt:crt0msg.obj
 0001:00000ff4       ??_C@_0CM@OBIC@R6016?$AN?6?9?5not?5enough?5space?5for?5th@ baa01ff4     libcmt:crt0msg.obj
 0001:00001020       ??_C@_0CB@HPAL@?$AN?6abnormal?5program?5termination?$AN?6@ baa02020     libcmt:crt0msg.obj
 0001:00001044       ??_C@_0CM@JOOB@R6009?$AN?6?9?5not?5enough?5space?5for?5en@ baa02044     libcmt:crt0msg.obj
 0001:00001070       ??_C@_0CK@OIBL@R6008?$AN?6?9?5not?5enough?5space?5for?5ar@ baa02070     libcmt:crt0msg.obj
 0001:0000109c       ??_C@_0CF@LKPB@R6002?$AN?6?9?5floating?5point?5not?5load@ baa0209c     libcmt:crt0msg.obj
 0001:000010c4       ??_C@_0CF@JPDF@Microsoft?5Visual?5C?$CL?$CL?5Runtime?5Lib@ baa020c4     libcmt:crt0msg.obj
 0001:000010ec       ??_C@_02JJJH@?6?6?$AA@     baa020ec     libcmt:crt0msg.obj
 0001:000010f0       ??_C@_0BK@DEOK@Runtime?5Error?$CB?6?6Program?3?5?$AA@ baa020f0     libcmt:crt0msg.obj
 0001:0000110c       ??_C@_03NAME@?4?4?4?$AA@   baa0210c     libcmt:crt0msg.obj
 0001:00001110       ??_C@_0BH@NNCD@?$DMprogram?5name?5unknown?$DO?$AA@ baa02110     libcmt:crt0msg.obj
 0001:00001168       __DEFAULT_CW_in_mem        baa02168     libcmt:common.obj
 0001:0000116a       __pi_by_2_to_61            baa0216a     libcmt:common.obj
 0001:000011a4       ??_C@_01A@?$AA?$AA@        baa021a4     libcmt:a_str.obj
 0001:000011a8       ??_C@_13A@?$AA?$AA?$AA?$AA@ baa021a8     libcmt:a_str.obj
 0001:000011bc       ??_C@_0BD@NJFP@GetLastActivePopup?$AA@ baa021bc     libcmt:crtmbox.obj
 0001:000011d0       ??_C@_0BA@GILI@GetActiveWindow?$AA@ baa021d0     libcmt:crtmbox.obj
 0001:000011e0       ??_C@_0M@PKCK@MessageBoxA?$AA@ baa021e0     libcmt:crtmbox.obj
 0001:000011ec       ??_C@_0L@HKL@user32?4dll?$AA@ baa021ec     libcmt:crtmbox.obj
 0001:000011f8       ??_C@_07PCLE@LC_TIME?$AA@  baa021f8     libcmt:setlocal.obj
 0001:00001200       ??_C@_0L@NKG@LC_NUMERIC?$AA@ baa02200     libcmt:setlocal.obj
 0001:0000120c       ??_C@_0M@CBIH@LC_MONETARY?$AA@ baa0220c     libcmt:setlocal.obj
 0001:00001218       ??_C@_08LFGE@LC_CTYPE?$AA@ baa02218     libcmt:setlocal.obj
 0001:00001224       ??_C@_0L@CFLC@LC_COLLATE?$AA@ baa02224     libcmt:setlocal.obj
 0001:00001230       ??_C@_06GCPK@LC_ALL?$AA@   baa02230     libcmt:setlocal.obj
 0001:00001238       ??_C@_01FAJB@?$DL?$AA@     baa02238     libcmt:setlocal.obj
 0001:0000123c       ??_C@_02BGDO@?$DN?$DL?$AA@ baa0223c     libcmt:setlocal.obj
 0001:00001240       ??_C@_01KPOD@?$DN?$AA@     baa02240     libcmt:setlocal.obj
 0001:00001244       ??_C@_03DBOJ@_?4?0?$AA@    baa02244     libcmt:setlocal.obj
 0001:00001248       ??_C@_01PJCK@?4?$AA@       baa02248     libcmt:setlocal.obj
 0001:0000124c       ??_C@_01NON@_?$AA@         baa0224c     libcmt:setlocal.obj
 0001:00001268       ??_C@_06PAPI@1?$CDQNAN?$AA@ baa02268     libcmt:x10fout.obj
 0001:00001270       ??_C@_05BGNL@1?$CDINF?$AA@ baa02270     libcmt:x10fout.obj
 0001:00001278       ??_C@_05EDPF@1?$CDIND?$AA@ baa02278     libcmt:x10fout.obj
 0001:00001280       ??_C@_06LKFM@1?$CDSNAN?$AA@ baa02280     libcmt:x10fout.obj
 0001:00001288       ??_C@_03GAFO@_yn?$AA@      baa02288     libcmt:fpexcept.obj
 0001:0000128c       ??_C@_03GNLD@_y1?$AA@      baa0228c     libcmt:fpexcept.obj
 0001:00001290       ??_C@_03MHCE@_y0?$AA@      baa02290     libcmt:fpexcept.obj
 0001:00001294       ??_C@_05PAK@frexp?$AA@     baa02294     libcmt:fpexcept.obj
 0001:0000129c       ??_C@_04JKCH@fmod?$AA@     baa0229c     libcmt:fpexcept.obj
 0001:000012a4       ??_C@_06GGHF@_hypot?$AA@   baa022a4     libcmt:fpexcept.obj
 0001:000012ac       ??_C@_05JNMC@_cabs?$AA@    baa022ac     libcmt:fpexcept.obj
 0001:000012b4       ??_C@_05MEKH@ldexp?$AA@    baa022b4     libcmt:fpexcept.obj
 0001:000012bc       ??_C@_04KAOJ@modf?$AA@     baa022bc     libcmt:fpexcept.obj
 0001:000012c4       ??_C@_04EHAJ@fabs?$AA@     baa022c4     libcmt:fpexcept.obj
 0001:000012cc       ??_C@_05MFBN@floor?$AA@    baa022cc     libcmt:fpexcept.obj
 0001:000012d4       ??_C@_04JJMP@ceil?$AA@     baa022d4     libcmt:fpexcept.obj
 0001:000012dc       ??_C@_03JLPI@tan?$AA@      baa022dc     libcmt:fpexcept.obj
 0001:000012e0       ??_C@_03DLFL@cos?$AA@      baa022e0     libcmt:fpexcept.obj
 0001:000012e4       ??_C@_03JAMN@sin?$AA@      baa022e4     libcmt:fpexcept.obj
 0001:000012e8       ??_C@_04LMBE@sqrt?$AA@     baa022e8     libcmt:fpexcept.obj
 0001:000012f0       ??_C@_05BFPO@atan2?$AA@    baa022f0     libcmt:fpexcept.obj
 0001:000012f8       ??_C@_04EAGN@atan?$AA@     baa022f8     libcmt:fpexcept.obj
 0001:00001300       ??_C@_04OAMO@acos?$AA@     baa02300     libcmt:fpexcept.obj
 0001:00001308       ??_C@_04ELFI@asin?$AA@     baa02308     libcmt:fpexcept.obj
 0001:00001310       ??_C@_04LFAD@tanh?$AA@     baa02310     libcmt:fpexcept.obj
 0001:00001318       ??_C@_04PFKD@cosh?$AA@     baa02318     libcmt:fpexcept.obj
 0001:00001320       ??_C@_04NPAI@sinh?$AA@     baa02320     libcmt:fpexcept.obj
 0001:00001328       ??_C@_05IJHH@log10?$AA@    baa02328     libcmt:fpexcept.obj
 0001:00001330       ??_C@_03BGKD@log?$AA@      baa02330     libcmt:fpexcept.obj
 0001:00001334       ??_C@_03EGFG@pow?$AA@      baa02334     libcmt:fpexcept.obj
 0001:00001338       ??_C@_03CDGJ@exp?$AA@      baa02338     libcmt:fpexcept.obj
 0001:0000133c       ??_C@_08OBJD@Paraguay?$AA@ baa0233c     libcmt:getqloc.obj
 0001:00001348       ??_C@_07GLKH@Uruguay?$AA@  baa02348     libcmt:getqloc.obj
 0001:00001350       ??_C@_05FPFC@Chile?$AA@    baa02350     libcmt:getqloc.obj
 0001:00001358       ??_C@_07IIGF@Ecuador?$AA@  baa02358     libcmt:getqloc.obj
 0001:00001360       ??_C@_09PKAL@Argentina?$AA@ baa02360     libcmt:getqloc.obj
 0001:0000136c       ??_C@_04LKAH@Peru?$AA@     baa0236c     libcmt:getqloc.obj
 0001:00001374       ??_C@_08NEEM@Colombia?$AA@ baa02374     libcmt:getqloc.obj
 0001:00001380       ??_C@_09ODEB@Venezuela?$AA@ baa02380     libcmt:getqloc.obj
 0001:0000138c       ??_C@_0BD@CLEL@Dominican?5Republic?$AA@ baa0238c     libcmt:getqloc.obj
 0001:000013a0       ??_C@_0N@MDGL@South?5Africa?$AA@ baa023a0     libcmt:getqloc.obj
 0001:000013b0       ??_C@_06NKBG@Panama?$AA@   baa023b0     libcmt:getqloc.obj
 0001:000013b8       ??_C@_0L@BMHO@Luxembourg?$AA@ baa023b8     libcmt:getqloc.obj
 0001:000013c4       ??_C@_0L@IMDK@Costa?5Rica?$AA@ baa023c4     libcmt:getqloc.obj
 0001:000013d0       ??_C@_0M@BLJF@Switzerland?$AA@ baa023d0     libcmt:getqloc.obj
 0001:000013dc       ??_C@_09KBOL@Guatemala?$AA@ baa023dc     libcmt:getqloc.obj
 0001:000013e8       ??_C@_06JNAK@Canada?$AA@   baa023e8     libcmt:getqloc.obj
 0001:000013f0       ??_C@_0BG@OLLP@Spanish?5?9?5Modern?5Sort?$AA@ baa023f0     libcmt:getqloc.obj
 0001:00001408       ??_C@_09IDKE@Australia?$AA@ baa02408     libcmt:getqloc.obj
 0001:00001414       ??_C@_07JJJJ@English?$AA@  baa02414     libcmt:getqloc.obj
 0001:0000141c       ??_C@_07NMDO@Austria?$AA@  baa0241c     libcmt:getqloc.obj
 0001:00001424       ??_C@_06DEFE@German?$AA@   baa02424     libcmt:getqloc.obj
 0001:0000142c       ??_C@_07JAIH@Belgium?$AA@  baa0242c     libcmt:getqloc.obj
 0001:00001434       ??_C@_06BNLJ@Mexico?$AA@   baa02434     libcmt:getqloc.obj
 0001:0000143c       ??_C@_07JHAG@Spanish?$AA@  baa0243c     libcmt:getqloc.obj
 0001:00001444       ??_C@_06DADE@Basque?$AA@   baa02444     libcmt:getqloc.obj
 0001:0000144c       ??_C@_06ENFP@Sweden?$AA@   baa0244c     libcmt:getqloc.obj
 0001:00001454       ??_C@_07JPMH@Swedish?$AA@  baa02454     libcmt:getqloc.obj
 0001:0000145c       ??_C@_07IEKF@Iceland?$AA@  baa0245c     libcmt:getqloc.obj
 0001:00001464       ??_C@_09KNEA@Icelandic?$AA@ baa02464     libcmt:getqloc.obj
 0001:00001470       ??_C@_06IJOD@France?$AA@   baa02470     libcmt:getqloc.obj
 0001:00001478       ??_C@_06EINI@French?$AA@   baa02478     libcmt:getqloc.obj
 0001:00001480       ??_C@_07FOOE@Finland?$AA@  baa02480     libcmt:getqloc.obj
 0001:00001488       ??_C@_07OJOM@Finnish?$AA@  baa02488     libcmt:getqloc.obj
 0001:00001490       ??_C@_05FFAC@Spain?$AA@    baa02490     libcmt:getqloc.obj
 0001:00001498       ??_C@_0BL@BIHM@Spanish?5?9?5Traditional?5Sort?$AA@ baa02498     libcmt:getqloc.obj
 0001:000014b4       ??_C@_0O@GLHB@united?9states?$AA@ baa024b4     libcmt:getqloc.obj
 0001:000014c4       ??_C@_0P@IIKK@united?9kingdom?$AA@ baa024c4     libcmt:getqloc.obj
 0001:000014d4       ??_C@_0BC@FHBO@trinidad?5?$CG?5tobago?$AA@ baa024d4     libcmt:getqloc.obj
 0001:000014e8       ??_C@_0M@BDFM@south?9korea?$AA@ baa024e8     libcmt:getqloc.obj
 0001:000014f4       ??_C@_0N@CKFA@south?9africa?$AA@ baa024f4     libcmt:getqloc.obj
 0001:00001504       ??_C@_0M@HNHN@south?5korea?$AA@ baa02504     libcmt:getqloc.obj
 0001:00001510       ??_C@_0N@MKDO@south?5africa?$AA@ baa02510     libcmt:getqloc.obj
 0001:00001520       ??_C@_06KFFJ@slovak?$AA@   baa02520     libcmt:getqloc.obj
 0001:00001528       ??_C@_0M@NMAC@puerto?9rico?$AA@ baa02528     libcmt:getqloc.obj
 0001:00001534       ??_C@_08EJOH@pr?9china?$AA@ baa02534     libcmt:getqloc.obj
 0001:00001540       ??_C@_08CHMG@pr?5china?$AA@ baa02540     libcmt:getqloc.obj
 0001:0000154c       ??_C@_02OCJK@nz?$AA@       baa0254c     libcmt:getqloc.obj
 0001:00001550       ??_C@_0M@MMKA@new?9zealand?$AA@ baa02550     libcmt:getqloc.obj
 0001:0000155c       ??_C@_09MGEH@hong?9kong?$AA@ baa0255c     libcmt:getqloc.obj
 0001:00001568       ??_C@_07CCAK@holland?$AA@  baa02568     libcmt:getqloc.obj
 0001:00001570       ??_C@_0O@MEPL@great?5britain?$AA@ baa02570     libcmt:getqloc.obj
 0001:00001580       ??_C@_07LGIB@england?$AA@  baa02580     libcmt:getqloc.obj
 0001:00001588       ??_C@_05BMOA@czech?$AA@    baa02588     libcmt:getqloc.obj
 0001:00001590       ??_C@_05NMPB@china?$AA@    baa02590     libcmt:getqloc.obj
 0001:00001598       ??_C@_07GN@britain?$AA@    baa02598     libcmt:getqloc.obj
 0001:000015a0       ??_C@_07DLAK@america?$AA@  baa025a0     libcmt:getqloc.obj
 0001:000015a8       ??_C@_03IPEP@usa?$AA@      baa025a8     libcmt:getqloc.obj
 0001:000015ac       ??_C@_02PILH@us?$AA@       baa025ac     libcmt:getqloc.obj
 0001:000015b0       ??_C@_02FHP@uk?$AA@        baa025b0     libcmt:getqloc.obj
 0001:000015b4       ??_C@_05DEAI@swiss?$AA@    baa025b4     libcmt:getqloc.obj
 0001:000015bc       ??_C@_0BA@LIAF@swedish?9finland?$AA@ baa025bc     libcmt:getqloc.obj
 0001:000015cc       ??_C@_0BC@FMEG@spanish?9venezuela?$AA@ baa025cc     libcmt:getqloc.obj
 0001:000015e0       ??_C@_0BA@BNMG@spanish?9uruguay?$AA@ baa025e0     libcmt:getqloc.obj
 0001:000015f0       ??_C@_0BE@BKDJ@spanish?9puerto?5rico?$AA@ baa025f0     libcmt:getqloc.obj
 0001:00001604       ??_C@_0N@JIBL@spanish?9peru?$AA@ baa02604     libcmt:getqloc.obj
 0001:00001614       ??_C@_0BB@OGOF@spanish?9paraguay?$AA@ baa02614     libcmt:getqloc.obj
 0001:00001628       ??_C@_0P@LLFA@spanish?9panama?$AA@ baa02628     libcmt:getqloc.obj
 0001:00001638       ??_C@_0BC@BBJM@spanish?9nicaragua?$AA@ baa02638     libcmt:getqloc.obj
 0001:0000164c       ??_C@_0P@NJBN@spanish?9modern?$AA@ baa0264c     libcmt:getqloc.obj
 0001:0000165c       ??_C@_0BA@NHDN@spanish?9mexican?$AA@ baa0265c     libcmt:getqloc.obj
 0001:0000166c       ??_C@_0BB@JHOJ@spanish?9honduras?$AA@ baa0266c     libcmt:getqloc.obj
 0001:00001680       ??_C@_0BC@BOOM@spanish?9guatemala?$AA@ baa02680     libcmt:getqloc.obj
 0001:00001694       ??_C@_0BE@EELI@spanish?9el?5salvador?$AA@ baa02694     libcmt:getqloc.obj
 0001:000016a8       ??_C@_0BA@POAE@spanish?9ecuador?$AA@ baa026a8     libcmt:getqloc.obj
 0001:000016b8       ??_C@_0BL@LDKN@spanish?9dominican?5republic?$AA@ baa026b8     libcmt:getqloc.obj
 0001:000016d4       ??_C@_0BD@HPMH@spanish?9costa?5rica?$AA@ baa026d4     libcmt:getqloc.obj
 0001:000016e8       ??_C@_0BB@NDDK@spanish?9colombia?$AA@ baa026e8     libcmt:getqloc.obj
 0001:000016fc       ??_C@_0O@BJHA@spanish?9chile?$AA@ baa026fc     libcmt:getqloc.obj
 0001:0000170c       ??_C@_0BA@OBNG@spanish?9bolivia?$AA@ baa0270c     libcmt:getqloc.obj
 0001:0000171c       ??_C@_0BC@EFAM@spanish?9argentina?$AA@ baa0271c     libcmt:getqloc.obj
 0001:00001730       ??_C@_0BF@KMMM@portuguese?9brazilian?$AA@ baa02730     libcmt:getqloc.obj
 0001:00001748       ??_C@_0BC@BAAE@norwegian?9nynorsk?$AA@ baa02748     libcmt:getqloc.obj
 0001:0000175c       ??_C@_0BB@PBHK@norwegian?9bokmal?$AA@ baa0275c     libcmt:getqloc.obj
 0001:00001770       ??_C@_09EHKL@norwegian?$AA@ baa02770     libcmt:getqloc.obj
 0001:0000177c       ??_C@_0O@BEAN@italian?9swiss?$AA@ baa0277c     libcmt:getqloc.obj
 0001:0000178c       ??_C@_0O@OIFK@irish?9english?$AA@ baa0278c     libcmt:getqloc.obj
 0001:0000179c       ??_C@_0N@NBPL@german?9swiss?$AA@ baa0279c     libcmt:getqloc.obj
 0001:000017ac       ??_C@_0BC@ICFJ@german?9luxembourg?$AA@ baa027ac     libcmt:getqloc.obj
 0001:000017c0       ??_C@_0BE@GGPC@german?9lichtenstein?$AA@ baa027c0     libcmt:getqloc.obj
 0001:000017d4       ??_C@_0BA@MKDC@german?9austrian?$AA@ baa027d4     libcmt:getqloc.obj
 0001:000017e4       ??_C@_0N@ODNB@french?9swiss?$AA@ baa027e4     libcmt:getqloc.obj
 0001:000017f4       ??_C@_0BC@MGCM@french?9luxembourg?$AA@ baa027f4     libcmt:getqloc.obj
 0001:00001808       ??_C@_0BA@NABK@french?9canadian?$AA@ baa02808     libcmt:getqloc.obj
 0001:00001818       ??_C@_0P@CJNO@french?9belgian?$AA@ baa02818     libcmt:getqloc.obj
 0001:00001828       ??_C@_0M@LJOL@english?9usa?$AA@ baa02828     libcmt:getqloc.obj
 0001:00001834       ??_C@_0L@FMNC@english?9us?$AA@ baa02834     libcmt:getqloc.obj
 0001:00001840       ??_C@_0L@KBBK@english?9uk?$AA@ baa02840     libcmt:getqloc.obj
 0001:0000184c       ??_C@_0BK@NDDE@english?9trinidad?5y?5tobago?$AA@ baa0284c     libcmt:getqloc.obj
 0001:00001868       ??_C@_0BF@LKML@english?9south?5africa?$AA@ baa02868     libcmt:getqloc.obj
 0001:00001880       ??_C@_0L@EGPP@english?9nz?$AA@ baa02880     libcmt:getqloc.obj
 0001:0000188c       ??_C@_0BA@HLH@english?9jamaica?$AA@ baa0288c     libcmt:getqloc.obj
 0001:0000189c       ??_C@_0M@PMJI@english?9ire?$AA@ baa0289c     libcmt:getqloc.obj
 0001:000018a8       ??_C@_0BC@HINE@english?9caribbean?$AA@ baa028a8     libcmt:getqloc.obj
 0001:000018bc       ??_C@_0M@DCFH@english?9can?$AA@ baa028bc     libcmt:getqloc.obj
 0001:000018c8       ??_C@_0P@DGHK@english?9belize?$AA@ baa028c8     libcmt:getqloc.obj
 0001:000018d8       ??_C@_0M@FLHK@english?9aus?$AA@ baa028d8     libcmt:getqloc.obj
 0001:000018e4       ??_C@_0BB@HNCK@english?9american?$AA@ baa028e4     libcmt:getqloc.obj
 0001:000018f8       ??_C@_0O@PAMI@dutch?9belgian?$AA@ baa028f8     libcmt:getqloc.obj
 0001:00001908       ??_C@_0BE@FPEJ@chinese?9traditional?$AA@ baa02908     libcmt:getqloc.obj
 0001:0000191c       ??_C@_0BC@CHFL@chinese?9singapore?$AA@ baa0291c     libcmt:getqloc.obj
 0001:00001930       ??_C@_0BD@DCMH@chinese?9simplified?$AA@ baa02930     libcmt:getqloc.obj
 0001:00001944       ??_C@_0BB@JMOE@chinese?9hongkong?$AA@ baa02944     libcmt:getqloc.obj
 0001:00001958       ??_C@_07NGFN@chinese?$AA@  baa02958     libcmt:getqloc.obj
 0001:00001960       ??_C@_03PCOI@chi?$AA@      baa02960     libcmt:getqloc.obj
 0001:00001964       ??_C@_03FIHP@chh?$AA@      baa02964     libcmt:getqloc.obj
 0001:00001968       ??_C@_08HFLO@canadian?$AA@ baa02968     libcmt:getqloc.obj
 0001:00001974       ??_C@_07INIJ@belgian?$AA@  baa02974     libcmt:getqloc.obj
 0001:0000197c       ??_C@_0L@LCCA@australian?$AA@ baa0297c     libcmt:getqloc.obj
 0001:00001988       ??_C@_0BB@BJIO@american?9english?$AA@ baa02988     libcmt:getqloc.obj
 0001:0000199c       ??_C@_0BB@DAGO@american?5english?$AA@ baa0299c     libcmt:getqloc.obj
 0001:000019b0       ??_C@_08HENB@american?$AA@ baa029b0     libcmt:getqloc.obj
 0001:000019bc       ??_C@_03DGJE@OCP?$AA@      baa029bc     libcmt:getqloc.obj
 0001:000019c0       ??_C@_03EKFG@ACP?$AA@      baa029c0     libcmt:getqloc.obj
 0001:000019c4       ??_C@_07CJME@H?3mm?3ss?$AA@ baa029c4     libcmt:strftime.obj
 0001:000019cc       ??_C@_0BE@MHI@dddd?0?5MMMM?5dd?0?5yyyy?$AA@ baa029cc     libcmt:strftime.obj
 0001:000019e0       ??_C@_06HCAD@M?1d?1yy?$AA@ baa029e0     libcmt:strftime.obj
 0001:000019e8       ??_C@_02DBLP@PM?$AA@       baa029e8     libcmt:strftime.obj
 0001:000019ec       ??_C@_02ENLM@AM?$AA@       baa029ec     libcmt:strftime.obj
 0001:000019f0       ??_C@_08LIDF@December?$AA@ baa029f0     libcmt:strftime.obj
 0001:000019fc       ??_C@_08NJLI@November?$AA@ baa029fc     libcmt:strftime.obj
 0001:00001a08       ??_C@_07IAMM@October?$AA@  baa02a08     libcmt:strftime.obj
 0001:00001a10       ??_C@_09MKGD@September?$AA@ baa02a10     libcmt:strftime.obj
 0001:00001a1c       ??_C@_06PADP@August?$AA@   baa02a1c     libcmt:strftime.obj
 0001:00001a24       ??_C@_04PIJO@July?$AA@     baa02a24     libcmt:strftime.obj
 0001:00001a2c       ??_C@_04ICFP@June?$AA@     baa02a2c     libcmt:strftime.obj
 0001:00001a34       ??_C@_05JFGC@April?$AA@    baa02a34     libcmt:strftime.obj
 0001:00001a3c       ??_C@_05FGPD@March?$AA@    baa02a3c     libcmt:strftime.obj
 0001:00001a44       ??_C@_08PGBA@February?$AA@ baa02a44     libcmt:strftime.obj
 0001:00001a50       ??_C@_07BPKJ@January?$AA@  baa02a50     libcmt:strftime.obj
 0001:00001a58       ??_C@_03PGJO@Dec?$AA@      baa02a58     libcmt:strftime.obj
 0001:00001a5c       ??_C@_03PDLM@Nov?$AA@      baa02a5c     libcmt:strftime.obj
 0001:00001a60       ??_C@_03BLHK@Oct?$AA@      baa02a60     libcmt:strftime.obj
 0001:00001a64       ??_C@_03DPFM@Sep?$AA@      baa02a64     libcmt:strftime.obj
 0001:00001a68       ??_C@_03CMCH@Aug?$AA@      baa02a68     libcmt:strftime.obj
 0001:00001a6c       ??_C@_03OBKI@Jul?$AA@      baa02a6c     libcmt:strftime.obj
 0001:00001a70       ??_C@_03LEIG@Jun?$AA@      baa02a70     libcmt:strftime.obj
 0001:00001a74       ??_C@_03MGHB@May?$AA@      baa02a74     libcmt:strftime.obj
 0001:00001a78       ??_C@_03MJJM@Apr?$AA@      baa02a78     libcmt:strftime.obj
 0001:00001a7c       ??_C@_03GNHA@Mar?$AA@      baa02a7c     libcmt:strftime.obj
 0001:00001a80       ??_C@_03PICE@Feb?$AA@      baa02a80     libcmt:strftime.obj
 0001:00001a84       ??_C@_03IEIF@Jan?$AA@      baa02a84     libcmt:strftime.obj
 0001:00001a88       ??_C@_08FAKH@Saturday?$AA@ baa02a88     libcmt:strftime.obj
 0001:00001a94       ??_C@_06ONCK@Friday?$AA@   baa02a94     libcmt:strftime.obj
 0001:00001a9c       ??_C@_08CCFO@Thursday?$AA@ baa02a9c     libcmt:strftime.obj
 0001:00001aa8       ??_C@_09PBIN@Wednesday?$AA@ baa02aa8     libcmt:strftime.obj
 0001:00001ab4       ??_C@_07BMBC@Tuesday?$AA@  baa02ab4     libcmt:strftime.obj
 0001:00001abc       ??_C@_06CHLK@Monday?$AA@   baa02abc     libcmt:strftime.obj
 0001:00001ac4       ??_C@_06OOEM@Sunday?$AA@   baa02ac4     libcmt:strftime.obj
 0001:00001acc       ??_C@_03MPKK@Sat?$AA@      baa02acc     libcmt:strftime.obj
 0001:00001ad0       ??_C@_03FINJ@Fri?$AA@      baa02ad0     libcmt:strftime.obj
 0001:00001ad4       ??_C@_03HIKC@Thu?$AA@      baa02ad4     libcmt:strftime.obj
 0001:00001ad8       ??_C@_03HECK@Wed?$AA@      baa02ad8     libcmt:strftime.obj
 0001:00001adc       ??_C@_03ECCP@Tue?$AA@      baa02adc     libcmt:strftime.obj
 0001:00001ae0       ??_C@_03PIEP@Mon?$AA@      baa02ae0     libcmt:strftime.obj
 0001:00001ae4       ??_C@_03FHEP@Sun?$AA@      baa02ae4     libcmt:strftime.obj
 0001:00001ae8       ??_C@_03MKGK@a?1p?$AA@     baa02ae8     libcmt:strftime.obj
 0001:00001aec       ??_C@_05BDJK@am?1pm?$AA@   baa02aec     libcmt:strftime.obj
 0001:00001b10       ___dnames                  baa02b10     libcmt:timeset.obj
 0001:00001b28       ___mnames                  baa02b28     libcmt:timeset.obj
 0001:00001b50       ??_C@_02JHIA@TZ?$AA@       baa02b50     libcmt:tzset.obj
 0001:00001bc0       __setdefaultprecision      baa02bc0 f   fp10.obj
 0001:00001bd0       _DllMain@12                baa02bd0 f   ddfx95.obj
 0001:00001bff       _DriverInit@4              baa02bff f   ddfx95.obj
 0001:00001eb0       _DrvGetDirectDrawInfo@24   baa02eb0 f   ddinit.obj
 0001:00002227       _DrvEnableDirectDraw@16    baa03227 f   ddinit.obj
 0001:00002393       _fxinit@8                  baa03393 f   ddinit.obj
 0001:00002800       _DdCanCreateSurface@4      baa03800 f   ddsurf.obj
 0001:00002b7f       _DdCreateSurface@4         baa03b7f f   ddsurf.obj
 0001:00004005       _DdDestroySurface@4        baa05005 f   ddsurf.obj
 0001:00004489       _DdLock@4                  baa05489 f   ddsurf.obj
 0001:00004b89       _DdUnlock@4                baa05b89 f   ddsurf.obj
 0001:00004e7e       _DdAddAttachedSurface@4    baa05e7e f   ddsurf.obj
 0001:000053c2       _DdSetSurfaceColorKey@4    baa063c2 f   ddsurf.obj
 0001:00005423       _FXGETBUSYSTATUS           baa06423 f   ddsurf.obj
 0001:00005523       _unpad_dxt1                baa06523 f   ddsurf.obj
 0001:00005563       _pad_dxt1                  baa06563 f   ddsurf.obj
 0001:000055b0       _DdFlip@4                  baa065b0 f   ddflip.obj
 0001:0000694f       _Convert16BitToTGAFormat   baa0794f f   ddflip.obj
 0001:00006a66       _Convert32BitToTGAFormat   baa07a66 f   ddflip.obj
 0001:00006b54       _DdGetFlipStatus@4         baa07b54 f   ddflip.obj
 0001:00006c94       _DdWaitForVerticalBlank@4  baa07c94 f   ddflip.obj
 0001:00006dc4       _DdGetScanLine@4           baa07dc4 f   ddflip.obj
 0001:00006e60       _DdFlipToGDISurface@4      baa07e60 f   ddflip.obj
 0001:00007933       _FXGETFLIPSTATUS           baa08933 f   ddflip.obj
 0001:00007959       _FXINVERTICALBLANK         baa08959 f   ddflip.obj
 0001:000079c3       _FXGETSCANLINE             baa089c3 f   ddflip.obj
 0001:000079e6       _Set_Busy                  baa089e6 f   ddflip.obj
 0001:000079ff       _Promote_CmdFifoToAGP      baa089ff f   ddflip.obj
 0001:00007e2e       _Demote_CmdFifoFromAGP     baa08e2e f   ddflip.obj
 0001:000080b5       _DoConfig                  baa090b5 f   ddflip.obj
 0001:00008111       _DoBitCopy                 baa09111 f   ddflip.obj
 0001:0000815f       _DoBitAndCopy              baa0915f f   ddflip.obj
 0001:000081c6       _DoBitXorCopy              baa091c6 f   ddflip.obj
 0001:0000822d       _HostRestoreCursor         baa0922d f   ddflip.obj
 0001:0000838b       _HostDrawCursor            baa0938b f   ddflip.obj
 0001:00008672       _bumpAgp                   baa09672 f   ddflip.obj
 0001:000086d0       _flushAgp                  baa096d0 f   ddflip.obj
 0001:000086ff       _myWrapAgp                 baa096ff f   ddflip.obj
 0001:00008759       _myAgpEpilog               baa09759 f   ddflip.obj
 0001:000087d3       _DoKMTV                    baa097d3 f   ddflip.obj
 0001:00008c00       _DdDestroyDriver@4         baa09c00 f   ddfxs32.obj
 0001:00008c48       _DdSetExclusiveMode@4      baa09c48 f   ddfxs32.obj
 0001:00008d00       _DdSetDrvColorKey@4        baa09d00 f   ddfxs32.obj
 0001:00008d13       _DdSetPalette@4            baa09d13 f   ddfxs32.obj
 0001:00008d88       _DdCreatePalette@4         baa09d88 f   ddfxs32.obj
 0001:00008dff       _DdDestroyPalette@4        baa09dff f   ddfxs32.obj
 0001:00008e74       _DdSetEntries@4            baa09e74 f   ddfxs32.obj
 0001:00008ee9       _Enter_3DApplication       baa09ee9 f   ddfxs32.obj
 0001:0000925f       _Exit_3DApplication        baa0a25f f   ddfxs32.obj
 0001:0000952f       _Promote_PrimaryToOverlay  baa0a52f f   ddfxs32.obj
 0001:00009be2       _Demote_PrimaryFromOverlay baa0abe2 f   ddfxs32.obj
 0001:00009cc3       _Clear_SLIAA_Buffers       baa0acc3 f   ddfxs32.obj
 0001:0000a19e       _LOADGAMMA                 baa0b19e f   ddfxs32.obj
 0001:0000a46c       _RESTOREGAMMA              baa0b46c f   ddfxs32.obj
 0001:0000a56c       _SETPALETTE                baa0b56c f   ddfxs32.obj
 0001:0000a6af       _Exponential               baa0b6af f   ddfxs32.obj
 0001:0000a786       _Logarithm                 baa0b786 f   ddfxs32.obj
 0001:0000a82a       _RetrieveFromRegistry      baa0b82a f   ddfxs32.obj
 0001:0000a881       _GetLog2                   baa0b881 f   ddfxs32.obj
 0001:0000a8b6       _Promote_DeviceToSLIAA     baa0b8b6 f   ddfxs32.obj
 0001:0000af37       _Demote_DeviceFromSLIAA    baa0bf37 f   ddfxs32.obj
 0001:0000b1d5       _GetProcessFileName        baa0c1d5 f   ddfxs32.obj
 0001:0000b2af       _IsBadApp                  baa0c2af f   ddfxs32.obj
 0001:0000b41f       _Compute_SLIAA_Config      baa0c41f f   ddfxs32.obj
 0001:0000bdf9       _SwitchToHostCursor        baa0cdf9 f   ddfxs32.obj
 0001:0000be34       _MoveTileMark              baa0ce34 f   ddfxs32.obj
 0001:0000bf54       _TwoPpcInit                baa0cf54 f   ddfxs32.obj
 0001:0000bfc0       _VRwriteSubID              baa0cfc0 f   ddinit32.obj
 0001:0000c03a       _DdGetAvailDriverMemory@4  baa0d03a f   ddinit32.obj
 0001:0000c180       _DdGetDriverInfo@4         baa0d180 f   ddinit32.obj
 0001:0000ccff       _ddgetenv                  baa0dcff f   ddinit32.obj
 0001:0000d1c0       _DdGetBltStatus@4          baa0e1c0 f   ddblt32.obj
 0001:0000d256       _DdBlt@4                   baa0e256 f   ddblt32.obj
 0001:0000dfd6       _Blt32_ColorFill@12        baa0efd6 f   ddblt32.obj
 0001:0000e5a0       _Blt32_DoBltNoSP@16        baa0f5a0 f   ddblt32.obj
 0001:0000ec67       _Blt32_DoBltS@20           baa0fc67 f   ddblt32.obj
 0001:000112e5       _Blt32_SystemToVideo@24    baa122e5 f   ddblt32.obj
 0001:00012491       _Blt32_CopyFourCC@20       baa13491 f   ddblt32.obj
 0001:00013f00       _ddDebugPrint              baa14f00 f   ddtrace.obj
 0001:00013f2f       _Msg                       baa14f2f f   ddtrace.obj
 0001:00013fa4       _DUMP_DDSCAPS              baa14fa4 f   ddtrace.obj
 0001:00014276       _DUMP_DDCAPS               baa15276 f   ddtrace.obj
 0001:0001466c       _DUMP_DDFXALPHACAPS        baa1566c f   ddtrace.obj
 0001:000147ad       _DUMP_DDFXCAPS             baa157ad f   ddtrace.obj
 0001:00014b04       _DUMP_DDSD_FLAGS           baa15b04 f   ddtrace.obj
 0001:00014d02       _DUMP_DDRAWIGBL_FLAGS      baa15d02 f   ddtrace.obj
 0001:00014ecb       _DUMP_DDRAWISURFGBL_FLAGS  baa15ecb f   ddtrace.obj
 0001:00014f0e       _DUMP_DDRAWISURFLCL_FLAGS  baa15f0e f   ddtrace.obj
 0001:00015257       _DUMP_PIXELFORMAT          baa16257 f   ddtrace.obj
 0001:0001549b       _DUMP_RECTL                baa1649b f   ddtrace.obj
 0001:000154d0       _DUMP_BLTFX                baa164d0 f   ddtrace.obj
 0001:00015b37       _DUMP_BLTROPFLAGS          baa16b37 f   ddtrace.obj
 0001:00015b55       _DUMP_BLTFLAGS             baa16b55 f   ddtrace.obj
 0001:00015ece       _DUMP_BLTDATA              baa16ece f   ddtrace.obj
 0001:00015ff1       _DUMP_DIRECTDRAW_GBL       baa16ff1 f   ddtrace.obj
 0001:0001624b       _DUMP_DDRAWSURFACE_GBL     baa1724b f   ddtrace.obj
 0001:00016384       _DUMP_DDRAWSURFACE_LCL     baa17384 f   ddtrace.obj
 0001:00016448       _DUMP_VIDMEM               baa17448 f   ddtrace.obj
 0001:00016523       _DUMP_VIDMEMINFO           baa17523 f   ddtrace.obj
 0001:00016681       _DUMP_SURFACEDESC          baa17681 f   ddtrace.obj
 0001:000168ba       _DUMP_DDHAL                baa178ba f   ddtrace.obj
 0001:00016924       _DUMP_LOCK_FLAGS           baa17924 f   ddtrace.obj
 0001:000169d9       _DUMP_LOCKDATA             baa179d9 f   ddtrace.obj
 0001:00016a9f       _DUMP_WAITFORVERTICALBLANKDATA baa17a9f f   ddtrace.obj
 0001:00016bae       _DUMP_GETSCANLINE          baa17bae f   ddtrace.obj
 0001:00016bfa       _DUMP_DDHAL_GETBLTSTATUSDATA baa17bfa f   ddtrace.obj
 0001:00016c85       _DUMP_GETFLIPSTATUSDATA    baa17c85 f   ddtrace.obj
 0001:00016d10       _DUMP_DDHAL_FLIPDATA       baa17d10 f   ddtrace.obj
 0001:00016dba       _DUMP_DDCOLORKEY           baa17dba f   ddtrace.obj
 0001:00016e06       _DUMP_DDHAL_DESTROYSURFACEDATA baa17e06 f   ddtrace.obj
 0001:00016e62       _DUMP_DDHAL_SETMODEDATA    baa17e62 f   ddtrace.obj
 0001:00016eae       _DUMP_SETSURFACECOLORKEY32 baa17eae f   ddtrace.obj
 0001:00016f1c       _DUMP_DRAWSURFACE_INT      baa17f1c f   ddtrace.obj
 0001:00016fc6       _DUMP_DRAWPALETTE_INT      baa17fc6 f   ddtrace.obj
 0001:00017070       _DUMP_DRAWCLIPPER_INT      baa18070 f   ddtrace.obj
 0001:0001711a       _DUMP_CREATEPALETTEDATA    baa1811a f   ddtrace.obj
 0001:000171b2       _DUMP_DDRAWPALETTE_GBL     baa181b2 f   ddtrace.obj
 0001:00017236       _DUMP_DDRAWIPAL_FLAGS      baa18236 f   ddtrace.obj
 0001:000173f3       _SSTSTAT                   baa183f3 f   ddtrace.obj
 0001:00017cf0       _memMgr_allocSurface       baa18cf0 f   ddmemmgr.obj
 0001:00018468       _memMgr_allocSecondary     baa19468 f   ddmemmgr.obj
 0001:00018828       _memMgr_freeSurface        baa19828 f   ddmemmgr.obj
 0001:0001890e       _HwPtrToLfbPtr             baa1990e f   ddmemmgr.obj
 0001:000189c2       _LfbPtrToHwPtr             baa199c2 f   ddmemmgr.obj
 0001:00018ae2       _AdjustLfbPtr              baa19ae2 f   ddmemmgr.obj
 0001:00018b6b       _AdjustHwPtr               baa19b6b f   ddmemmgr.obj
 0001:00018c50       _ddatoi                    baa19c50 f   runtime.obj
 0001:00018d35       _dd_itof_inv               baa19d35 f   runtime.obj
 0001:00018d43       _ddftol                    baa19d43 f   runtime.obj
 0001:00018df2       _dddtol                    baa19df2 f   runtime.obj
 0001:00018ec3       _ddatof                    baa19ec3 f   runtime.obj
 0001:00019031       _ddsscanf                  baa1a031 f   runtime.obj
 0001:00019269       _ddxtoa                    baa1a269 f   runtime.obj
 0001:00019333       _dditoa                    baa1a333 f   runtime.obj
 0001:000193db       _ddxtoi                    baa1a3db f   runtime.obj
 0001:00019445       _ddpow                     baa1a445 f   runtime.obj
 0001:0001946b       _regGetDouble              baa1a46b f   runtime.obj
 0001:000194b9       _regGetDword               baa1a4b9 f   runtime.obj
 0001:00019501       _int_exp                   baa1a501 f   runtime.obj
 0001:00019548       _MY_LN                     baa1a548 f   runtime.obj
 0001:000195fc       _pow_4_R                   baa1a5fc f   runtime.obj
 0001:00019710       _IOControl                 baa1a710 f   ddvpe32.obj
 0001:0001978f       _UpdateIMask               baa1a78f f   ddvpe32.obj
 0001:000197b2       _vpCanCreateVideoPort32@4  baa1a7b2 f   ddvpe32.obj
 0001:0001993e       _vpCreateVideoPort32@4     baa1a93e f   ddvpe32.obj
 0001:00019d1b       _vpFlipVideoPort32@4       baa1ad1b f   ddvpe32.obj
 0001:00019e97       _vpGetVideoPortBandwidth32@4 baa1ae97 f   ddvpe32.obj
 0001:0001a0fb       _vpGetVideoPortInputFormats32@4 baa1b0fb f   ddvpe32.obj
 0001:0001a27a       _vpGetVideoPortOutputFormats32@4 baa1b27a f   ddvpe32.obj
 0001:0001a514       _vpGetVideoPortField32@4   baa1b514 f   ddvpe32.obj
 0001:0001a5ab       _vpGetVideoPortLine32@4    baa1b5ab f   ddvpe32.obj
 0001:0001a606       _vpGetVideoPortConnectInfo32@4 baa1b606 f   ddvpe32.obj
 0001:0001a8cf       _vpDestroyVideoPort32@4    baa1b8cf f   ddvpe32.obj
 0001:0001a9aa       _vpGetVideoPortFlipstatus32@4 baa1b9aa f   ddvpe32.obj
 0001:0001aaa7       _vpUpdateVideoPort32@4     baa1baa7 f   ddvpe32.obj
 0001:0001b941       _vpWaitForVideoPortSync32@4 baa1c941 f   ddvpe32.obj
 0001:0001bae0       _vpGetVideoSignalStatus32@4 baa1cae0 f   ddvpe32.obj
 0001:0001bc21       _vpColorControl32@4        baa1cc21 f   ddvpe32.obj
 0001:0001bc89       _ovlColorControl32@4       baa1cc89 f   ddvpe32.obj
 0001:0001bcee       _kSyncSurfaceData32@4      baa1ccee f   ddvpe32.obj
 0001:0001be4e       _kSyncVideoportData32@4    baa1ce4e f   ddvpe32.obj
 0001:0001beb7       _H3_VMI_Disable            baa1ceb7 f   ddvpe32.obj
 0001:0001bf25       _H3_VMI_Enable_Func        baa1cf25 f   ddvpe32.obj
 0001:0001bf90       _H3_VMI_Reset              baa1cf90 f   ddvpe32.obj
 0001:0001bfd6       _H3_VMI_SetDecimation      baa1cfd6 f   ddvpe32.obj
 0001:0001c8eb       _H3_InitBandwidth          baa1d8eb f   ddvpe32.obj
 0001:0001ca78       _H3_InitializeAll          baa1da78 f   ddvpe32.obj
 0001:0001cbfe       _H3_Calculate_Bandwidth    baa1dbfe f   ddvpe32.obj
 0001:0001cfe0       _SetOverlayPosition32@4    baa1dfe0 f   ddovl32.obj
 0001:0001d256       _UpdateOverlay32@4         baa1e256 f   ddovl32.obj
 0001:0001f20e       _FlipOverlaySurface        baa2020e f   ddovl32.obj
 0001:0001f446       _CanCreateOverlaySurface   baa20446 f   ddovl32.obj
 0001:0001f668       _CreateOverlaySurface      baa20668 f   ddovl32.obj
 0001:00020029       _DestroyOverlaySurface     baa21029 f   ddovl32.obj
 0001:000203ce       _ConvertYV12               baa213ce f   ddovl32.obj
 0001:00020597       _UnlockOverlaySurface      baa21597 f   ddovl32.obj
 0001:0002064d       _SetBltParams              baa2164d f   ddovl32.obj
 0001:00020dd3       _Get_ScalingFactor         baa21dd3 f   ddovl32.obj
 0001:00020eb4       _ShrinkOverlaySurface      baa21eb4 f   ddovl32.obj
 0001:000219e1       _shrinkTexture             baa229e1 f   ddovl32.obj
 0001:000224f0       _I2C_OUT                   baa234f0 f   i2cfx.obj
 0001:0002265e       _I2C_REL                   baa2365e f   i2cfx.obj
 0001:000226e9       _I2C_IN                    baa236e9 f   i2cfx.obj
 0001:0002279e       _I2C_START                 baa2379e f   i2cfx.obj
 0001:000227fa       _I2C_STOP                  baa237fa f   i2cfx.obj
 0001:0002282f       _I2C_SENDACK               baa2382f f   i2cfx.obj
 0001:00022884       _I2C_SENDNACK              baa23884 f   i2cfx.obj
 0001:000228d9       _I2C_ACK                   baa238d9 f   i2cfx.obj
 0001:0002292d       _I2C_INIT                  baa2392d f   i2cfx.obj
 0001:000229b4       _I2C_WBYTE                 baa239b4 f   i2cfx.obj
 0001:00022a55       _GETREGPTR                 baa23a55 f   i2cfx.obj
 0001:00022b21       _WRITEI2CREG               baa23b21 f   i2cfx.obj
 0001:00022c08       _READI2CREGCACHE           baa23c08 f   i2cfx.obj
 0001:00022c3a       _READI2CSTATUS             baa23c3a f   i2cfx.obj
 0001:00022cf9       _WRITEI2CDATA              baa23cf9 f   i2cfx.obj
 0001:00022d8e       _READI2CDATA               baa23d8e f   i2cfx.obj
 0001:00022f1b       _I2CDEV_INIT               baa23f1b f   i2cfx.obj
 0001:000230e4       _I2CDEV_CLOSE              baa240e4 f   i2cfx.obj
 0001:000231b0       _mmEvict32                 baa241b0 f   memmgr32.obj
 0001:000231ec       _mmReclaim32               baa241ec f   memmgr32.obj
 0001:00023230       _fogGenerateLinear_K62O    baa24230 f   k6_2.obj
 0001:000232c0       _xBltDSa@36                baa242c0 f   ddsliblt.obj
 0001:000232ce       _xBltDSan@36               baa242ce f   ddsliblt.obj
 0001:000232dc       _xBltDSna@36               baa242dc f   ddsliblt.obj
 0001:000232ea       _xBltDSno@36               baa242ea f   ddsliblt.obj
 0001:000232f8       _xBltDSo@36                baa242f8 f   ddsliblt.obj
 0001:00023306       _xBltDSon@36               baa24306 f   ddsliblt.obj
 0001:00023314       _xBltDSx@36                baa24314 f   ddsliblt.obj
 0001:00023322       _xBltDSxn@36               baa24322 f   ddsliblt.obj
 0001:00023330       _xBltS@36                  baa24330 f   ddsliblt.obj
 0001:00023bbd       _xBltSDna@36               baa24bbd f   ddsliblt.obj
 0001:00023bc4       _xBltSDno@36               baa24bc4 f   ddsliblt.obj
 0001:00023bcb       _xBltSn@36                 baa24bcb f   ddsliblt.obj
 0001:00023bd2       _bltDSa@36                 baa24bd2 f   ddsliblt.obj
 0001:00023cec       _bltDSan@36                baa24cec f   ddsliblt.obj
 0001:00023e10       _bltDSna@36                baa24e10 f   ddsliblt.obj
 0001:00023f34       _bltDSno@36                baa24f34 f   ddsliblt.obj
 0001:00024058       _bltDSo@36                 baa25058 f   ddsliblt.obj
 0001:00024172       _bltDSon@36                baa25172 f   ddsliblt.obj
 0001:00024296       _bltDSx@36                 baa25296 f   ddsliblt.obj
 0001:000243b0       _bltDSxn@36                baa253b0 f   ddsliblt.obj
 0001:000244d4       _bltNop@36                 baa254d4 f   ddsliblt.obj
 0001:000244db       _bltS@36                   baa254db f   ddsliblt.obj
 0001:0002453c       _bltSDna@36                baa2553c f   ddsliblt.obj
 0001:00024660       _bltSDno@36                baa25660 f   ddsliblt.obj
 0001:00024784       _bltSn@36                  baa25784 f   ddsliblt.obj
 0001:00024867       _initBuffer                baa25867 f   ddsliblt.obj
 0001:00024926       _fillScanAND               baa25926 f   ddsliblt.obj
 0001:000249f3       _fillScanOR                baa259f3 f   ddsliblt.obj
 0001:00024ac0       _fillScanSRC               baa25ac0 f   ddsliblt.obj
 0001:00024ae0       _sli_ColorFill@12          baa25ae0 f   ddsliblt.obj
 0001:00024bf5       _sli_ColorFillZ@12         baa25bf5 f   ddsliblt.obj
 0001:00024e60       _sli_PuntColorFillZ@8      baa25e60 f   ddsliblt.obj
 0001:000250c1       _sli_PuntColorFill@8       baa260c1 f   ddsliblt.obj
 0001:0002518f       _sli_DoBltNoSP@16          baa2618f f   ddsliblt.obj
 0001:000253a8       _xsBltSrcToScanBuf@28      baa263a8 f   ddsliblt.obj
 0001:0002579a       _sBltSrcToScanBuf@28       baa2679a f   ddsliblt.obj
 0001:000258fb       _sBltS@36                  baa268fb f   ddsliblt.obj
 0001:00025a1a       _sli_DoBltS@24             baa26a1a f   ddsliblt.obj
 0001:00025d67       _sli_3DDoBltS@20           baa26d67 f   ddsliblt.obj
 0001:000271e8       _PromoteSrcToPower2Width@8 baa281e8 f   ddsliblt.obj
 0001:00028220       _SliClear                  baa29220 f   ddsli2d.obj
 0001:0002890a       _DdSliColorFill            baa2990a f   ddsli2d.obj
 0001:00028b37       _DoIntersect               baa29b37 f   ddsli2d.obj
 0001:00028cef       _DdSli2DSolidColor         baa29cef f   ddsli2d.obj
 0001:00029857       _DdSliBltNoSP              baa2a857 f   ddsli2d.obj
 0001:00029b78       _DdSli2DScn2Scn            baa2ab78 f   ddsli2d.obj
 0001:0002a188       _DdSli2DSystem2Scn         baa2b188 f   ddsli2d.obj
 0001:0002a368       _Dd2SampleColorFill        baa2b368 f   ddsli2d.obj
 0001:0002a440       _Dd2SampleBltNoSP          baa2b440 f   ddsli2d.obj
 0001:0002a51c       _Dd2SampleBltS             baa2b51c f   ddsli2d.obj
 0001:0002a5fc       _Dd2SampleSystemToVideo    baa2b5fc f   ddsli2d.obj
 0001:0002a6e0       _DDHAL32_VidMemAlloc@16    baa2b6e0 f   ddraw:DDRAW.dll
 0001:0002a6e6       _DDHAL32_VidMemFree@12     baa2b6e6 f   ddraw:DDRAW.dll
 0001:0002a6f0       _ADJUST3DNOWPOINTERS       baa2b6f0 f   d3d:d3init.obj
 0001:0002a91c       _D3DHALCreateDriver@12     baa2b91c f   d3d:d3init.obj
 0001:0002cb0c       _BuildDX7TextureFormats    baa2db0c f   d3d:d3init.obj
 0001:0002d398       _BuildD3DCaps              baa2e398 f   d3d:d3init.obj
 0001:0002d6ef       _BuildD3DExtendedCaps      baa2e6ef f   d3d:d3init.obj
 0001:0002dab0       _textureSurfaceDelete@8    baa2eab0 f   d3d:d3txtr.obj
 0001:0002dec6       _TXTRMIPMAPALLOC           baa2eec6 f   d3d:d3txtr.obj
 0001:0002e496       _ALLOCTEXTUREDESC@8        baa2f496 f   d3d:d3txtr.obj
 0001:0002e695       _FREETEXTUREDESC@8         baa2f695 f   d3d:d3txtr.obj
 0001:0002e734       _DESC_INIT_ARRAY           baa2f734 f   d3d:d3txtr.obj
 0001:0002e78d       _txtrComputeVAddr          baa2f78d f   d3d:d3txtr.obj
 0001:0002ea7e       _textureSurfaceCreate@16   baa2fa7e f   d3d:d3txtr.obj
 0001:000300da       _textureLoad@28            baa310da f   d3d:d3txtr.obj
 0001:00030fa9       _txtMipMapInit             baa31fa9 f   d3d:d3txtr.obj
 0001:000311a8       _txtrformatTo8888          baa321a8 f   d3d:d3txtr.obj
 0001:0003133f       _txtrFormatToOriginal      baa3233f f   d3d:d3txtr.obj
 0001:0003142a       _txtrDownLoadTexture@80    baa3242a f   d3d:d3txtr.obj
 0001:00033ef5       _txtrCalcBaseAddress@24    baa34ef5 f   d3d:d3txtr.obj
 0001:00033f9f       _txtrCalcBaseAddressDXT1@12 baa34f9f f   d3d:d3txtr.obj
 0001:000340f5       _txtrCalcMemRequired@24    baa350f5 f   d3d:d3txtr.obj
 0001:00034199       _txtrCalcMemRequiredDXT1@32 baa35199 f   d3d:d3txtr.obj
 0001:00034346       _txtrInit@4                baa35346 f   d3d:d3txtr.obj
 0001:000343b0       _CREATENEWTEXTURE@28       baa353b0 f   d3d:d3txtr.obj
 0001:00034789       _txtrDownLoadPalette@16    baa35789 f   d3d:d3txtr.obj
 0001:00035720       _txtrChangedPalette@8      baa36720 f   d3d:d3txtr.obj
 0001:0003575c       _txtrNewPalette@8          baa3675c f   d3d:d3txtr.obj
 0001:00035798       _stretchDXTn               baa36798 f   d3d:d3txtr.obj
 0001:00035d6b       _shrinkDXTn                baa36d6b f   d3d:d3txtr.obj
 0001:0003629e       _stretchFXT1               baa3729e f   d3d:d3txtr.obj
 0001:00036883       _shrinkFXT1                baa37883 f   d3d:d3txtr.obj
 0001:00036e20       _InitDebugMsgs@0           baa37e20 f   d3d:d3trace.obj
 0001:00036ebb       _isSeperator               baa37ebb f   d3d:d3trace.obj
 0001:00036f07       _getToken                  baa37f07 f   d3d:d3trace.obj
 0001:0003701b       _setDebugLevel             baa3801b f   d3d:d3trace.obj
 0001:0003708a       _D3DPRINT                  baa3808a f   d3d:d3trace.obj
 0001:00037103       _D3DPRINTTEXCOORD          baa38103 f   d3d:d3trace.obj
 0001:000371c8       _float2String              baa381c8 f   d3d:d3trace.obj
 0001:00037241       _printRenderState          baa38241 f   d3d:d3trace.obj
 0001:00037e59       _printContext              baa38e59 f   d3d:d3trace.obj
 0001:0003822f       _printCommand@8            baa3922f f   d3d:d3trace.obj
 0001:0003830b       _printTextureMode          baa3930b f   d3d:d3trace.obj
 0001:00038310       _printFbzColorPath         baa39310 f   d3d:d3trace.obj
 0001:00038973       _printTextureStageState    baa39973 f   d3d:d3trace.obj
 0001:00039380       _UpdateCtxFVFChanges       baa3a380 f   d3d:d6dp2.obj
 0001:00039966       _ddiDrawPrimitives2@4      baa3a966 f   d3d:d6dp2.obj
 0001:0003ce4f       _bufferStateSetup          baa3de4f f   d3d:d6dp2.obj
 0001:0003f10a       _HandleSLIAA               baa4010a f   d3d:d6dp2.obj
 0001:00046513       _setDX6state               baa47513 f   d3d:d6dp2.obj
 0001:0004c730       _ddiClear2SG@4             baa4d730 f   d3d:d3clear2.obj
 0001:0004d4ac       _ddiClear2SD@4             baa4e4ac f   d3d:d3clear2.obj
 0001:0004e410       _ddiValidateTextureStageState@4 baa4f410 f   d3d:d6mt.obj
 0001:000500de       _CalcPerChipLodBias        baa510de f   d3d:d6mt.obj
 0001:0005026c       _setupTexturing            baa5126c f   d3d:d6mt.obj
 0001:000532ea       _CalcBias42                baa542ea f   d3d:d6mt.obj
 0001:000533a5       _setupSingleStage          baa543a5 f   d3d:d6mt.obj
 0001:00053b7f       _setupTextureStage0        baa54b7f f   d3d:d6mt.obj
 0001:000540b3       _setupTextureStage1        baa550b3 f   d3d:d6mt.obj
 0001:00054611       _printTexOp                baa55611 f   d3d:d6mt.obj
 0001:00054a9d       _checkTextureOp            baa55a9d f   d3d:d6mt.obj
 0001:00054ab0       _ddiGetDriverState@4       baa55ab0 f   d3d:d7d3d.obj
 0001:00054ae4       _ddiCreateSurfaceEx@4      baa55ae4 f   d3d:d7d3d.obj
 0001:000550ac       _ddiDestroyDDLocal@4       baa560ac f   d3d:d7d3d.obj
 0001:000552cc       _GetHndlListPtr            baa562cc f   d3d:d7d3d.obj
 0001:000557b0       _getFnZOffset              baa567b0 f   d3d:d3fog.obj
 0001:000557e3       _fogGenerateExp            baa567e3 f   d3d:d3fog.obj
 0001:000558a2       _fogGenerateExp2           baa568a2 f   d3d:d3fog.obj
 0001:00055967       _fogGenerateLinear_Orig    baa56967 f   d3d:d3fog.obj
 0001:00055a85       _fogTable@8                baa56a85 f   d3d:d3fog.obj
 0001:00055eec       _createTableAndLoad        baa56eec f   d3d:d3fog.obj
 0001:00055fe4       _setFogMode                baa56fe4 f   d3d:d3fog.obj
 0001:00056076       _fogEnable@8               baa57076 f   d3d:d3fog.obj
 0001:000560c9       _fogColor@8                baa570c9 f   d3d:d3fog.obj
 0001:0005613e       _fogTableMode@8            baa5713e f   d3d:d3fog.obj
 0001:000561a6       _fogTableStart@8           baa571a6 f   d3d:d3fog.obj
 0001:000561e0       _fogTableEnd@8             baa571e0 f   d3d:d3fog.obj
 0001:0005621a       _fogDensity@8              baa5721a f   d3d:d3fog.obj
 0001:00056260       _dummy@8                   baa57260 f   d3d:d3rstate.obj
 0001:0005627b       _antialiasing@8            baa5727b f   d3d:d3rstate.obj
 0001:000562ca       _edgeAntialiasing@8        baa572ca f   d3d:d3rstate.obj
 0001:000562e6       _setDrawTriangle@4         baa572e6 f   d3d:d3rstate.obj
 0001:00056520       _setDrawTriangle6@4        baa57520 f   d3d:d3rstate.obj
 0001:0005658d       _zFunc@8                   baa5758d f   d3d:d3rstate.obj
 0001:0005679f       _zEnable@8                 baa5779f f   d3d:d3rstate.obj
 0001:00056991       _zWriteEnable@8            baa57991 f   d3d:d3rstate.obj
 0001:00056a0c       _zVisible@8                baa57a0c f   d3d:d3rstate.obj
 0001:00056a34       _zbias@8                   baa57a34 f   d3d:d3rstate.obj
 0001:00056b5d       _stencilEnable@8           baa57b5d f   d3d:d3rstate.obj
 0001:00056cec       _stencilFail@8             baa57cec f   d3d:d3rstate.obj
 0001:00056fd6       _stencilZFail@8            baa57fd6 f   d3d:d3rstate.obj
 0001:000572c3       _stencilPass@8             baa582c3 f   d3d:d3rstate.obj
 0001:000575c5       _stencilFunc@8             baa585c5 f   d3d:d3rstate.obj
 0001:000578c7       _stencilRef@8              baa588c7 f   d3d:d3rstate.obj
 0001:00057a52       _stencilMask@8             baa58a52 f   d3d:d3rstate.obj
 0001:00057be0       _stencilWriteMask@8        baa58be0 f   d3d:d3rstate.obj
 0001:00057d6e       _textureHandle@8           baa58d6e f   d3d:d3rstate.obj
 0001:00057e44       _texMag@8                  baa58e44 f   d3d:d3rstate.obj
 0001:00057eec       _texMin@8                  baa58eec f   d3d:d3rstate.obj
 0001:000580b3       _texturePerspective@8      baa590b3 f   d3d:d3rstate.obj
 0001:0005817f       _textureFactor@8           baa5917f f   d3d:d3rstate.obj
 0001:000581bc       _wrap0@8                   baa591bc f   d3d:d3rstate.obj
 0001:00058229       _wrap1@8                   baa59229 f   d3d:d3rstate.obj
 0001:00058296       _wrap2@8                   baa59296 f   d3d:d3rstate.obj
 0001:00058303       _wrap3@8                   baa59303 f   d3d:d3rstate.obj
 0001:00058370       _wrap4@8                   baa59370 f   d3d:d3rstate.obj
 0001:000583dd       _wrap5@8                   baa593dd f   d3d:d3rstate.obj
 0001:0005844a       _wrap6@8                   baa5944a f   d3d:d3rstate.obj
 0001:000584b7       _wrap7@8                   baa594b7 f   d3d:d3rstate.obj
 0001:00058524       _wrapU@8                   baa59524 f   d3d:d3rstate.obj
 0001:000585e8       _wrapV@8                   baa595e8 f   d3d:d3rstate.obj
 0001:000586ac       _textureAddress@8          baa596ac f   d3d:d3rstate.obj
 0001:000586eb       _textureAddressU@8         baa596eb f   d3d:d3rstate.obj
 0001:0005873e       _textureAddressV@8         baa5973e f   d3d:d3rstate.obj
 0001:00058791       _setupColorPath@8          baa59791 f   d3d:d3rstate.obj
 0001:00058a8f       _texMapBlend@8             baa59a8f f   d3d:d3rstate.obj
 0001:00058dab       _blendEnable@8             baa59dab f   d3d:d3rstate.obj
 0001:00058ddd       _alphaBlendEnable@8        baa59ddd f   d3d:d3rstate.obj
 0001:00058e5e       _colorKeyEnable@8          baa59e5e f   d3d:d3rstate.obj
 0001:00058e98       _srcBlend@8                baa59e98 f   d3d:d3rstate.obj
 0001:00059416       _dstBlend@8                baa5a416 f   d3d:d3rstate.obj
 0001:00059992       _alphaTestEnable@8         baa5a992 f   d3d:d3rstate.obj
 0001:000599fe       _alphaRef@8                baa5a9fe f   d3d:d3rstate.obj
 0001:00059a6a       _alphaFunc@8               baa5aa6a f   d3d:d3rstate.obj
 0001:00059bc6       _cullMode@8                baa5abc6 f   d3d:d3rstate.obj
 0001:00059cdb       _ditherEnable@8            baa5acdb f   d3d:d3rstate.obj
 0001:00059dd8       _shadeMode@8               baa5add8 f   d3d:d3rstate.obj
 0001:00059e4a       _fillMode@8                baa5ae4a f   d3d:d3rstate.obj
 0001:00059ecb       _specular@8                baa5aecb f   d3d:d3rstate.obj
 0001:00059f50       _subPixel@8                baa5af50 f   d3d:d3rstate.obj
 0001:00059fdd       _sceneCapture@8            baa5afdd f   d3d:d3rstate.obj
 0001:0005a06d       _initNewRC@4               baa5b06d f   d3d:d3rstate.obj
 0001:0005a628       _ddiGetState@4             baa5b628 f   d3d:d3rstate.obj
 0001:0005aab0       _ddiContextCreate@4        baa5bab0 f   d3d:d3contxt.obj
 0001:0005b2f8       _ddiContextDestroy@4       baa5c2f8 f   d3d:d3contxt.obj
 0001:0005b432       _ddiContextDestroyAll@4    baa5c432 f   d3d:d3contxt.obj
 0001:0005b550       _dp2IdxTriangleAllFill     baa5c550 f   d3d:d6tri2.obj
 0001:0005b8ef       _dp2IdxTriangleAll_Orig    baa5c8ef f   d3d:d6tri2.obj
 0001:0005e51b       _dp2TriangleAllFill        baa5f51b f   d3d:d6tri2.obj
 0001:0005e894       _dp2TriangleAll_Orig       baa5f894 f   d3d:d6tri2.obj
 0001:000614b1       _dp2IdxTriAll_SM3          baa624b1 f   d3d:d6tri2.obj
 0001:000635f7       _dp2TriAll_SM3             baa645f7 f   d3d:d6tri2.obj
 0001:00065731       _dp2IdxTriangleAll_K62O    baa66731 f   d3d:d6tri2.obj
 0001:00067fe1       _dp2TriangleAll_K62O       baa68fe1 f   d3d:d6tri2.obj
 0001:0006a87b       _dp2IdxTriangle2AllFill    baa6b87b f   d3d:d6tri2.obj
 0001:0006ac1a       _dp2IdxTriangle2All_Orig   baa6bc1a f   d3d:d6tri2.obj
 0001:0006d846       _dp2IdxTri2All_SM3         baa6e846 f   d3d:d6tri2.obj
 0001:0006f98c       _dp2IdxTriangle2All_K62O   baa7098c f   d3d:d6tri2.obj
 0001:00072240       _dp2FanAllFill             baa73240 f   d3d:d6fan.obj
 0001:000725c3       _dp2FanAll_Orig            baa735c3 f   d3d:d6fan.obj
 0001:00074c2b       _dp2FanAll_SM3             baa75c2b f   d3d:d6fan.obj
 0001:00076880       _dp2FanAll_K62O            baa77880 f   d3d:d6fan.obj
 0001:00078b44       _dp2IdxFanAllFill          baa79b44 f   d3d:d6fan.obj
 0001:00078f01       _dp2IdxFanAll_Orig         baa79f01 f   d3d:d6fan.obj
 0001:0007b587       _dp2IdxFanAll_SM3          baa7c587 f   d3d:d6fan.obj
 0001:0007d1fc       _dp2IdxFanAll_K62O         baa7e1fc f   d3d:d6fan.obj
 0001:0007f4e0       _dp2StripAllFill           baa804e0 f   d3d:d6strip.obj
 0001:0007f8ce       _dp2StripAll_Orig          baa808ce f   d3d:d6strip.obj
 0001:0008254c       _dp2StripAll_K62O          baa8354c f   d3d:d6strip.obj
 0001:00085044       _dp2IdxStripAllFill        baa86044 f   d3d:d6strip.obj
 0001:0008546c       _dp2IdxStripAll_Orig       baa8646c f   d3d:d6strip.obj
 0001:0008810b       _dp2IdxStripAll_K62O       baa8910b f   d3d:d6strip.obj
 0001:0008ac30       _PrefetchTriIdx2_5_Asm_P5  baa8bc30 f   d3d:atri.obj
 0001:0008ad40       _PrefetchTriIdx2_6T_Asm_P6 baa8bd40 f   d3d:atri.obj
 0001:0008ae90       _PrefetchTriIdx2_7_Asm_P6  baa8be90 f   d3d:atri.obj
 0001:0008afe0       _PrefetchTriIdx2_8_Asm_P6  baa8bfe0 f   d3d:atri.obj
 0001:0008b130       _PrefetchTriIdx2_9_Asm_P6  baa8c130 f   d3d:atri.obj
 0001:0008b280       _PrefetchTriIdx2_10_Asm_P6 baa8c280 f   d3d:atri.obj
 0001:0008b3d0       _PrefetchTriIdx2_11_Asm_P6 baa8c3d0 f   d3d:atri.obj
 0001:0008b530       _PrefetchTriIdx2_12_Asm_P6 baa8c530 f   d3d:atri.obj
 0001:0008b680       _PrefetchTriIdx2_6G_Asm_P5 baa8c680 f   d3d:atri.obj
 0001:0008b7d0       _PrefetchTriIdx2_6T_Asm_P5 baa8c7d0 f   d3d:atri.obj
 0001:0008b920       _PrefetchTriIdx2_7_Asm_P5  baa8c920 f   d3d:atri.obj
 0001:0008ba40       _PrefetchTriIdx2_8_Asm_P5  baa8ca40 f   d3d:atri.obj
 0001:0008bb50       _PrefetchTriIdx2_9_Asm_P5  baa8cb50 f   d3d:atri.obj
 0001:0008bca0       _PrefetchTriIdx2_10_Asm_P5 baa8cca0 f   d3d:atri.obj
 0001:0008bdf0       _PrefetchTriIdx2_11_Asm_P5 baa8cdf0 f   d3d:atri.obj
 0001:0008bf50       _PrefetchTriIdx2_12_Asm_P5 baa8cf50 f   d3d:atri.obj
 0001:0008c0a0       _DrawTriIdx2MainAsm_P5     baa8d0a0 f   d3d:atri.obj
 0001:0008c2a0       _DrawTriIdx2MainAsm_P6     baa8d2a0 f   d3d:atri.obj
 0001:0008c640       _DrawTriIdx2GouradAsm_P5   baa8d640 f   d3d:atri.obj
 0001:0008c7b0       _DrawTriEdge2Asm_P5        baa8d7b0 f   d3d:amesh2.obj
 0001:0008cbb0       _DrawTriEdge2GAsm_P5       baa8dbb0 f   d3d:amesh2.obj
 0001:0008cef0       _DrawTriEdge2FAsm_P5       baa8def0 f   d3d:amesh2.obj
 0001:0008d340       _DrawTriFanImmAsm_P5       baa8e340 f   d3d:afan.obj
 0001:0008d680       _PrefetchTriIdx2_XX_Asm_K6 baa8e680 f   d3d:axtrik.obj
 0001:0008dce0       _PrefetchTriIdx2_8_Asm_K6  baa8ece0 f   d3d:axtrik.obj
 0001:0008e340       _PrefetchTriIdx2_10_Asm_K6 baa8f340 f   d3d:axtrik.obj
 0001:0008e9a0       _PrefetchTriIdx2_12_Asm_K6 baa8f9a0 f   d3d:axtrik.obj
 0001:0008f000       _DrawTriIdx2MainAsm_K62O   baa90000 f   d3d:axtrik.obj
 0001:00090540       _Draw_K62O_SPEC_COLOR_Z_W_PC_TX0 baa91540 f   d3d:axtrik.obj
 0001:00090f00       _Draw_K62O_SPEC_COLOR_Z_WFBI_VFOG_W_PC_TX0_TX1_BADFVF baa91f00 f   d3d:axtrik.obj
 0001:00091be0       _Draw_K62O_COLOR_Z_W_PC_TX0 baa92be0 f   d3d:axtrik.obj
 0001:00091f80       _Draw_K62O_COLOR_Z_WFBI_VFOG_W_PC_TX0 baa92f80 f   d3d:axtrik.obj
 0001:00092380       _Draw_K62O_COLOR_Z_WFBI_VFOG_W_PC_ALPHA_TX0 baa93380 f   d3d:axtrik.obj
 0001:00092780       _Draw_K62O_COLOR_Z_W_PC_TX0_TX1 baa93780 f   d3d:axtrik.obj
 0001:00092bc0       _Draw_K62O_COLOR_Z_W_PC_TX0_TX1_BADFVF baa93bc0 f   d3d:axtrik.obj
 0001:00093080       _Draw_K62O_COLOR_Z         baa94080 f   d3d:axtrik.obj
 0001:00093380       _Draw_K62O_SPEC_COLOR_Z    baa94380 f   d3d:axtrik.obj
 0001:00093c00       _Draw_K62O_COLOR_Z_PC      baa94c00 f   d3d:axtrik.obj
 0001:00093f00       _Draw_K62O_COLOR_Z_PC_TX0  baa94f00 f   d3d:axtrik.obj
 0001:00094260       _Draw_K62O_SPEC_COLOR_Z_W_PC_ALPHA_TX0 baa95260 f   d3d:axtrik.obj
 0001:00094cc0       _Draw_K62O_COLOR_Z_W_PC_TX0_WRAP baa95cc0 f   d3d:axtrik.obj
 0001:000952a0       _Draw_K62O_COLOR_Z_W_PC_TX0_TX1_WRAP baa962a0 f   d3d:axtrik.obj
 0001:00095b40       _DrawTriEdge2Asm_K62O      baa96b40 f   d3d:amesh2k.obj
 0001:00095fa0       _DrawTriEdge2GAsm_K62O     baa96fa0 f   d3d:amesh2k.obj
 0001:00096380       _DrawTriFanImmAsm_K62O     baa97380 f   d3d:afank.obj
 0001:000966d0       _DrawTriFanImmAsm_KNI      baa976d0 f   d3d:afankni.obj
 0001:00096af0       _PrefetchTriIdx2_5_Asm_KNI baa97af0 f   d3d:axtrikni.obj
 0001:00097058       _PrefetchTriIdx2_6T_Asm_KNI baa98058 f   d3d:axtrikni.obj
 0001:000975c6       _PrefetchTriIdx2_7_Asm_KNI baa985c6 f   d3d:axtrikni.obj
 0001:00097b50       _PrefetchTriIdx2_8_Asm_KNI baa98b50 f   d3d:axtrikni.obj
 0001:00098070       _PrefetchTriIdx2_9_Asm_KNI baa99070 f   d3d:axtrikni.obj
 0001:000985f0       _PrefetchTriIdx2_10_Asm_KNI baa995f0 f   d3d:axtrikni.obj
 0001:00098b70       _PrefetchTriIdx2_12_Asm_KNI baa99b70 f   d3d:axtrikni.obj
 0001:000990f0       LookupNewKNIDrawTriangleFunction baa9a0f0 f   d3d:axtrikni.obj
 0001:000992b9       DrawTriangleKNI_Default    baa9a2b9 f   d3d:axtrikni.obj
 0001:0009a783       DrawTriangleKNI_NoSpec_NoFlat_Color_NoWbuff_Z_NoWfbi_NoVfog_NoRhw_NoPc_NoAlpha_NoTx_NoWrap baa9b783 f   d3d:axtrikni.obj
 0001:0009aa23       DrawTriangleKNI_Spec_NoFlat_Color_NoWbuff_Z_NoWfbi_NoVfog_NoRhw_NoPc_NoAlpha_NoTx_NoWrap baa9ba23 f   d3d:axtrikni.obj
 0001:0009b0c3       DrawTriangleKNI_NoSpec_NoFlat_Color_NoWbuff_Z_NoWfbi_NoVfog_NoRhw_Pc_NoAlpha_NoTx_NoWrap baa9c0c3 f   d3d:axtrikni.obj
 0001:0009b363       DrawTriangleKNI_NoSpec_NoFlat_Color_NoWbuff_NoZ_NoWfbi_NoVfog_Rhw_Pc_NoAlpha_1Tx_NoWrap baa9c363 f   d3d:axtrikni.obj
 0001:0009b673       DrawTriangleKNI_NoSpec_NoFlat_Color_NoWbuff_Z_NoWfbi_NoVfog_Rhw_Pc_NoAlpha_1Tx_NoWrap baa9c673 f   d3d:axtrikni.obj
 0001:0009b9c3       DrawTriangleKNI_Spec_NoFlat_Color_NoWbuff_Z_NoWfbi_NoVfog_Rhw_Pc_NoAlpha_1Tx_NoWrap baa9c9c3 f   d3d:axtrikni.obj
 0001:0009c193       DrawTriangleKNI_NoSpec_Flat_Color_NoWbuff_Z_NoWfbi_NoVfog_Rhw_Pc_NoAlpha_1Tx_NoWrap baa9d193 f   d3d:axtrikni.obj
 0001:0009c4e3       DrawTriangleKNI_NoSpec_NoFlat_Color_NoWbuff_Z_Wfbi_Vfog_Rhw_Pc_NoAlpha_1Tx_NoWrap baa9d4e3 f   d3d:axtrikni.obj
 0001:0009c873       DrawTriangleKNI_Spec_NoFlat_Color_NoWbuff_Z_Wfbi_Vfog_Rhw_Pc_NoAlpha_1Tx_NoWrap baa9d873 f   d3d:axtrikni.obj
 0001:0009d133       DrawTriangleKNI_Spec_NoFlat_Color_NoWbuff_Z_NoWfbi_NoVfog_Rhw_Pc_Alpha_1Tx_NoWrap baa9e133 f   d3d:axtrikni.obj
 0001:0009d983       DrawTriangleKNI_NoSpec_NoFlat_Color_NoWbuff_Z_NoWfbi_NoVfog_Rhw_Pc_NoAlpha_2Tx_NoWrap baa9e983 f   d3d:axtrikni.obj
 0001:0009dd03       DrawTriangleKNI_NoSpec_NoFlat_Color_NoWbuff_Z_Wfbi_Vfog_Rhw_Pc_NoAlpha_2Tx_NoWrap baa9ed03 f   d3d:axtrikni.obj
 0001:0009e0c3       DrawTriangleKNI_NoSpec_NoFlat_Color_NoWbuff_Z_NoWfbi_NoVfog_Rhw_Pc_NoAlpha_1Tx_Wrap baa9f0c3 f   d3d:axtrikni.obj
 0001:0009e433       DrawTriangleKNI_NoSpec_NoFlat_Color_NoWbuff_Z_NoWfbi_NoVfog_Rhw_Pc_NoAlpha_2Tx_Wrap baa9f433 f   d3d:axtrikni.obj
 0001:0009e7d3       GatherKniPerfInfo          baa9f7d3 f   d3d:axtrikni.obj
 0001:0009e7fe       AllenKniBreakpoint         baa9f7fe f   d3d:axtrikni.obj
 0001:0009e939       Hex2Dec                    baa9f939 f   d3d:axtrikni.obj
 0001:0009e952       Dec2Hex                    baa9f952 f   d3d:axtrikni.obj
 0001:0009e980       _KNI_movq_memcpy           baa9f980 f   d3d:memcopy.obj
 0001:0009eab0       _DecodeBlockRGB            baa9fab0 f   d3d:tcutils.obj
 0001:0009ed18       _EncodeBlockRGB            baa9fd18 f   d3d:tcutils.obj
 0001:0009f23c       _DecodeBlockAlpha4         baaa023c f   d3d:tcutils.obj
 0001:0009f2d4       _EncodeBlockAlpha4         baaa02d4 f   d3d:tcutils.obj
 0001:0009f36c       _DecodeBlockAlpha3         baaa036c f   d3d:tcutils.obj
 0001:0009f579       _EncodeBlockAlpha3         baaa0579 f   d3d:tcutils.obj
 0001:0009f9c0       _bitDecoder                baaa09c0 f   d3d:fxt.obj
 0001:0009ff7e       _bitEncoder                baaa0f7e f   d3d:fxt.obj
 0001:000a0651       _clipLine                  baaa1651 f   d3d:fxt.obj
 0001:000a09a6       _encode4bpp_block          baaa19a6 f   d3d:fxt.obj
 0001:000a4b53       _decode4bpp_block          baaa5b53 f   d3d:fxt.obj
 0001:000a5b47       _FXT1Encode4bpp            baaa6b47 f   d3d:fxt.obj
 0001:000a5c13       _FXT1Decode4bpp            baaa6c13 f   d3d:fxt.obj
 0001:000a5cdf       _covariance                baaa6cdf f   d3d:fxt.obj
 0001:000a5e89       _eigenProject              baaa6e89 f   d3d:fxt.obj
 0001:000a5f42       _eigenSpace                baaa6f42 f   d3d:fxt.obj
 0001:000a6583       _eigenStatistics           baaa7583 f   d3d:fxt.obj
 0001:000a68b0       _float2int                 baaa78b0 f   d3d:fxf2i.obj
 0001:000a6950       _SetRenderTarget           baaa7950 f   d3d:d7dp2.obj
 0001:000a6a8d       _Clear                     baaa7a8d f   d3d:d7dp2.obj
 0001:000a78aa       _FastFill_2pass            baaa88aa f   d3d:d7dp2.obj
 0001:000a9436       _FastFill                  baaaa436 f   d3d:d7dp2.obj
 0001:000ab156       _PaletteSet                baaac156 f   d3d:d7dp2.obj
 0001:000ab4a0       _PaletteUpdate             baaac4a0 f   d3d:d7dp2.obj
 0001:000ab835       _BeginStateBlock           baaac835 f   d3d:d7dp2.obj
 0001:000ab92b       _EndStateBlock             baaac92b f   d3d:d7dp2.obj
 0001:000aba31       _DeleteStateBlock          baaaca31 f   d3d:d7dp2.obj
 0001:000abac7       _ExecuteStateBlock         baaacac7 f   d3d:d7dp2.obj
 0001:000ac469       _CaptureStateBlock         baaad469 f   d3d:d7dp2.obj
 0001:000ac817       _ReleaseContextStateBlocks baaad817 f   d3d:d7dp2.obj
 0001:000acfc0       _calcSubPixelAdj           baaadfc0 f   d3d:d6line.obj
 0001:000ad19c       _dp2Line                   baaae19c f   d3d:d6line.obj
 0001:000aee30       _dp2Point                  baaafe30 f   d3d:d6point.obj
 0001:000afc80       _fpDrawTriangleAll@16      baab0c80 f   d3d:d3tri.obj
 0001:000b10a3       _fpTriIZ@16                baab20a3 f   d3d:d3tri.obj
 0001:000b1815       _fpTriIZS@16               baab2815 f   d3d:d3tri.obj
 0001:000b2091       _fpTriIZT@16               baab3091 f   d3d:d3tri.obj
[...]
 0001:000a18f5       _encodeColors              baaa28f5 f   d3d:fxt.obj
 0001:000a21b7       _bestColor                 baaa31b7 f   d3d:fxt.obj
 0001:000a2286       _bestColorRGBInterp        baaa3286 f   d3d:fxt.obj
 0001:000a22dd       _makePalette               baaa32dd f   d3d:fxt.obj
 0001:000a2442       _makeInterpVector          baaa3442 f   d3d:fxt.obj
 0001:000a2526       _rgb888                    baaa3526 f   d3d:fxt.obj
 0001:000a259a       _rgb565                    baaa359a f   d3d:fxt.obj
 0001:000a2617       _rgb555                    baaa3617 f   d3d:fxt.obj
 0001:000a2694       _vqChroma                  baaa3694 f   d3d:fxt.obj
 0001:000a30e6       _local_rand                baaa40e6 f   d3d:fxt.obj
 0001:000a311a       _encodeAlpha               baaa411a f   d3d:fxt.obj
 0001:000a34ed       _bestColorAlpha            baaa44ed f   d3d:fxt.obj
 0001:000a385b       _makePaletteAlpha          baaa485b f   d3d:fxt.obj
 0001:000a39d0       _argb5555                  baaa49d0 f   d3d:fxt.obj
 0001:000a3a76       _vqChromaAlpha             baaa4a76 f   d3d:fxt.obj
 0001:000a4fa7       _decodeColors              baaa5fa7 f   d3d:fxt.obj
 0001:000a5a3f       _argb8888                  baaa6a3f f   d3d:fxt.obj
 0001:000a5ad3       _rgb565_888                baaa6ad3 f   d3d:fxt.obj
 0001:000a5f74       _eigenVectors              baaa6f74 f   d3d:fxt.obj
 0001:0009ec7c       _RGBToColor                baa9fc7c f   d3d:tcutils.obj
 0001:0009ed2f       _EncodeBlockRGB_i          baa9fd2f f   d3d:tcutils.obj
 0001:0009f1ea       _ColorToRGB                baaa01ea f   d3d:tcutils.obj
 0001:0009f9a4       _l_abs                     baaa09a4 f   d3d:tcutils.obj
 0001:0009e433       DrawTriangleKNI_NoSpec_NoFlat_Color_NoWbuff_Z_NoWfbi_NoVfog_Rhw_Pc_Alpha_2Tx_Wrap baa9f433 f   d3d:axtrikni.obj
 0001:0009b673       DrawTriangleKNI_NoSpec_NoFlat_Color_NoWbuff_Z_NoWfbi_NoVfog_Rhw_Pc_Alpha_1Tx_NoWrap baa9c673 f   d3d:axtrikni.obj
 0001:0009a783       DrawTriangleKNI_NoSpec_NoFlat_Color_NoWbuff_Z_NoWfbi_NoVfog_NoRhw_NoPc_Alpha_NoTx_NoWrap baa9b783 f   d3d:axtrikni.obj
 0001:0009d983       DrawTriangleKNI_NoSpec_NoFlat_Color_NoWbuff_Z_NoWfbi_NoVfog_Rhw_Pc_Alpha_2Tx_NoWrap baa9e983 f   d3d:axtrikni.obj
 0001:0009c193       DrawTriangleKNI_NoSpec_Flat_Color_NoWbuff_Z_NoWfbi_NoVfog_Rhw_Pc_Alpha_1Tx_NoWrap baa9d193 f   d3d:axtrikni.obj
 0001:0009c4e3       DrawTriangleKNI_NoSpec_NoFlat_Color_NoWbuff_Z_Wfbi_Vfog_Rhw_Pc_Alpha_1Tx_NoWrap baa9d4e3 f   d3d:axtrikni.obj
 0001:0009dd03       DrawTriangleKNI_NoSpec_NoFlat_Color_NoWbuff_Z_Wfbi_Vfog_Rhw_Pc_Alpha_2Tx_NoWrap baa9ed03 f   d3d:axtrikni.obj
 0001:0009e0c3       DrawTriangleKNI_NoSpec_NoFlat_Color_NoWbuff_Z_NoWfbi_NoVfog_Rhw_Pc_Alpha_1Tx_Wrap baa9f0c3 f   d3d:axtrikni.obj
 0001:00096680       fan_split_continue_k6      baa97680 f   d3d:afank.obj
 0001:00095f80       TriMeshContinue_k6m        baa96f80 f   d3d:amesh2k.obj
 0001:00096340       TriMeshContinue_k6g        baa97340 f   d3d:amesh2k.obj
 0001:0008d640       fan_split_continue         baa8e640 f   d3d:afan.obj
 0001:0008cb90       TriMeshContinue            baa8db90 f   d3d:amesh2.obj
 0001:0008ced0       TriMeshContinue            baa8ded0 f   d3d:amesh2.obj
 0001:0008d320       TriMeshContinue            baa8e320 f   d3d:amesh2.obj
 0001:0008ad20       TriIdx2_5_continue         baa8bd20 f   d3d:atri.obj
 0001:0008ae70       TriIdx2_6_continue         baa8be70 f   d3d:atri.obj
 0001:0008afc0       TriIdx2_7_continue         baa8bfc0 f   d3d:atri.obj
 0001:0008b110       TriIdx2_8_continue         baa8c110 f   d3d:atri.obj
 0001:0008b260       TriIdx2_9_continue         baa8c260 f   d3d:atri.obj
 0001:0008b3b0       TriIdx2_10_continue        baa8c3b0 f   d3d:atri.obj
 0001:0008b510       TriIdx2_11_continue        baa8c510 f   d3d:atri.obj
 0001:0008b660       TriIdx2_12_continue        baa8c660 f   d3d:atri.obj
 0001:0008b7b0       TriIdx2_6_continue         baa8c7b0 f   d3d:atri.obj
 0001:0008b900       TriIdx2_6_continue         baa8c900 f   d3d:atri.obj
 0001:0008ba20       TriIdx2_7_continue         baa8ca20 f   d3d:atri.obj
 0001:0008bb30       TriIdx2_8_continue         baa8cb30 f   d3d:atri.obj
 0001:0008bc80       TriIdx2_9_continue         baa8cc80 f   d3d:atri.obj
 0001:0008bdd0       TriIdx2_10_continue        baa8cdd0 f   d3d:atri.obj
 0001:0008bf30       TriIdx2_11_continue        baa8cf30 f   d3d:atri.obj
 0001:0008c080       TriIdx2_12_continue        baa8d080 f   d3d:atri.obj
 0001:00055354       _AllocHndlList             baa56354 f   d3d:d7d3d.obj
 0001:0005546a       _ReleaseHndlList           baa5646a f   d3d:d7d3d.obj
 0001:000554e8       _GetTxtrHndl               baa564e8 f   d3d:d7d3d.obj
 0001:00055587       _AllocTxtrHndl             baa56587 f   d3d:d7d3d.obj
 0001:0005574b       _ReleaseTxtrHndl           baa5674b f   d3d:d7d3d.obj
 0001:0002e9b0       _txtrComputeCompSize       baa2f9b0 f   d3d:d3txtr.obj
 0001:0002fd3f       _initMipMapChain           baa30d3f f   d3d:d3txtr.obj
 0001:000335e7       _txtrImgHalve              baa345e7 f   d3d:d3txtr.obj
 0001:00033956       _txtrDownloadK6@48         baa34956 f   d3d:d3txtr.obj
 0001:000c46af       _findenv                   baac56af f   libcmt:setenv.obj
 0001:000c4707       _copy_environ              baac5707 f   libcmt:setenv.obj
 0001:000c44fd       _strncnt                   baac54fd f   libcmt:a_cmp.obj
 0001:000c3885       __tzset_lk                 baac4885 f   libcmt:tzset.obj
 0001:000c3b2d       __isindst_lk               baac4b2d f   libcmt:tzset.obj
 0001:000c3cd9       _cvtdate                   baac4cd9 f   libcmt:tzset.obj
 0001:000c34fb       _xtoa                      baac44fb f   libcmt:xtoa.obj
 0001:000c35cd       _x64toa@20                 baac45cd f   libcmt:xtoa.obj
 0001:000c2a2e       __expandtime               baac3a2e f   libcmt:strftime.obj
 0001:000c2e1d       __store_str                baac3e1d f   libcmt:strftime.obj
 0001:000c2e44       __store_num                baac3e44 f   libcmt:strftime.obj
 0001:000c2eb3       __store_number             baac3eb3 f   libcmt:strftime.obj
 0001:000c2efc       __store_winword            baac3efc f   libcmt:strftime.obj
 0001:000c1a17       _TranslateName             baac2a17 f   libcmt:getqloc.obj
 0001:000c1a6f       _GetLcidFromLangCountry    baac2a6f f   libcmt:getqloc.obj
 0001:000c1af6       _LangCountryEnumProc@4     baac2af6 f   libcmt:getqloc.obj
 0001:000c1cfa       _GetLcidFromLanguage       baac2cfa f   libcmt:getqloc.obj
 0001:000c1d50       _LanguageEnumProc@4        baac2d50 f   libcmt:getqloc.obj
 0001:000c1e0d       _GetLcidFromCountry        baac2e0d f   libcmt:getqloc.obj
 0001:000c1e44       _CountryEnumProc@4         baac2e44 f   libcmt:getqloc.obj
 0001:000c1eca       _GetLcidFromDefault        baac2eca f   libcmt:getqloc.obj
 0001:000c1ee4       _ProcessCodePage           baac2ee4 f   libcmt:getqloc.obj
 0001:000c1f4a       _TestDefaultCountry        baac2f4a f   libcmt:getqloc.obj
 0001:000c1f69       _TestDefaultLanguage       baac2f69 f   libcmt:getqloc.obj
 0001:000c1fcb       _IsThisWindowsNT           baac2fcb f   libcmt:getqloc.obj
 0001:000c2001       _crtGetLocaleInfoA@16      baac3001 f   libcmt:getqloc.obj
 0001:000c20e7       _LcidFromHexString         baac30e7 f   libcmt:getqloc.obj
 0001:000c2120       _GetPrimaryLen             baac3120 f   libcmt:getqloc.obj
 0001:000c135a       __get_lc_lconv             baac235a f   libcmt:initmon.obj
 0001:000c147c       _fix_grouping              baac247c f   libcmt:initmon.obj
 0001:000c14b3       __free_lc_lconv            baac24b3 f   libcmt:initmon.obj
 0001:000c1258       _fix_grouping              baac2258 f   libcmt:initnum.obj
 0001:000c0ba5       __get_lc_time              baac1ba5 f   libcmt:inittime.obj
 0001:000c0ef3       __free_lc_time             baac1ef3 f   libcmt:inittime.obj
 0001:000c0a29       __get_fname                baac1a29 f   libcmt:fpexcept.obj
 0001:000bf2ec       _strncnt                   baac02ec f   libcmt:a_map.obj
 0001:000bec95       __setlocale_set_cat        baabfc95 f   libcmt:setlocal.obj
 0001:000bedb0       __setlocale_get_all        baabfdb0 f   libcmt:setlocal.obj
 0001:000be868       _gu_return                 baabf868 f   libcmt:exsup.obj
 0001:000be870       __unwind_handler           baabf870 f   libcmt:exsup.obj
 0001:000bdad4       label0                     baabead4 f   libcmt:adj_fdiv.obj
 0001:000bdada       label1                     baabeada f   libcmt:adj_fdiv.obj
 0001:000bdadf       label2                     baabeadf f   libcmt:adj_fdiv.obj
 0001:000bdae5       label3                     baabeae5 f   libcmt:adj_fdiv.obj
 0001:000bdaea       label4                     baabeaea f   libcmt:adj_fdiv.obj
 0001:000bdaf0       label5                     baabeaf0 f   libcmt:adj_fdiv.obj
 0001:000bdaf6       label6                     baabeaf6 f   libcmt:adj_fdiv.obj
 0001:000bdafc       label7                     baabeafc f   libcmt:adj_fdiv.obj
 0001:000bdb02       label8                     baabeb02 f   libcmt:adj_fdiv.obj
 0001:000bdb1e       label9                     baabeb1e f   libcmt:adj_fdiv.obj
 0001:000bdb23       label10                    baabeb23 f   libcmt:adj_fdiv.obj
 0001:000bdb39       label11                    baabeb39 f   libcmt:adj_fdiv.obj
 0001:000bdb3e       label12                    baabeb3e f   libcmt:adj_fdiv.obj
 0001:000bdb5a       label13                    baabeb5a f   libcmt:adj_fdiv.obj
 0001:000bdb6a       label14                    baabeb6a f   libcmt:adj_fdiv.obj
 0001:000bdb7e       label15                    baabeb7e f   libcmt:adj_fdiv.obj
 0001:000bdb8e       label16                    baabeb8e f   libcmt:adj_fdiv.obj
 0001:000bdbae       label17                    baabebae f   libcmt:adj_fdiv.obj
 0001:000bdbb3       label18                    baabebb3 f   libcmt:adj_fdiv.obj
 0001:000bdbcd       label19                    baabebcd f   libcmt:adj_fdiv.obj
 0001:000bdbd2       label20                    baabebd2 f   libcmt:adj_fdiv.obj
 0001:000bdbf2       label21                    baabebf2 f   libcmt:adj_fdiv.obj
 0001:000bdc06       label22                    baabec06 f   libcmt:adj_fdiv.obj
 0001:000bdc1e       label23                    baabec1e f   libcmt:adj_fdiv.obj
 0001:000bdc32       label24                    baabec32 f   libcmt:adj_fdiv.obj
 0001:000bdc52       label25                    baabec52 f   libcmt:adj_fdiv.obj
 0001:000bdc57       label26                    baabec57 f   libcmt:adj_fdiv.obj
 0001:000bdc71       label27                    baabec71 f   libcmt:adj_fdiv.obj
 0001:000bdc76       label28                    baabec76 f   libcmt:adj_fdiv.obj
 0001:000bdc96       label29                    baabec96 f   libcmt:adj_fdiv.obj
 0001:000bdcaa       label30                    baabecaa f   libcmt:adj_fdiv.obj
 0001:000bdcc2       label31                    baabecc2 f   libcmt:adj_fdiv.obj
 0001:000bdcd6       label32                    baabecd6 f   libcmt:adj_fdiv.obj
 0001:000bdcf6       label33                    baabecf6 f   libcmt:adj_fdiv.obj
 0001:000bdcfb       label34                    baabecfb f   libcmt:adj_fdiv.obj
 0001:000bdd15       label35                    baabed15 f   libcmt:adj_fdiv.obj
 0001:000bdd1a       label36                    baabed1a f   libcmt:adj_fdiv.obj
 0001:000bdd3a       label37                    baabed3a f   libcmt:adj_fdiv.obj
 0001:000bdd4e       label38                    baabed4e f   libcmt:adj_fdiv.obj
 0001:000bdd66       label39                    baabed66 f   libcmt:adj_fdiv.obj
 0001:000bdd7a       label40                    baabed7a f   libcmt:adj_fdiv.obj
 0001:000bdd9a       label41                    baabed9a f   libcmt:adj_fdiv.obj
 0001:000bdd9f       label42                    baabed9f f   libcmt:adj_fdiv.obj
 0001:000bddb9       label43                    baabedb9 f   libcmt:adj_fdiv.obj
 0001:000bddbe       label44                    baabedbe f   libcmt:adj_fdiv.obj
 0001:000bddde       label45                    baabedde f   libcmt:adj_fdiv.obj
 0001:000bddf2       label46                    baabedf2 f   libcmt:adj_fdiv.obj
 0001:000bde0a       label47                    baabee0a f   libcmt:adj_fdiv.obj
 0001:000bde1e       label48                    baabee1e f   libcmt:adj_fdiv.obj
 0001:000bde3e       label49                    baabee3e f   libcmt:adj_fdiv.obj
 0001:000bde43       label50                    baabee43 f   libcmt:adj_fdiv.obj
 0001:000bde5d       label51                    baabee5d f   libcmt:adj_fdiv.obj
 0001:000bde62       label52                    baabee62 f   libcmt:adj_fdiv.obj
 0001:000bde82       label53                    baabee82 f   libcmt:adj_fdiv.obj
 0001:000bde96       label54                    baabee96 f   libcmt:adj_fdiv.obj
 0001:000bdeae       label55                    baabeeae f   libcmt:adj_fdiv.obj
 0001:000bdec2       label56                    baabeec2 f   libcmt:adj_fdiv.obj
 0001:000bdee2       label57                    baabeee2 f   libcmt:adj_fdiv.obj
 0001:000bdee7       label58                    baabeee7 f   libcmt:adj_fdiv.obj
 0001:000bdf01       label59                    baabef01 f   libcmt:adj_fdiv.obj
 0001:000bdf06       label60                    baabef06 f   libcmt:adj_fdiv.obj
 0001:000bdf26       label61                    baabef26 f   libcmt:adj_fdiv.obj
 0001:000bdf3a       label62                    baabef3a f   libcmt:adj_fdiv.obj
 0001:000bdf52       label63                    baabef52 f   libcmt:adj_fdiv.obj
 0001:000bc4c6       _getSystemCP               baabd4c6 f   libcmt:mbctype.obj
 0001:000bc510       _CPtoLCID                  baabd510 f   libcmt:mbctype.obj
 0001:000bc543       _setSBCS                   baabd543 f   libcmt:mbctype.obj
 0001:000bc56c       _setSBUpLow                baabd56c f   libcmt:mbctype.obj
 0001:000bbef0       LeadUp1                    baabcef0 f   libcmt:memmove.obj
 0001:000bbf1c       LeadUp2                    baabcf1c f   libcmt:memmove.obj
 0001:000bbf40       LeadUp3                    baabcf40 f   libcmt:memmove.obj
 0001:000bbfbf       UnwindUp0                  baabcfbf f   libcmt:memmove.obj
 0001:000bbfac       UnwindUp1                  baabcfac f   libcmt:memmove.obj
 0001:000bbfa4       UnwindUp2                  baabcfa4 f   libcmt:memmove.obj
 0001:000bbf9c       UnwindUp3                  baabcf9c f   libcmt:memmove.obj
 0001:000bbf94       UnwindUp4                  baabcf94 f   libcmt:memmove.obj
 0001:000bbf8c       UnwindUp5                  baabcf8c f   libcmt:memmove.obj
 0001:000bbf84       UnwindUp6                  baabcf84 f   libcmt:memmove.obj
 0001:000bbf7c       UnwindUp7                  baabcf7c f   libcmt:memmove.obj
 0001:000bbfd8       TrailUp0                   baabcfd8 f   libcmt:memmove.obj
 0001:000bbfe0       TrailUp1                   baabcfe0 f   libcmt:memmove.obj
 0001:000bbfec       TrailUp2                   baabcfec f   libcmt:memmove.obj
 0001:000bc000       TrailUp3                   baabd000 f   libcmt:memmove.obj
 0001:000bc078       LeadDown1                  baabd078 f   libcmt:memmove.obj
 0001:000bc098       LeadDown2                  baabd098 f   libcmt:memmove.obj
 0001:000bc0c0       LeadDown3                  baabd0c0 f   libcmt:memmove.obj
 0001:000bc114       UnwindDown7                baabd114 f   libcmt:memmove.obj
 0001:000bc11c       UnwindDown6                baabd11c f   libcmt:memmove.obj
 0001:000bc124       UnwindDown5                baabd124 f   libcmt:memmove.obj
 0001:000bc12c       UnwindDown4                baabd12c f   libcmt:memmove.obj
 0001:000bc134       UnwindDown3                baabd134 f   libcmt:memmove.obj
 0001:000bc13c       UnwindDown2                baabd13c f   libcmt:memmove.obj
 0001:000bc144       UnwindDown1                baabd144 f   libcmt:memmove.obj
 0001:000bc157       UnwindDown0                baabd157 f   libcmt:memmove.obj
 0001:000bc170       TrailDown0                 baabd170 f   libcmt:memmove.obj
 0001:000bc178       TrailDown1                 baabd178 f   libcmt:memmove.obj
 0001:000bc188       TrailDown2                 baabd188 f   libcmt:memmove.obj
 0001:000bc19c       TrailDown3                 baabd19c f   libcmt:memmove.obj
 0001:000bb130       LeadUp1                    baabc130 f   libcmt:memcpy.obj
 0001:000bb15c       LeadUp2                    baabc15c f   libcmt:memcpy.obj
 0001:000bb180       LeadUp3                    baabc180 f   libcmt:memcpy.obj
 0001:000bb1ff       UnwindUp0                  baabc1ff f   libcmt:memcpy.obj
 0001:000bb1ec       UnwindUp1                  baabc1ec f   libcmt:memcpy.obj
 0001:000bb1e4       UnwindUp2                  baabc1e4 f   libcmt:memcpy.obj
 0001:000bb1dc       UnwindUp3                  baabc1dc f   libcmt:memcpy.obj
 0001:000bb1d4       UnwindUp4                  baabc1d4 f   libcmt:memcpy.obj
 0001:000bb1cc       UnwindUp5                  baabc1cc f   libcmt:memcpy.obj
 0001:000bb1c4       UnwindUp6                  baabc1c4 f   libcmt:memcpy.obj
 0001:000bb1bc       UnwindUp7                  baabc1bc f   libcmt:memcpy.obj
 0001:000bb218       TrailUp0                   baabc218 f   libcmt:memcpy.obj
 0001:000bb220       TrailUp1                   baabc220 f   libcmt:memcpy.obj
 0001:000bb22c       TrailUp2                   baabc22c f   libcmt:memcpy.obj
 0001:000bb240       TrailUp3                   baabc240 f   libcmt:memcpy.obj
 0001:000bb2b8       LeadDown1                  baabc2b8 f   libcmt:memcpy.obj
 0001:000bb2d8       LeadDown2                  baabc2d8 f   libcmt:memcpy.obj
 0001:000bb300       LeadDown3                  baabc300 f   libcmt:memcpy.obj
 0001:000bb354       UnwindDown7                baabc354 f   libcmt:memcpy.obj
 0001:000bb35c       UnwindDown6                baabc35c f   libcmt:memcpy.obj
 0001:000bb364       UnwindDown5                baabc364 f   libcmt:memcpy.obj
 0001:000bb36c       UnwindDown4                baabc36c f   libcmt:memcpy.obj
 0001:000bb374       UnwindDown3                baabc374 f   libcmt:memcpy.obj
 0001:000bb37c       UnwindDown2                baabc37c f   libcmt:memcpy.obj
 0001:000bb384       UnwindDown1                baabc384 f   libcmt:memcpy.obj
 0001:000bb397       UnwindDown0                baabc397 f   libcmt:memcpy.obj
 0001:000bb3b0       TrailDown0                 baabc3b0 f   libcmt:memcpy.obj
 0001:000bb3b8       TrailDown1                 baabc3b8 f   libcmt:memcpy.obj
 0001:000bb3c8       TrailDown2                 baabc3c8 f   libcmt:memcpy.obj
 0001:000bb3dc       TrailDown3                 baabc3dc f   libcmt:memcpy.obj
 0001:000bb082       _xcptlookup                baabc082 f   libcmt:winxfltr.obj
 0001:000ba571       fFEXP                      baabb571 f   libcmt:87tran.obj
 0001:000ba6b1       _rtforexpinf               baabb6b1 f   libcmt:87tran.obj
 0001:000ba009       _parse_cmdline             baabb009 f   libcmt:stdargv.obj
 0001:000b9a3e       _doexit                    baabaa3e f   libcmt:crt0dat.obj
 0001:000b9af5       __initterm                 baabaaf5 f   libcmt:crt0dat.obj
 0001:000b970a       __cftoe2                   baaba70a f   libcmt:cvt.obj
 0001:000b9821       __cftof2                   baaba821 f   libcmt:cvt.obj
 0001:000b99ac       __shift                    baaba9ac f   libcmt:cvt.obj
 0001:000b929c       _ctrlevent_capture@4       baaba29c f   libcmt:winsig.obj
 0001:000b9480       _siglookup                 baaba480 f   libcmt:winsig.obj
 0001:000b8a3d       __abstract_cw              baab9a3d f   libcmt:ieee87.obj
 0001:000b8acf       __hw_cw                    baab9acf f   libcmt:ieee87.obj
 0001:000b8b58       __abstract_sw              baab9b58 f   libcmt:ieee87.obj
