Microsoft (R) Macro Assembler Version 6.14.8444		    11/13/00 18:10:07
xtexdl.asm						     Page 1 - 1


				;; THIS SOFTWARE IS SUBJECT TO COPYRIGHT PROTECTION AND IS OFFERED ONLY
				;; PURSUANT TO THE 3DFX GLIDE GENERAL PUBLIC LICENSE. THERE IS NO RIGHT
				;; TO USE THE GLIDE TRADEMARK WITHOUT PRIOR WRITTEN PERMISSION OF 3DFX
				;; INTERACTIVE, INC. A COPY OF THIS LICENSE MAY BE OBTAINED FROM THE 
				;; DISTRIBUTOR OR BY CONTACTING 3DFX INTERACTIVE INC(info@3dfx.com). 
				;; THIS PROGRAM IS PROVIDED "AS IS" WITHOUT WARRANTY OF ANY KIND, EITHER 
				;; EXPRESSED OR IMPLIED. SEE THE 3DFX GLIDE GENERAL PUBLIC LICENSE FOR A
				;; FULL TEXT OF THE NON-WARRANTY PROVISIONS.  
				;; 
				;; USE, DUPLICATION OR DISCLOSURE BY THE GOVERNMENT IS SUBJECT TO
				;; RESTRICTIONS AS SET FORTH IN SUBDIVISION (C)(1)(II) OF THE RIGHTS IN
				;; TECHNICAL DATA AND COMPUTER SOFTWARE CLAUSE AT DFARS 252.227-7013,
				;; AND/OR IN SIMILAR OR SUCCESSOR CLAUSES IN THE FAR, DOD OR NASA FAR
				;; SUPPLEMENT. UNPUBLISHED RIGHTS RESERVED UNDER THE COPYRIGHT LAWS OF
				;; THE UNITED STATES.  
				;; 
				;; COPYRIGHT 3DFX INTERACTIVE, INC. 1999, ALL RIGHTS RESERVED
				;;
				;; $Header: /cvsroot/glide/glide3x/h5/glide3/src/xtexdl.asm,v 1.1 2000/06/15 00:27:43 joseph Exp $
				;; $Revision: 1.1 $
				;; $Log: xtexdl.asm,v $
				;; Revision 1.1  2000/06/15 00:27:43  joseph
				;; Initial checkin into SourceForge.
				;;
				;; 
				;; 10    8/17/99 6:35p Atai
				;; fixed amd debug mode
				;; 
				;; 9     4/08/99 1:22p Atai
				;; added contect check for _grTexDownload_3DNow_MMX
				;; 
				;; 8     3/19/99 11:26a Peter
				;; expose direct fifo for gl
				;; 
				;; 7     2/02/99 4:36p Peter
				;; download through lfb rather than texture port
				;; 
				;; 6     12/17/98 2:36p Atai
				;; check in Norbert's fix for texture download width correction
				;; 
				;; 5     12/07/98 11:33a Peter
				;; norbert's re-fixes of my merge
				;; 
				;; 4     11/02/98 5:34p Atai
				;; merge direct i/o code
				;; 
				;; 3     10/20/98 5:34p Atai
				;; added #ifdefs for hwc
				;; 
				;; 2     10/14/98 12:05p Peter
				;; fixed my effed up assumption about non-volatile regs
				;; 
				;; 1     10/09/98 6:48p Peter
				;; 3DNow!(tm) version of wide texture downloads
				;; 
				;; 3     10/07/98 9:43p Peter
				;; triangle procs for 3DNow!(tm)
				;; 
				;; 2     10/05/98 7:43p Peter
				;; 3DNow!(tm) happiness everywhere
				;; 
				;; 1     10/05/98 6:01p Peter
				;; mmx stuff for 3DNow!(tm) capable processors
				;; 
				
				TITLE   xtexdl.asm
				OPTION OLDSTRUCTS
				
				.586P
				.MMX
				.K3D
				    
				ifdef USE_PACKET_FIFO
				EXTRN   __grCommandTransportMakeRoom@12: NEAR
				endif
				IFDEF HAL_CSIM
				EXTRN   _halStore32@8:  NEAR
				ENDIF
				
				;;; Definitions of cvg regs and glide root structures.
				INCLUDE fxgasm.h
			      C 
			      C ;----------------------------------------------------------------------
			      C ; Assembler offsets for SSTREGS struct
			      C ;----------------------------------------------------------------------
			      C 
			      C 
			      C 
			      C ;----------------------------------------------------------------------
			      C ; Assembler offsets for GC struct
			      C ;----------------------------------------------------------------------
			      C 
 = 0074			      C base_ptr		= 00000074h
 = 0078			      C reg_ptr			= 00000078h
 = 0080			      C lfb_ptr			= 00000080h
 = 01E0			      C cull_mode		= 000001e0h
 = 0124			      C tsuDataList		= 00000124h
 = 0DE0			      C triPacketHdr	= 00000de0h
 = 0DE4			      C cullStripHdr	= 00000de4h
 = 0DE8			      C paramMask	= 00000de8h
 = 0E0C			      C fifoStart	= 00000e0ch
 = 0E10			      C fifoEnd	= 00000e10h
 = 0E14			      C fifoOffset	= 00000e14h
 = 0E18			      C fifoSize	= 00000e18h
 = 0E1C			      C fifoJmpHdr	= 00000e1ch
 = 0DEC			      C fifoPtr	= 00000dech
 = 0DF0			      C fifoRead	= 00000df0h
 = 0DF4			      C fifoRoom	= 00000df4h
 = 0E24			      C roomToReadPtr	= 00000e24h
 = 0E28			      C roomToEnd	= 00000e28h
 = 0E2C			      C lfbLockCount	= 00000e2ch
 = 0DCC			      C triSetupProc	= 00000dcch
 = 0DD0			      C drawTrianglesProc	= 00000dd0h
 = 0DCC			      C drawVertexList	= 00000dcch
 = 0B78			      C vertexSize	= 00000b78h
 = 0B74			      C vertexStride	= 00000b74h
 = 0B80			      C invalid	= 00000b80h
 = 0DA0			      C CoordinateSpace	= 00000da0h
 = 01E4			      C paramIndex	= 000001e4h
 = 0B08			      C vp_hwidth	= 00000b08h
 = 0B0C			      C vp_hheight	= 00000b0ch
 = 0B10			      C vp_hdepth	= 00000b10h
 = 0AFC			      C vp_ox	= 00000afch
 = 0B00			      C vp_oy	= 00000b00h
 = 0B04			      C vp_oz	= 00000b04h
 = 0B7C			      C colorType	= 00000b7ch
 = 0B28			      C wInfo_offset	= 00000b28h
 = 0B5C			      C qInfo_mode	= 00000b5ch
 = 0B60			      C qInfo_offset	= 00000b60h
 = 0B68			      C q0Info_offset	= 00000b68h
 = 0B70			      C q1Info_offset	= 00000b70h
 = 0B64			      C q0Info_mode	= 00000b64h
 = 0B6C			      C q1Info_mode	= 00000b6ch
 = 0B38			      C fogInfo_offset	= 00000b38h
 = 0B34			      C fogInfo_mode	= 00000b34h
 = 0A4C			      C depth_range	= 00000a4ch
 = 0A0C			      C tmu0_s_scale	= 00000a0ch
 = 0A10			      C tmu0_t_scale	= 00000a10h
 = 0A2C			      C tmu1_s_scale	= 00000a2ch
 = 0A30			      C tmu1_t_scale	= 00000a30h
 = 0210			      C fbi_fbzMode	= 00000210h
 = 004C			      C curTriSize		= 0000004ch
 = 000C			      C trisProcessed		= 0000000ch
 = 0010			      C trisDrawn		= 00000010h
 = 96C4			      C lostContext		= 000096c4h
 = 96CC			      C windowed		= 000096cch
 = 011C			      C bInfo		= 0000011ch
			      C 
			      C ;----------------------------------------------------------------------
			      C ; Assembler offsets for GlideRoot struct
			      C ;----------------------------------------------------------------------
			      C 
 = 0000			      C p6Fencer		= 00000000h
 = 000C			      C current_sst		= 0000000ch
 = 0010			      C CPUType			= 00000010h
 = 0008			      C tlsOffset			= 00000008h
 = 002C			      C pool_f255	= 0000002ch
 = 0028			      C pool_f1	= 00000028h
 = 0BC4			      C SIZEOF_GrState		= 00000bc4h
 = 971C			      C SIZEOF_GC		= 0000971ch
			      C 
 = 000BD26C		      C SIZEOF_GlideRoot	= 000bd26ch
			      C 
			      C 
				
				; Arguments (STKOFF = 16 from 4 dword pushes)
 = 0010				STACKOFFSET = 16
 = 0014				_gc$        =  4 + STACKOFFSET
 = 0018				_baseAddr$  =  8 + STACKOFFSET
 = 001C				_maxS$      = 12 + STACKOFFSET
 = 0020				_minT$      = 16 + STACKOFFSET
 = 0024				_maxT$      = 20 + STACKOFFSET
 = 0028				_texData$   = 24 + STACKOFFSET
				
				    ;; NB: The first set of registers (eax, ecx, and edx) are volatile across
				    ;; function calls. The remaining registers are supposedly non-volatile
				    ;; so they only store things that are non-volatile across the call.
				
 = ebp				fifo    TEXTEQU <ebp>           ; fifo ptr in inner loop
 = esi				gc      TEXTEQU <esi>           ; graphics context
 = edi				dataPtr TEXTEQU <edi>           ; pointer to exture data to be downloaded
 = ebx				curT    TEXTEQU <ebx>           ; counter for texture scan lines (t-coordinate)
 = ecx				curS    TEXTEQU <ecx>           ; texture s-coordinate
 = edx				fRoom   TEXTEQU <edx>           ; room available in fifo (in bytes)
				    
				GR_FIFO_WRITE   MACRO __addr, __offset, __data
				IFDEF HAL_CSIM
				    pushad    pushfd        push    __data
				    mov     eax, __addr
				    add     eax, __offset
				    push    eax    call    halStore32@8
				
				    popfd    popadELSE    mov    [__addr + __offset], __data
				ENDIFENDM ; GR_FIFO_WRITE
				
				;--------------------------------------------------------------------------
				
				_TEXT         SEGMENT PAGE PUBLIC USE32 'CODE'
				              ASSUME DS: FLAT, SS: FLAT
				
				              ALIGN  32
				
				              PUBLIC __grTexDownload_3DNow_MMX@24
				
				__grTexDownload_3DNow_MMX@24 PROC NEAR
 00000000			
				    push      ebx                       ; save caller's register variable
				    mov       curT, [esp + _maxT$ - 12] ; curT = maxT
				
				    push      esi                       ; save caller's register variable
				    mov       eax, [esp + _minT$ - 8]   ; minT
				
 00000000			    push      edi                       ; save caller's register variable
				    mov       gc, [esp + _gc$ - 4]      ; gc
 00000000  53			
 00000001  8B 5C 24 18		    push      ebp                       ; save caller's register variable
				    mov       dataPtr, [esp + _texData$]; dataPtr
 00000005  56			
 00000006  8B 44 24 18		IFDEF GLIDE_ALT_TAB
				    test      gc, gc
 0000000A  57			    je        __dlDone
 0000000B  8B 74 24 10		    mov       edx, DWORD PTR [gc+lostContext]
				    mov       ecx, [edx]
 0000000F  55			    test      ecx, 1
 00000010  8B 7C 24 28		    jnz       __dlDone
				ENDIF
				
 00000014  85 F6		    sub       curT, eax                 ; curT = maxT - minT
 00000016  0F 84 0000012A	    mov       fifo, [gc + fifoPtr]      ; fifoPtr
 0000001C  8B 96 000096C4	
 00000022  8B 0A		    mov       curS, [esp + _maxS$]      ; curS = maxS 
 00000024  F7 C1 00000001	    add       curT, 1                   ; curT = maxT - minT + 1
 0000002A  0F 85 00000116	
				    femms                               ; we'll use MMX/3DNow!, make sure FPU register cleared
				
 00000030  2B D8		    mov       edx, curS                 ; curS = maxS = scanline width in DWORDs
 00000032  8B AE 00000DEC	    movd      mm3, [esp + _baseAddr$]   ; 0 | address of texture to download
				
 00000038  8B 4C 24 1C		    shl       curS, 2                   ; scan line width (in bytes)
 0000003C  83 C3 01		    mov       eax, [esp + _minT$]       ; 0 | minT
				
 0000003F  0F 0E		    mov       [esp + _maxS$], curS      ; save scan line width (in bytes)
				    shl       edx, 3                    ; packetHdr<21:3> = maxS = scanline width in DWORDs
 00000041  8B D1		
 00000043  0F 6E 5C 24 18	    imul      eax, curS                 ; TEX_ROW_ADDR_INCR(minT) = minT * TEX_ROW_ADDR_INCR(1)
				
 00000048  C1 E1 02		    movd      mm2, curS                 ; 0 | TEX_ROW_ADDR_INCR(1)
 0000004B  8B 44 24 20		    or        edx, 00000005h            ; packetHdr<31:30> = lfb port
				                                        ; packetHdr<21:3>  = maxS
 0000004F  89 4C 24 1C		                                        ; packetHdr<2:0>   = packetType 5 
 00000053  C1 E2 03		
				    movd      mm1, edx                  ; 0 | packetHdr
 00000056  0F AF C1		    movd      mm4, eax                  ; 0 | TEX_ROW_ADDR_INCR(minT)
				
 00000059  0F 6E D1		    psllq     mm2, 32                   ; TEX_ROW_ADDR_INCR(1) | 0
 0000005C  83 CA 05		    paddd     mm3, mm4                  ; 0 | texAddr = texBaseAddr + TEX_ROW_ADDR_INCR(minT)
				
				    mov       fRoom, [gc + fifoRoom]    ; get available fifoRoom (in bytes)
				    punpckldq mm1, mm3                  ; hdr2 = texAddr | hdr1 = packetHdr
 0000005F  0F 6E CA		
 00000062  0F 6E E0		    ;; ebx = curT, edi = dataPtr, esi = gc, ebp = fifo, ecx = curS = maxS
				    ;; edx = fifoRoom, mm1 = texAddr|packetHdr, mm2 = TEX_ROW_ADDR_INCR(1)|0
 00000065  0F 73 F2/ 20		
 00000069  0F FE DC		    test      fifo, 4                   ; is fifo QWORD aligned ?
				    jz        __startDownload           ; yup, start texture download
 0000006C  8B 96 00000DF4	
 00000072  0F 62 CB		    cmp       fRoom, 4                  ; enough room for NULL packet in fifo?
				    jge       __mmxAlignFifo            ; yes, write NULL packet to align fifo
				
				ifdef USE_PACKET_FIFO
				    push      @Line                     ; Line # inside this function
 00000075  F7 C5 00000004	    push      0                         ; NULL file name
 0000007B  0F 84 0000009F	
				    push      4                         ; fifo space required (bytes)
 00000081  83 FA 04		    call      __grCommandTransportMakeRoom@12 ; make fifo room
 00000084  7D 26		endif
				    
				    mov       fifo, [gc + fifoPtr]      ; fifoPtr modified by _grCommandTransportMakeRoom, reload
 00000086  68 000000C4		
 0000008B  6A 00		    mov       fRoom, [gc + fifoRoom]    ; fifoRoom modified by _grCommandTransportMakeRoom, reload
				    mov       curS, [esp + _maxS$]      ; reload maxS (destroyed by call to _grCommandTransportMakeRoom)
 0000008D  6A 04		
 0000008F  E8 00000000 E	    test      fifo, 4                   ; new fifoPtr QWORD aligned ?
				    jz        __startDownload           ; yup, start texture download
				
 00000094  8B AE 00000DEC	__mmxAlignFifo:
				
 0000009A  8B 96 00000DF4	    mov       DWORD PTR [fifo], 0       ; write NULL packet
 000000A0  8B 4C 24 1C		    sub       fRoom, 4                  ; fifoRoom -= 4
				
 000000A4  F7 C5 00000004	    mov       [gc + fifoRoom], fRoom    ; store new fifoRoom
 000000AA  74 74		    add       fifo, 4                   ; fifoPtr += 4
				
 000000AC			IFDEF GLIDE_DEBUG
				    mov       [gc + checkPtr], fifo      ; checkPtr
 000000AC  C7 45 00		ENDIF
	   00000000
 000000B3  83 EA 04		
				    mov       [gc + fifoPtr], fifo      ; store new fifoPtr
 000000B6  89 96 00000DF4	    jmp       __startDownload           ; fifo aligned, download texture now
 000000BC  83 C5 04		
				    align 32
				
				    ;; ebx = curT, edi = dataPtr, esi = gc, ebp = fifo, ecx = maxS = curS
				    ;; edx=fifoRoom, mm1 = texAddr|packetHdr, mm2 = TEX_ROW_ADDR_INCR(1)|0
				
 000000BF  89 AE 00000DEC	__loopT:
 000000C5  EB 59		
				IFDEF GLIDE_DEBUG
				
				    ;; Make sure that we have a QWORD aligned fifoPtr; force GP if not aligned
				
				    test      fifo, 4                   ; is fifoPtr QWORD aligned ?
				    jz        __alignmentOK             ; yup, continue
 000000E0			
				    xor       eax, eax                  ; create 0
				    mov       [eax], eax                ; move to DS:[0] forces GP 
				__alignmentOK:      
				ENDIF ; GLIDE_DEBUG
				
				    ;; Compute packet header words
				    ;;  hdr1: downloadSpace[31:30] numWords[21:3] packetType[2:0]
				    ;;  hdr2: download address[29:0]
				
				    movq      [fifo], mm1               ; store hdr2 | hdr1
				    add       fifo, 8                   ; increment fifo ptr (hdr1 + hdr2)
				
				    ;; S coordinate inner loop unrolled for 8 texels a write
				
				__loopS:        
				
				    movq      mm0, [dataPtr]            ; load 64 bit data (8 texels)
 000000E0  0F 7F 4D 00		    add       fifo, 8                   ; pre-increment fifoPtr += 2 * sizeof(FxU32)
 000000E4  83 C5 08		
				    add       dataPtr, 8                ; dataPtr += 2 * sizeof(FxU32)
				    sub       curS, 8                   ; curS -= 2 * sizeof(FxU32)
				
 000000E7			    movq      [fifo - 8], mm0           ; *fifoPtr = texelData[64 bits]
				    jnz       __loopS                   ; loop while curS > 0
 000000E7  0F 6F 07		
 000000EA  83 C5 08		    mov       ecx, [gc + fifoPtr]       ; old fifo ptr
				    nop                                 ; filler
 000000ED  83 C7 08		
 000000F0  83 E9 08		    mov       eax, fifo                 ; new fifo ptr
				    mov       [gc + fifoPtr], fifo      ; save new fifo ptr
 000000F3  0F 7F 45 F8		
 000000F7  75 EE		IFDEF GLIDE_DEBUG
				    mov       [gc + checkPtr], fifo      ; checkPtr
 000000F9  8B 8E 00000DEC	ENDIF
 000000FF  90			
				    sub       eax, ecx                  ; new fifo ptr - old fifo ptr = fifo space used up
 00000100  8B C5		    mov       curS, [esp + _maxS$]      ; curS = maxS = width of scanline (bytes)
 00000102  89 AE 00000DEC	
				    sub       fRoom, eax                ; new fifo space available = old fifo space available - fifo space used up = new fifo space available
				    sub       curT, 1                   ; curT--
				
				    mov       [gc + fifoRoom], fRoom    ; save new fifo space available 
				    jz        __dlDone                  ; loop while curT > 0
 00000108  2B C1		
 0000010A  8B 4C 24 1C		    ;; Check for room to write the next texture scanline
				
 0000010E  2B D0		    ;; ebx = curT, edi = dataPtr, esi = gc, ebp = fifo
 00000110  83 EB 01		    ;; edx = fifoRoom, mm1 = texAddr|packetHdr, mm2 = TEX_ROW_ADDR_INCR(1)|0
				
 00000113  89 96 00000DF4	    paddd     mm1, mm2                  ; texAddr+=TEX_ROW_ADDR_INCR(1) | packetHdr
 00000119  74 2B		    mov       esp, esp                  ; filler
				__startDownload:
				    lea       eax, [curS+8]             ; fifo space needed = scan line width + header size
				 
				    cmp       fRoom, eax                ; fifo space available >= fifo space required ?
				    jge       __loopT                   ; yup, write next scan line
				
 0000011B  0F FE CA		ifdef USE_PACKET_FIFO
 0000011E  8B E4		    push      @Line                     ; Line # inside this function
 00000120			    push      0h                        ; NULL file name
 00000120  8D 41 08		
				    push      eax                       ; fifo space required
 00000123  3B D0		    call      __grCommandTransportMakeRoom@12 ; make fifo room (if fifoPtr QWORD aligned before
 00000125  7D B9		endif
				    
				    mov       fifo, [gc + fifoPtr]      ; fifoPtr was modified by _grCommandTransportMakeRoom, reload
 00000127  68 0000012A		
 0000012C  6A 00		    mov       fRoom, [gc + fifoRoom]    ; fifoRoom was modified by _grCommandTransportMakeRoom, reload
				    mov       curS, [esp + _maxS$]      ; curS = maxS = width of scanline (bytes)
 0000012E  50			    jmp       __loopT                   ; we now have enough fifo room, write next scanline
 0000012F  E8 00000000 E	
				__dlDone:           
				
 00000134  8B AE 00000DEC	    femms                               ; exit 3DNow!(tm) state
				    
 0000013A  8B 96 00000DF4	    pop       ebp                       ; restore caller's register variable
 00000140  8B 4C 24 1C		    pop       edi                       ; restore caller's register variable
 00000144  EB 9A		    
				    pop       esi                       ; restore caller's register variable
 00000146			    pop       ebx                       ; restore caller's register variable
				    
 00000146  0F 0E		    ret       24                        ; pop 6 DWORD parameters and return
				
 00000148  5D			__grTexDownload_3DNow_MMX@24 ENDP
 00000149  5F			
				_TEXT ENDS
 0000014A  5E			
 0000014B  5B			END
 0000014C  C2 0018
 0000014F
 014F
Microsoft (R) Macro Assembler Version 6.14.8444		    11/13/00 18:10:07
xtexdl.asm						     Symbols 2 - 1




Macros:

                N a m e                 Type

GR_FIFO_WRITE  . . . . . . . . .	Proc


Segments and Groups:

                N a m e                 Size     Length   Align   Combine Class

FLAT . . . . . . . . . . . . . .	GROUP
_TEXT  . . . . . . . . . . . . .	32 Bit	 014F	  Page	  Public  'CODE'	


Procedures,  parameters and locals:

                N a m e                 Type     Value    Attr

__grTexDownload_3DNow_MMX@24 . .	P Near	 0000	  _TEXT	Length= 014F Public
  __mmxAlignFifo . . . . . . . .	L Near	 00AC	  _TEXT	
  __loopT  . . . . . . . . . . .	L Near	 00E0	  _TEXT	
  __loopS  . . . . . . . . . . .	L Near	 00E7	  _TEXT	
  __startDownload  . . . . . . .	L Near	 0120	  _TEXT	
  __dlDone . . . . . . . . . . .	L Near	 0146	  _TEXT	


Symbols:

                N a m e                 Type     Value    Attr

CPUType  . . . . . . . . . . . .	Number	 0010h	 
CoordinateSpace  . . . . . . . .	Number	 0DA0h	 
GLIDE_ALT_TAB  . . . . . . . . .	Text   	 
GLIDE_INIT_HWC . . . . . . . . .	Text   	 
GLIDE_PACKED_RGB . . . . . . . .	Text   	 0
GLIDE_TRI_CULLING  . . . . . . .	Text   	 1
GL_AMD3D . . . . . . . . . . . .	Text   	 
MM0  . . . . . . . . . . . . . .	Text   	 MM(0)
MM1  . . . . . . . . . . . . . .	Text   	 MM(1)
MM2  . . . . . . . . . . . . . .	Text   	 MM(2)
MM3  . . . . . . . . . . . . . .	Text   	 MM(3)
MM4  . . . . . . . . . . . . . .	Text   	 MM(4)
MM5  . . . . . . . . . . . . . .	Text   	 MM(5)
MM6  . . . . . . . . . . . . . .	Text   	 MM(6)
MM7  . . . . . . . . . . . . . .	Text   	 MM(7)
Mm0  . . . . . . . . . . . . . .	Text   	 MM(0)
Mm1  . . . . . . . . . . . . . .	Text   	 MM(1)
Mm2  . . . . . . . . . . . . . .	Text   	 MM(2)
Mm3  . . . . . . . . . . . . . .	Text   	 MM(3)
Mm4  . . . . . . . . . . . . . .	Text   	 MM(4)
Mm5  . . . . . . . . . . . . . .	Text   	 MM(5)
Mm6  . . . . . . . . . . . . . .	Text   	 MM(6)
Mm7  . . . . . . . . . . . . . .	Text   	 MM(7)
SIZEOF_GC  . . . . . . . . . . .	Number	 971Ch	 
SIZEOF_GlideRoot . . . . . . . .	Number	 000BD26Ch   
SIZEOF_GrState . . . . . . . . .	Number	 0BC4h	 
STACKOFFSET  . . . . . . . . . .	Number	 0010h	 
USE_PACKET_FIFO  . . . . . . . .	Text   	 1
__grCommandTransportMakeRoom@12 	L Near	 0000	  External
_baseAddr$ . . . . . . . . . . .	Number	 0018h	 
_gc$ . . . . . . . . . . . . . .	Number	 0014h	 
_maxS$ . . . . . . . . . . . . .	Number	 001Ch	 
_maxT$ . . . . . . . . . . . . .	Number	 0024h	 
_minT$ . . . . . . . . . . . . .	Number	 0020h	 
_texData$  . . . . . . . . . . .	Number	 0028h	 
bInfo  . . . . . . . . . . . . .	Number	 011Ch	 
base_ptr . . . . . . . . . . . .	Number	 0074h	 
colorType  . . . . . . . . . . .	Number	 0B7Ch	 
cullStripHdr . . . . . . . . . .	Number	 0DE4h	 
cull_mode  . . . . . . . . . . .	Number	 01E0h	 
curS . . . . . . . . . . . . . .	Text   	 ecx
curTriSize . . . . . . . . . . .	Number	 004Ch	 
curT . . . . . . . . . . . . . .	Text   	 ebx
current_sst  . . . . . . . . . .	Number	 000Ch	 
dataPtr  . . . . . . . . . . . .	Text   	 edi
depth_range  . . . . . . . . . .	Number	 0A4Ch	 
drawTrianglesProc  . . . . . . .	Number	 0DD0h	 
drawVertexList . . . . . . . . .	Number	 0DCCh	 
fRoom  . . . . . . . . . . . . .	Text   	 edx
fbi_fbzMode  . . . . . . . . . .	Number	 0210h	 
fifoEnd  . . . . . . . . . . . .	Number	 0E10h	 
fifoJmpHdr . . . . . . . . . . .	Number	 0E1Ch	 
fifoOffset . . . . . . . . . . .	Number	 0E14h	 
fifoPtr  . . . . . . . . . . . .	Number	 0DECh	 
fifoRead . . . . . . . . . . . .	Number	 0DF0h	 
fifoRoom . . . . . . . . . . . .	Number	 0DF4h	 
fifoSize . . . . . . . . . . . .	Number	 0E18h	 
fifoStart  . . . . . . . . . . .	Number	 0E0Ch	 
fifo . . . . . . . . . . . . . .	Text   	 ebp
fogInfo_mode . . . . . . . . . .	Number	 0B34h	 
fogInfo_offset . . . . . . . . .	Number	 0B38h	 
gc . . . . . . . . . . . . . . .	Text   	 esi
invalid  . . . . . . . . . . . .	Number	 0B80h	 
lfbLockCount . . . . . . . . . .	Number	 0E2Ch	 
lfb_ptr  . . . . . . . . . . . .	Number	 0080h	 
lostContext  . . . . . . . . . .	Number	 96C4h	 
mM0  . . . . . . . . . . . . . .	Text   	 MM(0)
mM1  . . . . . . . . . . . . . .	Text   	 MM(1)
mM2  . . . . . . . . . . . . . .	Text   	 MM(2)
mM3  . . . . . . . . . . . . . .	Text   	 MM(3)
mM4  . . . . . . . . . . . . . .	Text   	 MM(4)
mM5  . . . . . . . . . . . . . .	Text   	 MM(5)
mM6  . . . . . . . . . . . . . .	Text   	 MM(6)
mM7  . . . . . . . . . . . . . .	Text   	 MM(7)
mm0  . . . . . . . . . . . . . .	Text   	 MM(0)
mm1  . . . . . . . . . . . . . .	Text   	 MM(1)
mm2  . . . . . . . . . . . . . .	Text   	 MM(2)
mm3  . . . . . . . . . . . . . .	Text   	 MM(3)
mm4  . . . . . . . . . . . . . .	Text   	 MM(4)
mm5  . . . . . . . . . . . . . .	Text   	 MM(5)
mm6  . . . . . . . . . . . . . .	Text   	 MM(6)
mm7  . . . . . . . . . . . . . .	Text   	 MM(7)
p6Fencer . . . . . . . . . . . .	Number	 0000h	 
paramIndex . . . . . . . . . . .	Number	 01E4h	 
paramMask  . . . . . . . . . . .	Number	 0DE8h	 
pool_f1  . . . . . . . . . . . .	Number	 0028h	 
pool_f255  . . . . . . . . . . .	Number	 002Ch	 
q0Info_mode  . . . . . . . . . .	Number	 0B64h	 
q0Info_offset  . . . . . . . . .	Number	 0B68h	 
q1Info_mode  . . . . . . . . . .	Number	 0B6Ch	 
q1Info_offset  . . . . . . . . .	Number	 0B70h	 
qInfo_mode . . . . . . . . . . .	Number	 0B5Ch	 
qInfo_offset . . . . . . . . . .	Number	 0B60h	 
reg_ptr  . . . . . . . . . . . .	Number	 0078h	 
roomToEnd  . . . . . . . . . . .	Number	 0E28h	 
roomToReadPtr  . . . . . . . . .	Number	 0E24h	 
tlsOffset  . . . . . . . . . . .	Number	 0008h	 
tmu0_s_scale . . . . . . . . . .	Number	 0A0Ch	 
tmu0_t_scale . . . . . . . . . .	Number	 0A10h	 
tmu1_s_scale . . . . . . . . . .	Number	 0A2Ch	 
tmu1_t_scale . . . . . . . . . .	Number	 0A30h	 
triPacketHdr . . . . . . . . . .	Number	 0DE0h	 
triSetupProc . . . . . . . . . .	Number	 0DCCh	 
trisDrawn  . . . . . . . . . . .	Number	 0010h	 
trisProcessed  . . . . . . . . .	Number	 000Ch	 
tsuDataList  . . . . . . . . . .	Number	 0124h	 
vertexSize . . . . . . . . . . .	Number	 0B78h	 
vertexStride . . . . . . . . . .	Number	 0B74h	 
vp_hdepth  . . . . . . . . . . .	Number	 0B10h	 
vp_hheight . . . . . . . . . . .	Number	 0B0Ch	 
vp_hwidth  . . . . . . . . . . .	Number	 0B08h	 
vp_ox  . . . . . . . . . . . . .	Number	 0AFCh	 
vp_oy  . . . . . . . . . . . . .	Number	 0B00h	 
vp_oz  . . . . . . . . . . . . .	Number	 0B04h	 
wInfo_offset . . . . . . . . . .	Number	 0B28h	 
windowed . . . . . . . . . . . .	Number	 96CCh	 

	   0 Warnings
	   0 Errors
