
Microsoft (R) Program Maintenance Utility   Version 6.00.8168.0
Copyright (C) Microsoft Corp 1988-1998. All rights reserved.

	rm -f *.cod *.bak *.pdb *.ilk *.map *.sym *.err *.i stderr.out tmp.opt *.evt *.sbr *.bsc  __junk__ > NUL
	rm -f      builddos.bat buildwin.bat __junk__ > NUL

F:\src\glide\devel\h5>call \src\glide\devel\swlibs\include\nmake\updown bin NMAKE clean "debug=1"
====recursing into bin (make clean) =======================================
	rm -f *.cod *.bak *.pdb *.ilk *.map *.sym *.err *.i stderr.out tmp.opt *.evt *.sbr *.bsc *.exe *.dll *.bat *.sim __junk__ > NUL
	rm -f      builddos.bat buildwin.bat __junk__ > NUL

F:\src\glide\devel\h5>call \src\glide\devel\swlibs\include\nmake\updown binsrc NMAKE clean "debug=1"
====recursing into binsrc (make clean) =======================================
	rm -f *.cod *.bak *.pdb *.ilk *.map *.sym *.err *.i stderr.out tmp.opt *.evt *.sbr *.bsc  __junk__ > NUL
	rm -f      builddos.bat buildwin.bat __junk__ > NUL

F:\src\glide\devel\h5>call \src\glide\devel\swlibs\include\nmake\updown lib NMAKE clean "debug=1"
====recursing into lib (make clean) =======================================
	rm -f *.cod *.bak *.pdb *.ilk *.map *.sym *.err *.i stderr.out tmp.opt *.evt *.sbr *.bsc *.lib __junk__ > NUL
	rm -f      builddos.bat buildwin.bat __junk__ > NUL

F:\src\glide\devel\h5>call \src\glide\devel\swlibs\include\nmake\updown libsrc NMAKE clean "debug=1"
====recursing into libsrc (make clean) =======================================
	rm -f *.cod *.bak *.pdb *.ilk *.map *.sym *.err *.i stderr.out tmp.opt *.evt *.sbr *.bsc  __junk__ > NUL
	rm -f      builddos.bat buildwin.bat __junk__ > NUL

F:\src\glide\devel\h5>call \src\glide\devel\swlibs\include\nmake\updown include NMAKE clean "debug=1"
====recursing into include (make clean) =======================================
	rm -f *.cod *.bak *.pdb *.ilk *.map *.sym *.err *.i stderr.out tmp.opt *.evt *.sbr *.bsc *.h __junk__ > NUL
	rm -f      builddos.bat buildwin.bat __junk__ > NUL

F:\src\glide\devel\h5>call \src\glide\devel\swlibs\include\nmake\updown incsrc NMAKE clean "debug=1"
====recursing into incsrc (make clean) =======================================
	rm -f *.cod *.bak *.pdb *.ilk *.map *.sym *.err *.i stderr.out tmp.opt *.evt *.sbr *.bsc gendate.exe gendate.obj gendate.h __junk__ > NUL
	rm -f      builddos.bat buildwin.bat __junk__ > NUL

F:\src\glide\devel\h5>call \src\glide\devel\swlibs\include\nmake\updown cinit NMAKE clean "debug=1"
====recursing into cinit (make clean) =======================================
	rm -f *.cod *.bak *.pdb *.ilk *.map *.sym *.err *.i stderr.out tmp.opt *.evt *.sbr *.bsc h3csim.lib __junk__ > NUL
	rm -f h3cinit.obj     builddos.bat buildwin.bat __junk__ > NUL

F:\src\glide\devel\h5>call \src\glide\devel\swlibs\include\nmake\updown minihwc NMAKE clean "debug=1"
====recursing into minihwc (make clean) =======================================
	rm -f *.cod *.bak *.pdb *.ilk *.map *.sym *.err *.i stderr.out tmp.opt *.evt *.sbr *.bsc  __junk__ > NUL
	rm -f minihwc.obj hwcio.obj gdebug.obj win_mode.obj     builddos.bat buildwin.bat __junk__ > NUL

F:\src\glide\devel\h5>call \src\glide\devel\swlibs\include\nmake\updown GLIDE3 NMAKE clean "debug=1"
////no such directory GLIDE3 (make clean) ////////////////////////////////////
Bad command or file name

F:\src\glide\devel\h5>call \src\glide\devel\swlibs\include\nmake\updown bin NMAKE incs "debug=1"
====recursing into bin (make incs) =======================================

F:\src\glide\devel\h5>call \src\glide\devel\swlibs\include\nmake\updown binsrc NMAKE incs "debug=1"
====recursing into binsrc (make incs) =======================================

F:\src\glide\devel\h5>call \src\glide\devel\swlibs\include\nmake\updown lib NMAKE incs "debug=1"
====recursing into lib (make incs) =======================================

F:\src\glide\devel\h5>call \src\glide\devel\swlibs\include\nmake\updown libsrc NMAKE incs "debug=1"
====recursing into libsrc (make incs) =======================================

F:\src\glide\devel\h5>call \src\glide\devel\swlibs\include\nmake\updown include NMAKE incs "debug=1"
====recursing into include (make incs) =======================================

F:\src\glide\devel\h5>call \src\glide\devel\swlibs\include\nmake\updown incsrc NMAKE incs "debug=1"
====recursing into incsrc (make incs) =======================================
	cl gendate.c
Microsoft (R) 32-bit C/C++ Optimizing Compiler Version 12.00.8168 for 80x86
Copyright (C) Microsoft Corp 1984-1998. All rights reserved.

gendate.c
Microsoft (R) Incremental Linker Version 6.00.8447
Copyright (C) Microsoft Corp 1992-1998. All rights reserved.

/out:gendate.exe 
gendate.obj 
	gendate.exe > gendate.h
	del gendate.exe
	xcopy /d /k /r /i /s /q h3cinit.h \src\glide\devel\H5\include
        1 File(s) copied
	xcopy /d /k /r /i /s /q fxhal.h \src\glide\devel\H5\include
        1 File(s) copied
	xcopy /d /k /r /i /s /q fxvid.h \src\glide\devel\H5\include
        1 File(s) copied
	xcopy /d /k /r /i /s /q gdebug.h \src\glide\devel\H5\include
        1 File(s) copied
	xcopy /d /k /r /i /s /q h3.h \src\glide\devel\H5\include
        1 File(s) copied
	xcopy /d /k /r /i /s /q h3gdefs.h \src\glide\devel\H5\include
        1 File(s) copied
	xcopy /d /k /r /i /s /q h3hwc.h \src\glide\devel\H5\include
        1 File(s) copied
	xcopy /d /k /r /i /s /q h3info.h \src\glide\devel\H5\include
        1 File(s) copied
	xcopy /d /k /r /i /s /q h3regs.h \src\glide\devel\H5\include
        1 File(s) copied
	xcopy /d /k /r /i /s /q sst1vid.h \src\glide\devel\H5\include
        1 File(s) copied
	xcopy /d /k /r /i /s /q vector.h \src\glide\devel\H5\include
        1 File(s) copied
	xcopy /d /k /r /i /s /q vxd.h \src\glide\devel\H5\include
        1 File(s) copied
	xcopy /d /k /r /i /s /q cmddefs.h \src\glide\devel\H5\include
        1 File(s) copied
	xcopy /d /k /r /i /s /q h3defs.h \src\glide\devel\H5\include
        1 File(s) copied
	xcopy /d /k /r /i /s /q gendate.h \src\glide\devel\H5\include
        1 File(s) copied
	attrib +r \src\glide\devel\H5\include\h3cinit.h
	attrib +r \src\glide\devel\H5\include\fxhal.h
	attrib +r \src\glide\devel\H5\include\fxvid.h
	attrib +r \src\glide\devel\H5\include\gdebug.h
	attrib +r \src\glide\devel\H5\include\h3.h
	attrib +r \src\glide\devel\H5\include\h3gdefs.h
	attrib +r \src\glide\devel\H5\include\h3hwc.h
	attrib +r \src\glide\devel\H5\include\h3info.h
	attrib +r \src\glide\devel\H5\include\h3regs.h
	attrib +r \src\glide\devel\H5\include\sst1vid.h
	attrib +r \src\glide\devel\H5\include\vector.h
	attrib +r \src\glide\devel\H5\include\vxd.h
	attrib +r \src\glide\devel\H5\include\cmddefs.h
	attrib +r \src\glide\devel\H5\include\h3defs.h
	attrib +r \src\glide\devel\H5\include\gendate.h

F:\src\glide\devel\h5>call \src\glide\devel\swlibs\include\nmake\updown cinit NMAKE incs "debug=1"
====recursing into cinit (make incs) =======================================
	xcopy /d /k /r /i /s /q h3cinit.h \src\glide\devel\H5\include
        1 File(s) copied
	attrib +r \src\glide\devel\H5\include\h3cinit.h

F:\src\glide\devel\h5>call \src\glide\devel\swlibs\include\nmake\updown minihwc NMAKE incs "debug=1"
====recursing into minihwc (make incs) =======================================
	xcopy /d /k /r /i /s /q hwcext.h \src\glide\devel\H5\include
        1 File(s) copied
	xcopy /d /k /r /i /s /q minihwc.h \src\glide\devel\H5\include
        1 File(s) copied
	xcopy /d /k /r /i /s /q setmode.h \src\glide\devel\H5\include
        1 File(s) copied
	xcopy /d /k /r /i /s /q hwcio.h \src\glide\devel\H5\include
        1 File(s) copied
	attrib +r \src\glide\devel\H5\include\hwcext.h
	attrib +r \src\glide\devel\H5\include\minihwc.h
	attrib +r \src\glide\devel\H5\include\setmode.h
	attrib +r \src\glide\devel\H5\include\hwcio.h

F:\src\glide\devel\h5>call \src\glide\devel\swlibs\include\nmake\updown GLIDE3 NMAKE incs "debug=1"
////no such directory GLIDE3 (make incs) ////////////////////////////////////
Bad command or file name

F:\src\glide\devel\h5>call \src\glide\devel\swlibs\include\nmake\updown bin NMAKE libs "debug=1"
====recursing into bin (make libs) =======================================

F:\src\glide\devel\h5>call \src\glide\devel\swlibs\include\nmake\updown binsrc NMAKE libs "debug=1"
====recursing into binsrc (make libs) =======================================

F:\src\glide\devel\h5>call \src\glide\devel\swlibs\include\nmake\updown lib NMAKE libs "debug=1"
====recursing into lib (make libs) =======================================

F:\src\glide\devel\h5>call \src\glide\devel\swlibs\include\nmake\updown libsrc NMAKE libs "debug=1"
====recursing into libsrc (make libs) =======================================

F:\src\glide\devel\h5>call \src\glide\devel\swlibs\include\nmake\updown include NMAKE libs "debug=1"
====recursing into include (make libs) =======================================

F:\src\glide\devel\h5>call \src\glide\devel\swlibs\include\nmake\updown incsrc NMAKE libs "debug=1"
====recursing into incsrc (make libs) =======================================

F:\src\glide\devel\h5>call \src\glide\devel\swlibs\include\nmake\updown cinit NMAKE libs "debug=1"
====recursing into cinit (make libs) =======================================
	cl -Z7 -I\src\glide\devel\swlibs\include -D__MSC__ -DWIN32 -D__WIN32__ -nologo -W3 -G5  /c -I\src\glide\devel\swlibs\include -I\src\glide\devel\H5\include  -DH3_B0  -WX    h3cinit.c
h3cinit.c
	lib -nologo /out:h3cinit.lib h3cinit.obj     
	xcopy /d /k /r /i /s /q h3cinit.lib \src\glide\devel\H5\lib
        1 File(s) copied
	attrib +r \src\glide\devel\H5\lib\h3cinit.lib

F:\src\glide\devel\h5>call \src\glide\devel\swlibs\include\nmake\updown minihwc NMAKE libs "debug=1"
====recursing into minihwc (make libs) =======================================
	cl -Z7 -I\src\glide\devel\swlibs\include -D__MSC__ -DWIN32 -D__WIN32__ -nologo -W3 -G5  /c   -IF:\DevTools\Dx7sdk\include  -IF:\DevTools\Dx7ddk\inc  -IF:\DevTools\win95ddk\inc32  -I\src\glide\devel\swlibs\include  -I\src\glide\devel\H5\include -DHWC_EXT_INIT -DHWC_ACCESS_DDRAW /WX  -DHWC_EXT_INIT -DHWC_ACCESS_DDRAW -DFX_GLIDE_NAPALM=1  minihwc.c
minihwc.c
	cl -Z7 -I\src\glide\devel\swlibs\include -D__MSC__ -DWIN32 -D__WIN32__ -nologo -W3 -G5  /c   -IF:\DevTools\Dx7sdk\include  -IF:\DevTools\Dx7ddk\inc  -IF:\DevTools\win95ddk\inc32  -I\src\glide\devel\swlibs\include  -I\src\glide\devel\H5\include -DHWC_EXT_INIT -DHWC_ACCESS_DDRAW /WX  -DHWC_EXT_INIT -DHWC_ACCESS_DDRAW -DFX_GLIDE_NAPALM=1  hwcio.c
hwcio.c
	cl -Z7 -I\src\glide\devel\swlibs\include -D__MSC__ -DWIN32 -D__WIN32__ -nologo -W3 -G5  /c   -IF:\DevTools\Dx7sdk\include  -IF:\DevTools\Dx7ddk\inc  -IF:\DevTools\win95ddk\inc32  -I\src\glide\devel\swlibs\include  -I\src\glide\devel\H5\include -DHWC_EXT_INIT -DHWC_ACCESS_DDRAW /WX  -DHWC_EXT_INIT -DHWC_ACCESS_DDRAW -DFX_GLIDE_NAPALM=1  gdebug.c
gdebug.c
	cl -Z7 -I\src\glide\devel\swlibs\include -D__MSC__ -DWIN32 -D__WIN32__ -nologo -W3 -G5  /c   -IF:\DevTools\Dx7sdk\include  -IF:\DevTools\Dx7ddk\inc  -IF:\DevTools\win95ddk\inc32  -I\src\glide\devel\swlibs\include  -I\src\glide\devel\H5\include -DHWC_EXT_INIT -DHWC_ACCESS_DDRAW /WX  -DHWC_EXT_INIT -DHWC_ACCESS_DDRAW -DFX_GLIDE_NAPALM=1  win_mode.c
win_mode.c
	lib -nologo /out:minihwc.lib minihwc.obj hwcio.obj gdebug.obj win_mode.obj      F:\DevTools\Dx7sdk\lib\dxguid.lib  F:\DevTools\Dx7sdk\lib\ddraw.lib 
	xcopy /d /k /r /i /s /q minihwc.lib \src\glide\devel\H5\lib
        1 File(s) copied
	attrib +r \src\glide\devel\H5\lib\minihwc.lib

F:\src\glide\devel\h5>call \src\glide\devel\swlibs\include\nmake\updown GLIDE3 NMAKE libs "debug=1"
////no such directory GLIDE3 (make libs) ////////////////////////////////////
Bad command or file name

F:\src\glide\devel\h5>call \src\glide\devel\swlibs\include\nmake\updown bin NMAKE bins "debug=1"
====recursing into bin (make bins) =======================================

F:\src\glide\devel\h5>call \src\glide\devel\swlibs\include\nmake\updown binsrc NMAKE bins "debug=1"
====recursing into binsrc (make bins) =======================================

F:\src\glide\devel\h5>call \src\glide\devel\swlibs\include\nmake\updown lib NMAKE bins "debug=1"
====recursing into lib (make bins) =======================================

F:\src\glide\devel\h5>call \src\glide\devel\swlibs\include\nmake\updown libsrc NMAKE bins "debug=1"
====recursing into libsrc (make bins) =======================================

F:\src\glide\devel\h5>call \src\glide\devel\swlibs\include\nmake\updown include NMAKE bins "debug=1"
====recursing into include (make bins) =======================================

F:\src\glide\devel\h5>call \src\glide\devel\swlibs\include\nmake\updown incsrc NMAKE bins "debug=1"
====recursing into incsrc (make bins) =======================================

F:\src\glide\devel\h5>call \src\glide\devel\swlibs\include\nmake\updown cinit NMAKE bins "debug=1"
====recursing into cinit (make bins) =======================================

F:\src\glide\devel\h5>call \src\glide\devel\swlibs\include\nmake\updown minihwc NMAKE bins "debug=1"
====recursing into minihwc (make bins) =======================================

F:\src\glide\devel\h5>call \src\glide\devel\swlibs\include\nmake\updown GLIDE3 NMAKE bins "debug=1"
////no such directory GLIDE3 (make bins) ////////////////////////////////////
Bad command or file name
