 3dfx32vs

 Timestamp is 3a0cb94f (Fri Nov 10 19:13:19 2000)

 Preferred load address is baa00000

 Start         Length     Name                   Class
 0001:00000000 0000015cH .idata$5                CODE
 0001:00000160 00001908H .rdata                  CODE
 0001:00001a80 0007045eH .text                   CODE
 0001:00071ee0 00000050H .idata$2                CODE
 0001:00071f30 00000014H .idata$3                CODE
 0001:00071f44 0000015cH .idata$4                CODE
 0001:000720a0 00000624H .idata$6                CODE
 0002:00000000 00000004H .CRT$XCA                DATA
 0002:00000004 00000004H .CRT$XCZ                DATA
 0002:00000008 00000004H .CRT$XIA                DATA
 0002:0000000c 00000004H .CRT$XIC                DATA
 0002:00000010 00000004H .CRT$XIZ                DATA
 0002:00000014 00000004H .CRT$XPA                DATA
 0002:00000018 00000004H .CRT$XPZ                DATA
 0002:0000001c 00000004H .CRT$XTA                DATA
 0002:00000020 00000004H .CRT$XTZ                DATA
 0002:00000040 00021af0H .data                   DATA
 0002:00021b30 0000562cH .bss                    DATA
 0003:00000000 0000004aH .edata                  DATA
 0004:00000000 00000058H .rsrc$01                DATA
 0004:00000060 00000390H .rsrc$02                DATA

  Address         Publics by Value              Rva+Base     Lib:Object

 0001:00000000       __imp__RegOpenKeyExA@20    baa01000     advapi32:ADVAPI32.dll
 0001:00000004       __imp__RegCreateKeyExA@36  baa01004     advapi32:ADVAPI32.dll
 0001:00000008       __imp__RegCloseKey@4       baa01008     advapi32:ADVAPI32.dll
 0001:0000000c       __imp__RegQueryValueExA@24 baa0100c     advapi32:ADVAPI32.dll
 0001:00000010       __imp__RegSetValueExA@24   baa01010     advapi32:ADVAPI32.dll
 0001:00000014       \177ADVAPI32_NULL_THUNK_DATA baa01014     advapi32:ADVAPI32.dll
 0001:00000018       __imp__DDHAL32_VidMemFree@12 baa01018     ddraw:DDRAW.dll
 0001:0000001c       __imp__DDHAL32_VidMemAlloc@16 baa0101c     ddraw:DDRAW.dll
 0001:00000020       \177DDRAW_NULL_THUNK_DATA  baa01020     ddraw:DDRAW.dll
 0001:00000024       __imp__GetProfileStringA@20 baa01024     kernel32:KERNEL32.dll
 0001:00000028       __imp__DeviceIoControl@32  baa01028     kernel32:KERNEL32.dll
 0001:0000002c       __imp__GetModuleFileNameA@12 baa0102c     kernel32:KERNEL32.dll
 0001:00000030       __imp__HeapFree@12         baa01030     kernel32:KERNEL32.dll
 0001:00000034       __imp__WriteFile@20        baa01034     kernel32:KERNEL32.dll
 0001:00000038       __imp__CreateFileA@28      baa01038     kernel32:KERNEL32.dll
 0001:0000003c       __imp__CloseHandle@4       baa0103c     kernel32:KERNEL32.dll
 0001:00000040       __imp__QueryPerformanceFrequency@4 baa01040     kernel32:KERNEL32.dll
 0001:00000044       __imp__QueryPerformanceCounter@4 baa01044     kernel32:KERNEL32.dll
 0001:00000048       __imp__OutputDebugStringA@4 baa01048     kernel32:KERNEL32.dll
 0001:0000004c       __imp__HeapAlloc@12        baa0104c     kernel32:KERNEL32.dll
 0001:00000050       __imp__HeapCreate@12       baa01050     kernel32:KERNEL32.dll
 0001:00000054       __imp__DisableThreadLibraryCalls@4 baa01054     kernel32:KERNEL32.dll
 0001:00000058       __imp__QT_Thunk            baa01058     kernel32:KERNEL32.dll
 0001:0000005c       __imp__GetModuleHandleA@4  baa0105c     kernel32:KERNEL32.dll
 0001:00000060       __imp__SetHandleCount@4    baa01060     kernel32:KERNEL32.dll
 0001:00000064       __imp__EnterCriticalSection@4 baa01064     kernel32:KERNEL32.dll
 0001:00000068       __imp__LeaveCriticalSection@4 baa01068     kernel32:KERNEL32.dll
 0001:0000006c       __imp__GetCommandLineA@0   baa0106c     kernel32:KERNEL32.dll
 0001:00000070       __imp__GetVersion@0        baa01070     kernel32:KERNEL32.dll
 0001:00000074       __imp__GetLastError@0      baa01074     kernel32:KERNEL32.dll
 0001:00000078       __imp__SetConsoleCtrlHandler@8 baa01078     kernel32:KERNEL32.dll
 0001:0000007c       __imp__GetProcAddress@8    baa0107c     kernel32:KERNEL32.dll
 0001:00000080       __imp__ExitProcess@4       baa01080     kernel32:KERNEL32.dll
 0001:00000084       __imp__TerminateProcess@8  baa01084     kernel32:KERNEL32.dll
 0001:00000088       __imp__GetCurrentProcess@0 baa01088     kernel32:KERNEL32.dll
 0001:0000008c       __imp__GetCurrentThreadId@0 baa0108c     kernel32:KERNEL32.dll
 0001:00000090       __imp__TlsSetValue@8       baa01090     kernel32:KERNEL32.dll
 0001:00000094       __imp__TlsAlloc@0          baa01094     kernel32:KERNEL32.dll
 0001:00000098       __imp__TlsFree@4           baa01098     kernel32:KERNEL32.dll
 0001:0000009c       __imp__SetLastError@4      baa0109c     kernel32:KERNEL32.dll
 0001:000000a0       __imp__TlsGetValue@4       baa010a0     kernel32:KERNEL32.dll
 0001:000000a4       __imp__GetCurrentThread@0  baa010a4     kernel32:KERNEL32.dll
 0001:000000a8       __imp__GetCPInfo@8         baa010a8     kernel32:KERNEL32.dll
 0001:000000ac       __imp__GetStdHandle@4      baa010ac     kernel32:KERNEL32.dll
 0001:000000b0       __imp__GetFileType@4       baa010b0     kernel32:KERNEL32.dll
 0001:000000b4       __imp__GetStartupInfoA@4   baa010b4     kernel32:KERNEL32.dll
 0001:000000b8       __imp__DeleteCriticalSection@4 baa010b8     kernel32:KERNEL32.dll
 0001:000000bc       __imp__FreeEnvironmentStringsA@4 baa010bc     kernel32:KERNEL32.dll
 0001:000000c0       __imp__FreeEnvironmentStringsW@4 baa010c0     kernel32:KERNEL32.dll
 0001:000000c4       __imp__WideCharToMultiByte@32 baa010c4     kernel32:KERNEL32.dll
 0001:000000c8       __imp__GetEnvironmentStrings@0 baa010c8     kernel32:KERNEL32.dll
 0001:000000cc       __imp__GetEnvironmentStringsW@0 baa010cc     kernel32:KERNEL32.dll
 0001:000000d0       __imp__HeapDestroy@4       baa010d0     kernel32:KERNEL32.dll
 0001:000000d4       __imp__VirtualFree@12      baa010d4     kernel32:KERNEL32.dll
 0001:000000d8       __imp__InitializeCriticalSection@4 baa010d8     kernel32:KERNEL32.dll
 0001:000000dc       __imp__LoadLibraryA@4      baa010dc     kernel32:KERNEL32.dll
 0001:000000e0       __imp__RtlUnwind@16        baa010e0     kernel32:KERNEL32.dll
 0001:000000e4       __imp__FatalAppExitA@8     baa010e4     kernel32:KERNEL32.dll
 0001:000000e8       __imp__UnhandledExceptionFilter@4 baa010e8     kernel32:KERNEL32.dll
 0001:000000ec       __imp__MultiByteToWideChar@24 baa010ec     kernel32:KERNEL32.dll
 0001:000000f0       __imp__GetStringTypeA@20   baa010f0     kernel32:KERNEL32.dll
 0001:000000f4       __imp__GetStringTypeW@16   baa010f4     kernel32:KERNEL32.dll
 0001:000000f8       __imp__InterlockedDecrement@4 baa010f8     kernel32:KERNEL32.dll
 0001:000000fc       __imp__InterlockedIncrement@4 baa010fc     kernel32:KERNEL32.dll
 0001:00000100       __imp__IsValidLocale@8     baa01100     kernel32:KERNEL32.dll
 0001:00000104       __imp__GetACP@0            baa01104     kernel32:KERNEL32.dll
 0001:00000108       __imp__GetOEMCP@0          baa01108     kernel32:KERNEL32.dll
 0001:0000010c       __imp__VirtualAlloc@16     baa0110c     kernel32:KERNEL32.dll
 0001:00000110       __imp__HeapReAlloc@16      baa01110     kernel32:KERNEL32.dll
 0001:00000114       __imp__IsBadWritePtr@8     baa01114     kernel32:KERNEL32.dll
 0001:00000118       __imp__EnumSystemLocalesA@8 baa01118     kernel32:KERNEL32.dll
 0001:0000011c       __imp__GetLocaleInfoA@16   baa0111c     kernel32:KERNEL32.dll
 0001:00000120       __imp__Sleep@4             baa01120     kernel32:KERNEL32.dll
 0001:00000124       __imp__LCMapStringA@24     baa01124     kernel32:KERNEL32.dll
 0001:00000128       __imp__LCMapStringW@24     baa01128     kernel32:KERNEL32.dll
 0001:0000012c       __imp__GetUserDefaultLCID@0 baa0112c     kernel32:KERNEL32.dll
 0001:00000130       __imp__IsValidCodePage@4   baa01130     kernel32:KERNEL32.dll
 0001:00000134       __imp__CompareStringW@24   baa01134     kernel32:KERNEL32.dll
 0001:00000138       __imp__SetEnvironmentVariableA@8 baa01138     kernel32:KERNEL32.dll
 0001:0000013c       __imp__GetVersionExA@4     baa0113c     kernel32:KERNEL32.dll
 0001:00000140       __imp__GetTimeZoneInformation@4 baa01140     kernel32:KERNEL32.dll
 0001:00000144       __imp__GetLocaleInfoW@16   baa01144     kernel32:KERNEL32.dll
 0001:00000148       __imp__CompareStringA@24   baa01148     kernel32:KERNEL32.dll
 0001:0000014c       \177KERNEL32_NULL_THUNK_DATA baa0114c     kernel32:KERNEL32.dll
 0001:00000150       __imp__MapVirtualKeyA@8    baa01150     user32:USER32.dll
 0001:00000154       __imp__wvsprintfA@12       baa01154     user32:USER32.dll
 0001:00000158       \177USER32_NULL_THUNK_DATA baa01158     user32:USER32.dll
 0001:000001b8       __real@8@3ffe8000000000000000 baa011b8     ddfxs32.obj
 0001:000001c0       __real@8@4006ff00000000000000 baa011c0     ddfxs32.obj
 0001:000001c8       __real@8@3ff78080808080808000 baa011c8     ddfxs32.obj
 0001:000001d0       __real@8@3fff8000000000000000 baa011d0     ddfxs32.obj
 0001:000001d8       __real@8@3ffddc28f5c28f5c2800 baa011d8     ddfxs32.obj
 0001:000001e0       __real@8@bfff8000000000000000 baa011e0     ddfxs32.obj
 0001:000001e8       __real@8@00000000000000000000 baa011e8     ddfxs32.obj
 0001:000001f0       __real@8@3feea7c5ac471b478800 baa011f0     ddfxs32.obj
 0001:000001f8       __real@8@bfeea7c5ac471b478800 baa011f8     ddfxs32.obj
 0001:00000200       __real@8@40008000000000000000 baa01200     ddfxs32.obj
 0001:00000208       __real@8@4000c000000000000000 baa01208     ddfxs32.obj
 0001:00000230       __real@4@3fff8000000000000000 baa01230     runtime.obj
 0001:00000234       __real@4@3ffbccccccccccccd000 baa01234     runtime.obj
 0001:00000238       __real@4@4002a000000000000000 baa01238     runtime.obj
 0001:0000023c       __real@4@00000000000000000000 baa0123c     runtime.obj
 0001:00000240       __real@4@bfff8000000000000000 baa01240     runtime.obj
 0001:00000244       __real@4@4001c000000000000000 baa01244     runtime.obj
 0001:00000248       __real@4@3ff8a3d70a0000000000 baa01248     runtime.obj
 0001:0000024c       __real@4@3ff8a3d70a3d70a3d800 baa0124c     runtime.obj
 0001:00000250       __real@4@4005c800000000000000 baa01250     runtime.obj
 0001:00000254       __real@4@3ffe8000000000000000 baa01254     runtime.obj
 0001:00000258       __real@4@3fffb333330000000000 baa01258     runtime.obj
 0001:0000025c       __real@4@40018000000000000000 baa0125c     runtime.obj
 0001:00000260       __real@8@40038000000000000000 baa01260     d3d:d3init.obj
 0001:00000268       __real@4@40078000000000000000 baa01268     d3d:d3txtr.obj
 0001:0000026c       __real@4@bffeffff000000000000 baa0126c     d3d:d6dp2.obj
 0001:00000270       __real@4@400efff0000000000000 baa01270     d3d:d6dp2.obj
 0001:00000278       _CLSID_DirectDraw          baa01278     d3d:d3global.obj
 0001:00000288       _CLSID_DirectDraw7         baa01288     d3d:d3global.obj
 0001:00000298       _CLSID_DirectDrawClipper   baa01298     d3d:d3global.obj
 0001:000002a8       _IID_IDirectDraw           baa012a8     d3d:d3global.obj
 0001:000002b8       _IID_IDirectDraw2          baa012b8     d3d:d3global.obj
 0001:000002c8       _IID_IDirectDraw4          baa012c8     d3d:d3global.obj
 0001:000002d8       _IID_IDirectDraw7          baa012d8     d3d:d3global.obj
 0001:000002e8       _IID_IDirectDrawSurface    baa012e8     d3d:d3global.obj
 0001:000002f8       _IID_IDirectDrawSurface2   baa012f8     d3d:d3global.obj
 0001:00000308       _IID_IDirectDrawSurface3   baa01308     d3d:d3global.obj
 0001:00000318       _IID_IDirectDrawSurface4   baa01318     d3d:d3global.obj
 0001:00000328       _IID_IDirectDrawSurface7   baa01328     d3d:d3global.obj
 0001:00000338       _IID_IDirectDrawPalette    baa01338     d3d:d3global.obj
 0001:00000348       _IID_IDirectDrawClipper    baa01348     d3d:d3global.obj
 0001:00000358       _IID_IDirectDrawColorControl baa01358     d3d:d3global.obj
 0001:00000368       _IID_IDirectDrawGammaControl baa01368     d3d:d3global.obj
 0001:00000378       _IID_IDDVideoPortContainer baa01378     d3d:d3global.obj
 0001:00000388       _IID_IDirectDrawVideoPort  baa01388     d3d:d3global.obj
 0001:00000398       _DDVPTYPE_E_HREFH_VREFH    baa01398     d3d:d3global.obj
 0001:000003a8       _DDVPTYPE_E_HREFH_VREFL    baa013a8     d3d:d3global.obj
 0001:000003b8       _DDVPTYPE_E_HREFL_VREFH    baa013b8     d3d:d3global.obj
 0001:000003c8       _DDVPTYPE_E_HREFL_VREFL    baa013c8     d3d:d3global.obj
 0001:000003d8       _DDVPTYPE_CCIR656          baa013d8     d3d:d3global.obj
 0001:000003e8       _DDVPTYPE_BROOKTREE        baa013e8     d3d:d3global.obj
 0001:000003f8       _DDVPTYPE_PHILIPS          baa013f8     d3d:d3global.obj
 0001:00000408       _IID_IDirectDrawKernel     baa01408     d3d:d3global.obj
 0001:00000418       _IID_IDirectDrawSurfaceKernel baa01418     d3d:d3global.obj
 0001:00000428       _GUID_MiscellaneousCallbacks baa01428     d3d:d3global.obj
 0001:00000438       _GUID_VideoPortCallbacks   baa01438     d3d:d3global.obj
 0001:00000448       _GUID_ColorControlCallbacks baa01448     d3d:d3global.obj
 0001:00000458       _GUID_VideoPortCaps        baa01458     d3d:d3global.obj
 0001:00000468       _GUID_D3DCallbacks2        baa01468     d3d:d3global.obj
 0001:00000478       _GUID_D3DCallbacks3        baa01478     d3d:d3global.obj
 0001:00000488       _GUID_NonLocalVidMemCaps   baa01488     d3d:d3global.obj
 0001:00000498       _GUID_KernelCallbacks      baa01498     d3d:d3global.obj
 0001:000004a8       _GUID_KernelCaps           baa014a8     d3d:d3global.obj
 0001:000004b8       _GUID_D3DExtendedCaps      baa014b8     d3d:d3global.obj
 0001:000004c8       _GUID_ZPixelFormats        baa014c8     d3d:d3global.obj
 0001:000004d8       _GUID_DDMoreSurfaceCaps    baa014d8     d3d:d3global.obj
 0001:000004e8       _GUID_DDStereoMode         baa014e8     d3d:d3global.obj
 0001:000004f8       _GUID_OptSurfaceKmodeInfo  baa014f8     d3d:d3global.obj
 0001:00000508       _GUID_OptSurfaceUmodeInfo  baa01508     d3d:d3global.obj
 0001:00000518       _GUID_UserModeDriverInfo   baa01518     d3d:d3global.obj
 0001:00000528       _GUID_UserModeDriverPassword baa01528     d3d:d3global.obj
 0001:00000538       _GUID_D3DParseUnknownCommandCallback baa01538     d3d:d3global.obj
 0001:00000548       _GUID_MotionCompCallbacks  baa01548     d3d:d3global.obj
 0001:00000558       _GUID_Miscellaneous2Callbacks baa01558     d3d:d3global.obj
 0001:00000568       _IID_IDirect3D             baa01568     d3d:d3global.obj
 0001:00000578       _IID_IDirect3D2            baa01578     d3d:d3global.obj
 0001:00000588       _IID_IDirect3D3            baa01588     d3d:d3global.obj
 0001:00000598       _IID_IDirect3D7            baa01598     d3d:d3global.obj
 0001:000005a8       _IID_IDirect3DRampDevice   baa015a8     d3d:d3global.obj
 0001:000005b8       _IID_IDirect3DRGBDevice    baa015b8     d3d:d3global.obj
 0001:000005c8       _IID_IDirect3DHALDevice    baa015c8     d3d:d3global.obj
 0001:000005d8       _IID_IDirect3DMMXDevice    baa015d8     d3d:d3global.obj
 0001:000005e8       _IID_IDirect3DRefDevice    baa015e8     d3d:d3global.obj
 0001:000005f8       _IID_IDirect3DNullDevice   baa015f8     d3d:d3global.obj
 0001:00000608       _IID_IDirect3DTnLHalDevice baa01608     d3d:d3global.obj
 0001:00000618       _IID_IDirect3DDevice       baa01618     d3d:d3global.obj
 0001:00000628       _IID_IDirect3DDevice2      baa01628     d3d:d3global.obj
 0001:00000638       _IID_IDirect3DDevice3      baa01638     d3d:d3global.obj
 0001:00000648       _IID_IDirect3DDevice7      baa01648     d3d:d3global.obj
 0001:00000658       _IID_IDirect3DTexture      baa01658     d3d:d3global.obj
 0001:00000668       _IID_IDirect3DTexture2     baa01668     d3d:d3global.obj
 0001:00000678       _IID_IDirect3DLight        baa01678     d3d:d3global.obj
 0001:00000688       _IID_IDirect3DMaterial     baa01688     d3d:d3global.obj
 0001:00000698       _IID_IDirect3DMaterial2    baa01698     d3d:d3global.obj
 0001:000006a8       _IID_IDirect3DMaterial3    baa016a8     d3d:d3global.obj
 0001:000006b8       _IID_IDirect3DExecuteBuffer baa016b8     d3d:d3global.obj
 0001:000006c8       _IID_IDirect3DViewport     baa016c8     d3d:d3global.obj
 0001:000006d8       _IID_IDirect3DViewport2    baa016d8     d3d:d3global.obj
 0001:000006e8       _IID_IDirect3DViewport3    baa016e8     d3d:d3global.obj
 0001:000006f8       _IID_IDirect3DVertexBuffer baa016f8     d3d:d3global.obj
 0001:00000708       _IID_IDirect3DVertexBuffer7 baa01708     d3d:d3global.obj
 0001:00000718       _const_m1                  baa01718     d3d:d3global.obj
 0001:0000071c       _const_5                   baa0171c     d3d:d3global.obj
 0001:00000720       _const_1                   baa01720     d3d:d3global.obj
 0001:00000724       __real@4@4006ff00000000000000 baa01724     d3d:d3fog.obj
 0001:00000728       __real@8@40078080000000000000 baa01728     d3d:d6tri2.obj
 0001:00000b60       __real@4@40048000000000000000 baa01b60     d3d:fxt.obj
 0001:00000b64       __real@4@4003a000000000000000 baa01b64     d3d:fxt.obj
 0001:00000b68       __real@4@40028000000000000000 baa01b68     d3d:fxt.obj
 0001:00000b6c       __real@4@3ffc8000000000000000 baa01b6c     d3d:fxt.obj
 0001:00000b70       __real@4@4004c800000000000000 baa01b70     d3d:fxt.obj
 0001:00000b78       __real@8@4005c800000000000000 baa01b78     d3d:fxt.obj
 0001:00000dfc       __real@4@3ffd90a3d70000000000 baa01dfc     d3d:d6line.obj
 0001:00000e00       __real@4@3ffe90a3d70000000000 baa01e00     d3d:d6line.obj
 0001:00000e08       __real@8@4015800bf60000000000 baa01e08     libcmt:testfdiv.obj
 0001:00000e10       __real@8@4014bffffc0000000000 baa01e10     libcmt:testfdiv.obj
 0001:00000e18       ??_C@_0BK@JEGK@IsProcessorFeaturePresent?$AA@ baa01e18     libcmt:testfdiv.obj
 0001:00000e34       ??_C@_08OBID@KERNEL32?$AA@ baa01e34     libcmt:testfdiv.obj
 0001:00000e40       ??_C@_05OFLO@e?$CL000?$AA@ baa01e40     libcmt:cvt.obj
 0001:00000e48       ??_C@_0P@GGKG@runtime?5error?5?$AA@ baa01e48     libcmt:crt0msg.obj
 0001:00000e58       ??_C@_02PIMC@?$AN?6?$AA@   baa01e58     libcmt:crt0msg.obj
 0001:00000e5c       ??_C@_0O@DELO@TLOSS?5error?$AN?6?$AA@ baa01e5c     libcmt:crt0msg.obj
 0001:00000e6c       ??_C@_0N@OMLL@SING?5error?$AN?6?$AA@ baa01e6c     libcmt:crt0msg.obj
 0001:00000e7c       ??_C@_0P@OJAK@DOMAIN?5error?$AN?6?$AA@ baa01e7c     libcmt:crt0msg.obj
 0001:00000e8c       ??_C@_0CF@EANP@R6028?$AN?6?9?5unable?5to?5initialize?5he@ baa01e8c     libcmt:crt0msg.obj
 0001:00000eb4       ??_C@_0DF@ECGN@R6027?$AN?6?9?5not?5enough?5space?5for?5lo@ baa01eb4     libcmt:crt0msg.obj
 0001:00000eec       ??_C@_0DF@FKAC@R6026?$AN?6?9?5not?5enough?5space?5for?5st@ baa01eec     libcmt:crt0msg.obj
 0001:00000f24       ??_C@_0CG@DPMN@R6025?$AN?6?9?5pure?5virtual?5function?5c@ baa01f24     libcmt:crt0msg.obj
 0001:00000f4c       ??_C@_0DF@CKIP@R6024?$AN?6?9?5not?5enough?5space?5for?5_o@ baa01f4c     libcmt:crt0msg.obj
 0001:00000f84       ??_C@_0CJ@GGOE@R6019?$AN?6?9?5unable?5to?5open?5console?5@ baa01f84     libcmt:crt0msg.obj
 0001:00000fb0       ??_C@_0CB@LBOB@R6018?$AN?6?9?5unexpected?5heap?5error?$AN?6@ baa01fb0     libcmt:crt0msg.obj
 0001:00000fd4       ??_C@_0CN@FPEG@R6017?$AN?6?9?5unexpected?5multithread?5@ baa01fd4     libcmt:crt0msg.obj
 0001:00001004       ??_C@_0CM@OBIC@R6016?$AN?6?9?5not?5enough?5space?5for?5th@ baa02004     libcmt:crt0msg.obj
 0001:00001030       ??_C@_0CB@HPAL@?$AN?6abnormal?5program?5termination?$AN?6@ baa02030     libcmt:crt0msg.obj
 0001:00001054       ??_C@_0CM@JOOB@R6009?$AN?6?9?5not?5enough?5space?5for?5en@ baa02054     libcmt:crt0msg.obj
 0001:00001080       ??_C@_0CK@OIBL@R6008?$AN?6?9?5not?5enough?5space?5for?5ar@ baa02080     libcmt:crt0msg.obj
 0001:000010ac       ??_C@_0CF@LKPB@R6002?$AN?6?9?5floating?5point?5not?5load@ baa020ac     libcmt:crt0msg.obj
 0001:000010d4       ??_C@_0CF@JPDF@Microsoft?5Visual?5C?$CL?$CL?5Runtime?5Lib@ baa020d4     libcmt:crt0msg.obj
 0001:000010fc       ??_C@_02JJJH@?6?6?$AA@     baa020fc     libcmt:crt0msg.obj
 0001:00001100       ??_C@_0BK@DEOK@Runtime?5Error?$CB?6?6Program?3?5?$AA@ baa02100     libcmt:crt0msg.obj
 0001:0000111c       ??_C@_03NAME@?4?4?4?$AA@   baa0211c     libcmt:crt0msg.obj
 0001:00001120       ??_C@_0BH@NNCD@?$DMprogram?5name?5unknown?$DO?$AA@ baa02120     libcmt:crt0msg.obj
 0001:00001138       ??_C@_01A@?$AA?$AA@        baa02138     libcmt:a_str.obj
 0001:0000113c       ??_C@_13A@?$AA?$AA?$AA?$AA@ baa0213c     libcmt:a_str.obj
 0001:0000114c       ??_C@_0BD@NJFP@GetLastActivePopup?$AA@ baa0214c     libcmt:crtmbox.obj
 0001:00001160       ??_C@_0BA@GILI@GetActiveWindow?$AA@ baa02160     libcmt:crtmbox.obj
 0001:00001170       ??_C@_0M@PKCK@MessageBoxA?$AA@ baa02170     libcmt:crtmbox.obj
 0001:0000117c       ??_C@_0L@HKL@user32?4dll?$AA@ baa0217c     libcmt:crtmbox.obj
 0001:00001188       ??_C@_07PCLE@LC_TIME?$AA@  baa02188     libcmt:setlocal.obj
 0001:00001190       ??_C@_0L@NKG@LC_NUMERIC?$AA@ baa02190     libcmt:setlocal.obj
 0001:0000119c       ??_C@_0M@CBIH@LC_MONETARY?$AA@ baa0219c     libcmt:setlocal.obj
 0001:000011a8       ??_C@_08LFGE@LC_CTYPE?$AA@ baa021a8     libcmt:setlocal.obj
 0001:000011b4       ??_C@_0L@CFLC@LC_COLLATE?$AA@ baa021b4     libcmt:setlocal.obj
 0001:000011c0       ??_C@_06GCPK@LC_ALL?$AA@   baa021c0     libcmt:setlocal.obj
 0001:000011c8       ??_C@_01FAJB@?$DL?$AA@     baa021c8     libcmt:setlocal.obj
 0001:000011cc       ??_C@_02BGDO@?$DN?$DL?$AA@ baa021cc     libcmt:setlocal.obj
 0001:000011d0       ??_C@_01KPOD@?$DN?$AA@     baa021d0     libcmt:setlocal.obj
 0001:000011d4       ??_C@_03DBOJ@_?4?0?$AA@    baa021d4     libcmt:setlocal.obj
 0001:000011d8       ??_C@_01PJCK@?4?$AA@       baa021d8     libcmt:setlocal.obj
 0001:000011dc       ??_C@_01NON@_?$AA@         baa021dc     libcmt:setlocal.obj
 0001:000011f8       ??_C@_06PAPI@1?$CDQNAN?$AA@ baa021f8     libcmt:x10fout.obj
 0001:00001200       ??_C@_05BGNL@1?$CDINF?$AA@ baa02200     libcmt:x10fout.obj
 0001:00001208       ??_C@_05EDPF@1?$CDIND?$AA@ baa02208     libcmt:x10fout.obj
 0001:00001210       ??_C@_06LKFM@1?$CDSNAN?$AA@ baa02210     libcmt:x10fout.obj
 0001:00001218       ??_C@_08OBJD@Paraguay?$AA@ baa02218     libcmt:getqloc.obj
 0001:00001224       ??_C@_07GLKH@Uruguay?$AA@  baa02224     libcmt:getqloc.obj
 0001:0000122c       ??_C@_05FPFC@Chile?$AA@    baa0222c     libcmt:getqloc.obj
 0001:00001234       ??_C@_07IIGF@Ecuador?$AA@  baa02234     libcmt:getqloc.obj
 0001:0000123c       ??_C@_09PKAL@Argentina?$AA@ baa0223c     libcmt:getqloc.obj
 0001:00001248       ??_C@_04LKAH@Peru?$AA@     baa02248     libcmt:getqloc.obj
 0001:00001250       ??_C@_08NEEM@Colombia?$AA@ baa02250     libcmt:getqloc.obj
 0001:0000125c       ??_C@_09ODEB@Venezuela?$AA@ baa0225c     libcmt:getqloc.obj
 0001:00001268       ??_C@_0BD@CLEL@Dominican?5Republic?$AA@ baa02268     libcmt:getqloc.obj
 0001:0000127c       ??_C@_0N@MDGL@South?5Africa?$AA@ baa0227c     libcmt:getqloc.obj
 0001:0000128c       ??_C@_06NKBG@Panama?$AA@   baa0228c     libcmt:getqloc.obj
 0001:00001294       ??_C@_0L@BMHO@Luxembourg?$AA@ baa02294     libcmt:getqloc.obj
 0001:000012a0       ??_C@_0L@IMDK@Costa?5Rica?$AA@ baa022a0     libcmt:getqloc.obj
 0001:000012ac       ??_C@_0M@BLJF@Switzerland?$AA@ baa022ac     libcmt:getqloc.obj
 0001:000012b8       ??_C@_09KBOL@Guatemala?$AA@ baa022b8     libcmt:getqloc.obj
 0001:000012c4       ??_C@_06JNAK@Canada?$AA@   baa022c4     libcmt:getqloc.obj
 0001:000012cc       ??_C@_0BG@OLLP@Spanish?5?9?5Modern?5Sort?$AA@ baa022cc     libcmt:getqloc.obj
 0001:000012e4       ??_C@_09IDKE@Australia?$AA@ baa022e4     libcmt:getqloc.obj
 0001:000012f0       ??_C@_07JJJJ@English?$AA@  baa022f0     libcmt:getqloc.obj
 0001:000012f8       ??_C@_07NMDO@Austria?$AA@  baa022f8     libcmt:getqloc.obj
 0001:00001300       ??_C@_06DEFE@German?$AA@   baa02300     libcmt:getqloc.obj
 0001:00001308       ??_C@_07JAIH@Belgium?$AA@  baa02308     libcmt:getqloc.obj
 0001:00001310       ??_C@_06BNLJ@Mexico?$AA@   baa02310     libcmt:getqloc.obj
 0001:00001318       ??_C@_07JHAG@Spanish?$AA@  baa02318     libcmt:getqloc.obj
 0001:00001320       ??_C@_06DADE@Basque?$AA@   baa02320     libcmt:getqloc.obj
 0001:00001328       ??_C@_06ENFP@Sweden?$AA@   baa02328     libcmt:getqloc.obj
 0001:00001330       ??_C@_07JPMH@Swedish?$AA@  baa02330     libcmt:getqloc.obj
 0001:00001338       ??_C@_07IEKF@Iceland?$AA@  baa02338     libcmt:getqloc.obj
 0001:00001340       ??_C@_09KNEA@Icelandic?$AA@ baa02340     libcmt:getqloc.obj
 0001:0000134c       ??_C@_06IJOD@France?$AA@   baa0234c     libcmt:getqloc.obj
 0001:00001354       ??_C@_06EINI@French?$AA@   baa02354     libcmt:getqloc.obj
 0001:0000135c       ??_C@_07FOOE@Finland?$AA@  baa0235c     libcmt:getqloc.obj
 0001:00001364       ??_C@_07OJOM@Finnish?$AA@  baa02364     libcmt:getqloc.obj
 0001:0000136c       ??_C@_05FFAC@Spain?$AA@    baa0236c     libcmt:getqloc.obj
 0001:00001374       ??_C@_0BL@BIHM@Spanish?5?9?5Traditional?5Sort?$AA@ baa02374     libcmt:getqloc.obj
 0001:00001390       ??_C@_0O@GLHB@united?9states?$AA@ baa02390     libcmt:getqloc.obj
 0001:000013a0       ??_C@_0P@IIKK@united?9kingdom?$AA@ baa023a0     libcmt:getqloc.obj
 0001:000013b0       ??_C@_0BC@FHBO@trinidad?5?$CG?5tobago?$AA@ baa023b0     libcmt:getqloc.obj
 0001:000013c4       ??_C@_0M@BDFM@south?9korea?$AA@ baa023c4     libcmt:getqloc.obj
 0001:000013d0       ??_C@_0N@CKFA@south?9africa?$AA@ baa023d0     libcmt:getqloc.obj
 0001:000013e0       ??_C@_0M@HNHN@south?5korea?$AA@ baa023e0     libcmt:getqloc.obj
 0001:000013ec       ??_C@_0N@MKDO@south?5africa?$AA@ baa023ec     libcmt:getqloc.obj
 0001:000013fc       ??_C@_06KFFJ@slovak?$AA@   baa023fc     libcmt:getqloc.obj
 0001:00001404       ??_C@_0M@NMAC@puerto?9rico?$AA@ baa02404     libcmt:getqloc.obj
 0001:00001410       ??_C@_08EJOH@pr?9china?$AA@ baa02410     libcmt:getqloc.obj
 0001:0000141c       ??_C@_08CHMG@pr?5china?$AA@ baa0241c     libcmt:getqloc.obj
 0001:00001428       ??_C@_02OCJK@nz?$AA@       baa02428     libcmt:getqloc.obj
 0001:0000142c       ??_C@_0M@MMKA@new?9zealand?$AA@ baa0242c     libcmt:getqloc.obj
 0001:00001438       ??_C@_09MGEH@hong?9kong?$AA@ baa02438     libcmt:getqloc.obj
 0001:00001444       ??_C@_07CCAK@holland?$AA@  baa02444     libcmt:getqloc.obj
 0001:0000144c       ??_C@_0O@MEPL@great?5britain?$AA@ baa0244c     libcmt:getqloc.obj
 0001:0000145c       ??_C@_07LGIB@england?$AA@  baa0245c     libcmt:getqloc.obj
 0001:00001464       ??_C@_05BMOA@czech?$AA@    baa02464     libcmt:getqloc.obj
 0001:0000146c       ??_C@_05NMPB@china?$AA@    baa0246c     libcmt:getqloc.obj
 0001:00001474       ??_C@_07GN@britain?$AA@    baa02474     libcmt:getqloc.obj
 0001:0000147c       ??_C@_07DLAK@america?$AA@  baa0247c     libcmt:getqloc.obj
 0001:00001484       ??_C@_03IPEP@usa?$AA@      baa02484     libcmt:getqloc.obj
 0001:00001488       ??_C@_02PILH@us?$AA@       baa02488     libcmt:getqloc.obj
 0001:0000148c       ??_C@_02FHP@uk?$AA@        baa0248c     libcmt:getqloc.obj
 0001:00001490       ??_C@_05DEAI@swiss?$AA@    baa02490     libcmt:getqloc.obj
 0001:00001498       ??_C@_0BA@LIAF@swedish?9finland?$AA@ baa02498     libcmt:getqloc.obj
 0001:000014a8       ??_C@_0BC@FMEG@spanish?9venezuela?$AA@ baa024a8     libcmt:getqloc.obj
 0001:000014bc       ??_C@_0BA@BNMG@spanish?9uruguay?$AA@ baa024bc     libcmt:getqloc.obj
 0001:000014cc       ??_C@_0BE@BKDJ@spanish?9puerto?5rico?$AA@ baa024cc     libcmt:getqloc.obj
 0001:000014e0       ??_C@_0N@JIBL@spanish?9peru?$AA@ baa024e0     libcmt:getqloc.obj
 0001:000014f0       ??_C@_0BB@OGOF@spanish?9paraguay?$AA@ baa024f0     libcmt:getqloc.obj
 0001:00001504       ??_C@_0P@LLFA@spanish?9panama?$AA@ baa02504     libcmt:getqloc.obj
 0001:00001514       ??_C@_0BC@BBJM@spanish?9nicaragua?$AA@ baa02514     libcmt:getqloc.obj
 0001:00001528       ??_C@_0P@NJBN@spanish?9modern?$AA@ baa02528     libcmt:getqloc.obj
 0001:00001538       ??_C@_0BA@NHDN@spanish?9mexican?$AA@ baa02538     libcmt:getqloc.obj
 0001:00001548       ??_C@_0BB@JHOJ@spanish?9honduras?$AA@ baa02548     libcmt:getqloc.obj
 0001:0000155c       ??_C@_0BC@BOOM@spanish?9guatemala?$AA@ baa0255c     libcmt:getqloc.obj
 0001:00001570       ??_C@_0BE@EELI@spanish?9el?5salvador?$AA@ baa02570     libcmt:getqloc.obj
 0001:00001584       ??_C@_0BA@POAE@spanish?9ecuador?$AA@ baa02584     libcmt:getqloc.obj
 0001:00001594       ??_C@_0BL@LDKN@spanish?9dominican?5republic?$AA@ baa02594     libcmt:getqloc.obj
 0001:000015b0       ??_C@_0BD@HPMH@spanish?9costa?5rica?$AA@ baa025b0     libcmt:getqloc.obj
 0001:000015c4       ??_C@_0BB@NDDK@spanish?9colombia?$AA@ baa025c4     libcmt:getqloc.obj
 0001:000015d8       ??_C@_0O@BJHA@spanish?9chile?$AA@ baa025d8     libcmt:getqloc.obj
 0001:000015e8       ??_C@_0BA@OBNG@spanish?9bolivia?$AA@ baa025e8     libcmt:getqloc.obj
 0001:000015f8       ??_C@_0BC@EFAM@spanish?9argentina?$AA@ baa025f8     libcmt:getqloc.obj
 0001:0000160c       ??_C@_0BF@KMMM@portuguese?9brazilian?$AA@ baa0260c     libcmt:getqloc.obj
 0001:00001624       ??_C@_0BC@BAAE@norwegian?9nynorsk?$AA@ baa02624     libcmt:getqloc.obj
 0001:00001638       ??_C@_0BB@PBHK@norwegian?9bokmal?$AA@ baa02638     libcmt:getqloc.obj
 0001:0000164c       ??_C@_09EHKL@norwegian?$AA@ baa0264c     libcmt:getqloc.obj
 0001:00001658       ??_C@_0O@BEAN@italian?9swiss?$AA@ baa02658     libcmt:getqloc.obj
 0001:00001668       ??_C@_0O@OIFK@irish?9english?$AA@ baa02668     libcmt:getqloc.obj
 0001:00001678       ??_C@_0N@NBPL@german?9swiss?$AA@ baa02678     libcmt:getqloc.obj
 0001:00001688       ??_C@_0BC@ICFJ@german?9luxembourg?$AA@ baa02688     libcmt:getqloc.obj
 0001:0000169c       ??_C@_0BE@GGPC@german?9lichtenstein?$AA@ baa0269c     libcmt:getqloc.obj
 0001:000016b0       ??_C@_0BA@MKDC@german?9austrian?$AA@ baa026b0     libcmt:getqloc.obj
 0001:000016c0       ??_C@_0N@ODNB@french?9swiss?$AA@ baa026c0     libcmt:getqloc.obj
 0001:000016d0       ??_C@_0BC@MGCM@french?9luxembourg?$AA@ baa026d0     libcmt:getqloc.obj
 0001:000016e4       ??_C@_0BA@NABK@french?9canadian?$AA@ baa026e4     libcmt:getqloc.obj
 0001:000016f4       ??_C@_0P@CJNO@french?9belgian?$AA@ baa026f4     libcmt:getqloc.obj
 0001:00001704       ??_C@_0M@LJOL@english?9usa?$AA@ baa02704     libcmt:getqloc.obj
 0001:00001710       ??_C@_0L@FMNC@english?9us?$AA@ baa02710     libcmt:getqloc.obj
 0001:0000171c       ??_C@_0L@KBBK@english?9uk?$AA@ baa0271c     libcmt:getqloc.obj
 0001:00001728       ??_C@_0BK@NDDE@english?9trinidad?5y?5tobago?$AA@ baa02728     libcmt:getqloc.obj
 0001:00001744       ??_C@_0BF@LKML@english?9south?5africa?$AA@ baa02744     libcmt:getqloc.obj
 0001:0000175c       ??_C@_0L@EGPP@english?9nz?$AA@ baa0275c     libcmt:getqloc.obj
 0001:00001768       ??_C@_0BA@HLH@english?9jamaica?$AA@ baa02768     libcmt:getqloc.obj
 0001:00001778       ??_C@_0M@PMJI@english?9ire?$AA@ baa02778     libcmt:getqloc.obj
 0001:00001784       ??_C@_0BC@HINE@english?9caribbean?$AA@ baa02784     libcmt:getqloc.obj
 0001:00001798       ??_C@_0M@DCFH@english?9can?$AA@ baa02798     libcmt:getqloc.obj
 0001:000017a4       ??_C@_0P@DGHK@english?9belize?$AA@ baa027a4     libcmt:getqloc.obj
 0001:000017b4       ??_C@_0M@FLHK@english?9aus?$AA@ baa027b4     libcmt:getqloc.obj
 0001:000017c0       ??_C@_0BB@HNCK@english?9american?$AA@ baa027c0     libcmt:getqloc.obj
 0001:000017d4       ??_C@_0O@PAMI@dutch?9belgian?$AA@ baa027d4     libcmt:getqloc.obj
 0001:000017e4       ??_C@_0BE@FPEJ@chinese?9traditional?$AA@ baa027e4     libcmt:getqloc.obj
 0001:000017f8       ??_C@_0BC@CHFL@chinese?9singapore?$AA@ baa027f8     libcmt:getqloc.obj
 0001:0000180c       ??_C@_0BD@DCMH@chinese?9simplified?$AA@ baa0280c     libcmt:getqloc.obj
 0001:00001820       ??_C@_0BB@JMOE@chinese?9hongkong?$AA@ baa02820     libcmt:getqloc.obj
 0001:00001834       ??_C@_07NGFN@chinese?$AA@  baa02834     libcmt:getqloc.obj
 0001:0000183c       ??_C@_03PCOI@chi?$AA@      baa0283c     libcmt:getqloc.obj
 0001:00001840       ??_C@_03FIHP@chh?$AA@      baa02840     libcmt:getqloc.obj
 0001:00001844       ??_C@_08HFLO@canadian?$AA@ baa02844     libcmt:getqloc.obj
 0001:00001850       ??_C@_07INIJ@belgian?$AA@  baa02850     libcmt:getqloc.obj
 0001:00001858       ??_C@_0L@LCCA@australian?$AA@ baa02858     libcmt:getqloc.obj
 0001:00001864       ??_C@_0BB@BJIO@american?9english?$AA@ baa02864     libcmt:getqloc.obj
 0001:00001878       ??_C@_0BB@DAGO@american?5english?$AA@ baa02878     libcmt:getqloc.obj
 0001:0000188c       ??_C@_08HENB@american?$AA@ baa0288c     libcmt:getqloc.obj
 0001:00001898       ??_C@_03DGJE@OCP?$AA@      baa02898     libcmt:getqloc.obj
 0001:0000189c       ??_C@_03EKFG@ACP?$AA@      baa0289c     libcmt:getqloc.obj
 0001:000018a0       ??_C@_07CJME@H?3mm?3ss?$AA@ baa028a0     libcmt:strftime.obj
 0001:000018a8       ??_C@_0BE@MHI@dddd?0?5MMMM?5dd?0?5yyyy?$AA@ baa028a8     libcmt:strftime.obj
 0001:000018bc       ??_C@_06HCAD@M?1d?1yy?$AA@ baa028bc     libcmt:strftime.obj
 0001:000018c4       ??_C@_02DBLP@PM?$AA@       baa028c4     libcmt:strftime.obj
 0001:000018c8       ??_C@_02ENLM@AM?$AA@       baa028c8     libcmt:strftime.obj
 0001:000018cc       ??_C@_08LIDF@December?$AA@ baa028cc     libcmt:strftime.obj
 0001:000018d8       ??_C@_08NJLI@November?$AA@ baa028d8     libcmt:strftime.obj
 0001:000018e4       ??_C@_07IAMM@October?$AA@  baa028e4     libcmt:strftime.obj
 0001:000018ec       ??_C@_09MKGD@September?$AA@ baa028ec     libcmt:strftime.obj
 0001:000018f8       ??_C@_06PADP@August?$AA@   baa028f8     libcmt:strftime.obj
 0001:00001900       ??_C@_04PIJO@July?$AA@     baa02900     libcmt:strftime.obj
 0001:00001908       ??_C@_04ICFP@June?$AA@     baa02908     libcmt:strftime.obj
 0001:00001910       ??_C@_05JFGC@April?$AA@    baa02910     libcmt:strftime.obj
 0001:00001918       ??_C@_05FGPD@March?$AA@    baa02918     libcmt:strftime.obj
 0001:00001920       ??_C@_08PGBA@February?$AA@ baa02920     libcmt:strftime.obj
 0001:0000192c       ??_C@_07BPKJ@January?$AA@  baa0292c     libcmt:strftime.obj
 0001:00001934       ??_C@_03PGJO@Dec?$AA@      baa02934     libcmt:strftime.obj
 0001:00001938       ??_C@_03PDLM@Nov?$AA@      baa02938     libcmt:strftime.obj
 0001:0000193c       ??_C@_03BLHK@Oct?$AA@      baa0293c     libcmt:strftime.obj
 0001:00001940       ??_C@_03DPFM@Sep?$AA@      baa02940     libcmt:strftime.obj
 0001:00001944       ??_C@_03CMCH@Aug?$AA@      baa02944     libcmt:strftime.obj
 0001:00001948       ??_C@_03OBKI@Jul?$AA@      baa02948     libcmt:strftime.obj
 0001:0000194c       ??_C@_03LEIG@Jun?$AA@      baa0294c     libcmt:strftime.obj
 0001:00001950       ??_C@_03MGHB@May?$AA@      baa02950     libcmt:strftime.obj
 0001:00001954       ??_C@_03MJJM@Apr?$AA@      baa02954     libcmt:strftime.obj
 0001:00001958       ??_C@_03GNHA@Mar?$AA@      baa02958     libcmt:strftime.obj
 0001:0000195c       ??_C@_03PICE@Feb?$AA@      baa0295c     libcmt:strftime.obj
 0001:00001960       ??_C@_03IEIF@Jan?$AA@      baa02960     libcmt:strftime.obj
 0001:00001964       ??_C@_08FAKH@Saturday?$AA@ baa02964     libcmt:strftime.obj
 0001:00001970       ??_C@_06ONCK@Friday?$AA@   baa02970     libcmt:strftime.obj
 0001:00001978       ??_C@_08CCFO@Thursday?$AA@ baa02978     libcmt:strftime.obj
 0001:00001984       ??_C@_09PBIN@Wednesday?$AA@ baa02984     libcmt:strftime.obj
 0001:00001990       ??_C@_07BMBC@Tuesday?$AA@  baa02990     libcmt:strftime.obj
 0001:00001998       ??_C@_06CHLK@Monday?$AA@   baa02998     libcmt:strftime.obj
 0001:000019a0       ??_C@_06OOEM@Sunday?$AA@   baa029a0     libcmt:strftime.obj
 0001:000019a8       ??_C@_03MPKK@Sat?$AA@      baa029a8     libcmt:strftime.obj
 0001:000019ac       ??_C@_03FINJ@Fri?$AA@      baa029ac     libcmt:strftime.obj
 0001:000019b0       ??_C@_03HIKC@Thu?$AA@      baa029b0     libcmt:strftime.obj
 0001:000019b4       ??_C@_03HECK@Wed?$AA@      baa029b4     libcmt:strftime.obj
 0001:000019b8       ??_C@_03ECCP@Tue?$AA@      baa029b8     libcmt:strftime.obj
 0001:000019bc       ??_C@_03PIEP@Mon?$AA@      baa029bc     libcmt:strftime.obj
 0001:000019c0       ??_C@_03FHEP@Sun?$AA@      baa029c0     libcmt:strftime.obj
 0001:000019c4       ??_C@_03MKGK@a?1p?$AA@     baa029c4     libcmt:strftime.obj
 0001:000019c8       ??_C@_05BDJK@am?1pm?$AA@   baa029c8     libcmt:strftime.obj
 0001:000019e8       ___dnames                  baa029e8     libcmt:timeset.obj
 0001:00001a00       ___mnames                  baa02a00     libcmt:timeset.obj
 0001:00001a28       ??_C@_02JHIA@TZ?$AA@       baa02a28     libcmt:tzset.obj
 0001:00001a80       __setdefaultprecision      baa02a80 f   fp10.obj
 0001:00001a90       _DllMain@12                baa02a90 f   ddfx95.obj
 0001:00001ab0       _DriverInit@4              baa02ab0 f   ddfx95.obj
 0001:00001c60       _DrvGetDirectDrawInfo@24   baa02c60 f   ddinit.obj
 0001:00001eb0       _DrvEnableDirectDraw@16    baa02eb0 f   ddinit.obj
 0001:00001fc0       _fxinit@8                  baa02fc0 f   ddinit.obj
 0001:00002190       _DdCanCreateSurface@4      baa03190 f   ddsurf.obj
 0001:00002420       _DdCreateSurface@4         baa03420 f   ddsurf.obj
 0001:00002e80       _DdDestroySurface@4        baa03e80 f   ddsurf.obj
 0001:00003090       _DdLock@4                  baa04090 f   ddsurf.obj
 0001:000034a0       _DdUnlock@4                baa044a0 f   ddsurf.obj
 0001:00003640       _DdAddAttachedSurface@4    baa04640 f   ddsurf.obj
 0001:000038f0       _DdSetSurfaceColorKey@4    baa048f0 f   ddsurf.obj
 0001:00003930       _FXGETBUSYSTATUS           baa04930 f   ddsurf.obj
 0001:00003a30       _unpad_dxt1                baa04a30 f   ddsurf.obj
 0001:00003a70       _pad_dxt1                  baa04a70 f   ddsurf.obj
 0001:00003ab0       _DdFlip@4                  baa04ab0 f   ddflip.obj
 0001:00004500       _Convert16BitToTGAFormat   baa05500 f   ddflip.obj
 0001:000045a0       _Convert32BitToTGAFormat   baa055a0 f   ddflip.obj
 0001:00004620       _DdGetFlipStatus@4         baa05620 f   ddflip.obj
 0001:000046f0       _DdWaitForVerticalBlank@4  baa056f0 f   ddflip.obj
 0001:00004810       _DdGetScanLine@4           baa05810 f   ddflip.obj
 0001:00004880       _DdFlipToGDISurface@4      baa05880 f   ddflip.obj
 0001:00004e00       _FXGETFLIPSTATUS           baa05e00 f   ddflip.obj
 0001:00004e20       _FXINVERTICALBLANK         baa05e20 f   ddflip.obj
 0001:00004e60       _FXGETSCANLINE             baa05e60 f   ddflip.obj
 0001:00004e80       _Set_Busy                  baa05e80 f   ddflip.obj
 0001:00004ea0       _Promote_CmdFifoToAGP      baa05ea0 f   ddflip.obj
 0001:00005040       _Demote_CmdFifoFromAGP     baa06040 f   ddflip.obj
 0001:00005190       _DoConfig                  baa06190 f   ddflip.obj
 0001:000051f0       _DoBitCopy                 baa061f0 f   ddflip.obj
 0001:0000523e       _DoBitAndCopy              baa0623e f   ddflip.obj
 0001:000052a5       _DoBitXorCopy              baa062a5 f   ddflip.obj
 0001:0000530c       _HostRestoreCursor         baa0630c f   ddflip.obj
 0001:000053ec       _HostDrawCursor            baa063ec f   ddflip.obj
 0001:000055fc       _bumpAgp                   baa065fc f   ddflip.obj
 0001:0000566c       _flushAgp                  baa0666c f   ddflip.obj
 0001:0000568c       _myWrapAgp                 baa0668c f   ddflip.obj
 0001:000056cc       _myAgpEpilog               baa066cc f   ddflip.obj
 0001:0000570c       _DoKMTV                    baa0670c f   ddflip.obj
 0001:00005930       _DdDestroyDriver@4         baa06930 f   ddfxs32.obj
 0001:00005960       _DdSetExclusiveMode@4      baa06960 f   ddfxs32.obj
 0001:000059e0       _DdSetDrvColorKey@4        baa069e0 f   ddfxs32.obj
 0001:000059f0       _DdSetPalette@4            baa069f0 f   ddfxs32.obj
 0001:00005a40       _DdCreatePalette@4         baa06a40 f   ddfxs32.obj
 0001:00005a80       _DdDestroyPalette@4        baa06a80 f   ddfxs32.obj
 0001:00005ad0       _DdSetEntries@4            baa06ad0 f   ddfxs32.obj
 0001:00005b20       _Enter_3DApplication       baa06b20 f   ddfxs32.obj
 0001:00005cf0       _Exit_3DApplication        baa06cf0 f   ddfxs32.obj
 0001:00005e70       _Promote_PrimaryToOverlay  baa06e70 f   ddfxs32.obj
 0001:00006200       _Demote_PrimaryFromOverlay baa07200 f   ddfxs32.obj
 0001:00006270       _Clear_SLIAA_Buffers       baa07270 f   ddfxs32.obj
 0001:000065f0       _LOADGAMMA                 baa075f0 f   ddfxs32.obj
 0001:00006820       _RESTOREGAMMA              baa07820 f   ddfxs32.obj
 0001:000068b0       _SETPALETTE                baa078b0 f   ddfxs32.obj
 0001:00006970       _Exponential               baa07970 f   ddfxs32.obj
 0001:00006a50       _Logarithm                 baa07a50 f   ddfxs32.obj
 0001:00006ae0       _RetrieveFromRegistry      baa07ae0 f   ddfxs32.obj
 0001:00006b20       _GetLog2                   baa07b20 f   ddfxs32.obj
 0001:00006b40       _Promote_DeviceToSLIAA     baa07b40 f   ddfxs32.obj
 0001:00006fa0       _Demote_DeviceFromSLIAA    baa07fa0 f   ddfxs32.obj
 0001:00007160       _GetProcessFileName        baa08160 f   ddfxs32.obj
 0001:000071e0       _IsBadApp                  baa081e0 f   ddfxs32.obj
 0001:000072b0       _Compute_SLIAA_Config      baa082b0 f   ddfxs32.obj
 0001:00007760       _SwitchToHostCursor        baa08760 f   ddfxs32.obj
 0001:000077a0       _MoveTileMark              baa087a0 f   ddfxs32.obj
 0001:00007850       _TwoPpcInit                baa08850 f   ddfxs32.obj
 0001:000078a0       _VRwriteSubID              baa088a0 f   ddinit32.obj
 0001:00007920       _DdGetAvailDriverMemory@4  baa08920 f   ddinit32.obj
 0001:000079d0       _DdGetDriverInfo@4         baa089d0 f   ddinit32.obj
 0001:000080c0       _ddgetenv                  baa090c0 f   ddinit32.obj
 0001:00008500       _DdGetBltStatus@4          baa09500 f   ddblt32.obj
 0001:00008560       _DdBlt@4                   baa09560 f   ddblt32.obj
 0001:00008d60       _Blt32_ColorFill@12        baa09d60 f   ddblt32.obj
 0001:00008ff0       _Blt32_DoBltNoSP@16        baa09ff0 f   ddblt32.obj
 0001:00009340       _Blt32_DoBltS@20           baa0a340 f   ddblt32.obj
 0001:0000a4d0       _Blt32_SystemToVideo@24    baa0b4d0 f   ddblt32.obj
 0001:0000ad30       _Blt32_CopyFourCC@20       baa0bd30 f   ddblt32.obj
 0001:0000b850       _ddDebugPrint              baa0c850 f   ddtrace.obj
 0001:0000b880       _SSTSTAT                   baa0c880 f   ddtrace.obj
 0001:0000b8f0       _memMgr_allocSurface       baa0c8f0 f   ddmemmgr.obj
 0001:0000bd90       _memMgr_allocSecondary     baa0cd90 f   ddmemmgr.obj
 0001:0000bf40       _memMgr_freeSurface        baa0cf40 f   ddmemmgr.obj
 0001:0000bfb0       _HwPtrToLfbPtr             baa0cfb0 f   ddmemmgr.obj
 0001:0000c020       _LfbPtrToHwPtr             baa0d020 f   ddmemmgr.obj
 0001:0000c0d0       _AdjustLfbPtr              baa0d0d0 f   ddmemmgr.obj
 0001:0000c140       _AdjustHwPtr               baa0d140 f   ddmemmgr.obj
 0001:0000c1d0       _ddatoi                    baa0d1d0 f   runtime.obj
 0001:0000c230       _dd_itof_inv               baa0d230 f   runtime.obj
 0001:0000c240       _ddftol                    baa0d240 f   runtime.obj
 0001:0000c290       _dddtol                    baa0d290 f   runtime.obj
 0001:0000c2e0       _ddatof                    baa0d2e0 f   runtime.obj
 0001:0000c3b0       _ddsscanf                  baa0d3b0 f   runtime.obj
 0001:0000c4b0       _ddxtoa                    baa0d4b0 f   runtime.obj
 0001:0000c500       _dditoa                    baa0d500 f   runtime.obj
 0001:0000c580       _ddxtoi                    baa0d580 f   runtime.obj
 0001:0000c5b0       _ddpow                     baa0d5b0 f   runtime.obj
 0001:0000c5d0       _regGetDouble              baa0d5d0 f   runtime.obj
 0001:0000c620       _regGetDword               baa0d620 f   runtime.obj
 0001:0000c670       _int_exp                   baa0d670 f   runtime.obj
 0001:0000c6a0       _MY_LN                     baa0d6a0 f   runtime.obj
 0001:0000c720       _pow_4_R                   baa0d720 f   runtime.obj
 0001:0000c820       _IOControl                 baa0d820 f   ddvpe32.obj
 0001:0000c8b0       _UpdateIMask               baa0d8b0 f   ddvpe32.obj
 0001:0000c8d0       _vpCanCreateVideoPort32@4  baa0d8d0 f   ddvpe32.obj
 0001:0000ca10       _vpCreateVideoPort32@4     baa0da10 f   ddvpe32.obj
 0001:0000cc90       _vpFlipVideoPort32@4       baa0dc90 f   ddvpe32.obj
 0001:0000cda0       _vpGetVideoPortBandwidth32@4 baa0dda0 f   ddvpe32.obj
 0001:0000cf50       _vpGetVideoPortInputFormats32@4 baa0df50 f   ddvpe32.obj
 0001:0000d050       _vpGetVideoPortOutputFormats32@4 baa0e050 f   ddvpe32.obj
 0001:0000d210       _vpGetVideoPortField32@4   baa0e210 f   ddvpe32.obj
 0001:0000d280       _vpGetVideoPortLine32@4    baa0e280 f   ddvpe32.obj
 0001:0000d2b0       _vpGetVideoPortConnectInfo32@4 baa0e2b0 f   ddvpe32.obj
 0001:0000d4b0       _vpDestroyVideoPort32@4    baa0e4b0 f   ddvpe32.obj
 0001:0000d530       _vpGetVideoPortFlipstatus32@4 baa0e530 f   ddvpe32.obj
 0001:0000d5e0       _vpUpdateVideoPort32@4     baa0e5e0 f   ddvpe32.obj
 0001:0000dd90       _vpWaitForVideoPortSync32@4 baa0ed90 f   ddvpe32.obj
 0001:0000dec0       _vpGetVideoSignalStatus32@4 baa0eec0 f   ddvpe32.obj
 0001:0000dfd0       _vpColorControl32@4        baa0efd0 f   ddvpe32.obj
 0001:0000e010       _ovlColorControl32@4       baa0f010 f   ddvpe32.obj
 0001:0000e050       _kSyncSurfaceData32@4      baa0f050 f   ddvpe32.obj
 0001:0000e110       _kSyncVideoportData32@4    baa0f110 f   ddvpe32.obj
 0001:0000e150       _H3_VMI_Disable            baa0f150 f   ddvpe32.obj
 0001:0000e1a0       _H3_VMI_Enable_Func        baa0f1a0 f   ddvpe32.obj
 0001:0000e1f0       _H3_VMI_Reset              baa0f1f0 f   ddvpe32.obj
 0001:0000e210       _H3_VMI_SetDecimation      baa0f210 f   ddvpe32.obj
 0001:0000e790       _H3_InitBandwidth          baa0f790 f   ddvpe32.obj
 0001:0000e860       _H3_InitializeAll          baa0f860 f   ddvpe32.obj
 0001:0000e8d0       _H3_Calculate_Bandwidth    baa0f8d0 f   ddvpe32.obj
 0001:0000eae0       _SetOverlayPosition32@4    baa0fae0 f   ddovl32.obj
 0001:0000ebe0       _UpdateOverlay32@4         baa0fbe0 f   ddovl32.obj
 0001:0000fc60       _FlipOverlaySurface        baa10c60 f   ddovl32.obj
 0001:0000fdb0       _CanCreateOverlaySurface   baa10db0 f   ddovl32.obj
 0001:0000fee0       _CreateOverlaySurface      baa10ee0 f   ddovl32.obj
 0001:000105e0       _DestroyOverlaySurface     baa115e0 f   ddovl32.obj
 0001:00010800       _ConvertYV12               baa11800 f   ddovl32.obj
 0001:00010970       _UnlockOverlaySurface      baa11970 f   ddovl32.obj
 0001:00010a00       _SetBltParams              baa11a00 f   ddovl32.obj
 0001:00010e60       _Get_ScalingFactor         baa11e60 f   ddovl32.obj
 0001:00010f00       _ShrinkOverlaySurface      baa11f00 f   ddovl32.obj
 0001:00011400       _shrinkTexture             baa12400 f   ddovl32.obj
 0001:00011f10       _I2C_OUT                   baa12f10 f   i2cfx.obj
 0001:00011fc0       _I2C_REL                   baa12fc0 f   i2cfx.obj
 0001:00012000       _I2C_IN                    baa13000 f   i2cfx.obj
 0001:00012060       _I2C_START                 baa13060 f   i2cfx.obj
 0001:000120b0       _I2C_STOP                  baa130b0 f   i2cfx.obj
 0001:000120e0       _I2C_SENDACK               baa130e0 f   i2cfx.obj
 0001:00012120       _I2C_SENDNACK              baa13120 f   i2cfx.obj
 0001:00012160       _I2C_ACK                   baa13160 f   i2cfx.obj
 0001:000121a0       _I2C_INIT                  baa131a0 f   i2cfx.obj
 0001:00012200       _I2C_WBYTE                 baa13200 f   i2cfx.obj
 0001:00012270       _GETREGPTR                 baa13270 f   i2cfx.obj
 0001:000122e0       _WRITEI2CREG               baa132e0 f   i2cfx.obj
 0001:00012360       _READI2CREGCACHE           baa13360 f   i2cfx.obj
 0001:00012390       _READI2CSTATUS             baa13390 f   i2cfx.obj
 0001:00012400       _WRITEI2CDATA              baa13400 f   i2cfx.obj
 0001:00012460       _READI2CDATA               baa13460 f   i2cfx.obj
 0001:00012590       _I2CDEV_INIT               baa13590 f   i2cfx.obj
 0001:00012650       _I2CDEV_CLOSE              baa13650 f   i2cfx.obj
 0001:000126c0       _mmEvict32                 baa136c0 f   memmgr32.obj
 0001:00012700       _mmReclaim32               baa13700 f   memmgr32.obj
 0001:00012730       _fogGenerateLinear_K62O    baa13730 f   k6_2.obj
 0001:000127c0       _xBltDSa@36                baa137c0 f   ddsliblt.obj
 0001:000127d0       _xBltDSan@36               baa137d0 f   ddsliblt.obj
 0001:000127e0       _xBltDSna@36               baa137e0 f   ddsliblt.obj
 0001:000127f0       _xBltDSno@36               baa137f0 f   ddsliblt.obj
 0001:00012800       _xBltDSo@36                baa13800 f   ddsliblt.obj
 0001:00012810       _xBltDSon@36               baa13810 f   ddsliblt.obj
 0001:00012820       _xBltDSx@36                baa13820 f   ddsliblt.obj
 0001:00012830       _xBltDSxn@36               baa13830 f   ddsliblt.obj
 0001:00012840       _xBltS@36                  baa13840 f   ddsliblt.obj
 0001:00012fe0       _xBltSDna@36               baa13fe0 f   ddsliblt.obj
 0001:00012ff0       _xBltSDno@36               baa13ff0 f   ddsliblt.obj
 0001:00013000       _xBltSn@36                 baa14000 f   ddsliblt.obj
 0001:00013010       _bltDSa@36                 baa14010 f   ddsliblt.obj
 0001:000130f0       _bltDSan@36                baa140f0 f   ddsliblt.obj
 0001:000131d0       _bltDSna@36                baa141d0 f   ddsliblt.obj
 0001:000132b0       _bltDSno@36                baa142b0 f   ddsliblt.obj
 0001:00013390       _bltDSo@36                 baa14390 f   ddsliblt.obj
 0001:00013470       _bltDSon@36                baa14470 f   ddsliblt.obj
 0001:00013550       _bltDSx@36                 baa14550 f   ddsliblt.obj
 0001:00013630       _bltDSxn@36                baa14630 f   ddsliblt.obj
 0001:00013710       _bltNop@36                 baa14710 f   ddsliblt.obj
 0001:00013720       _bltS@36                   baa14720 f   ddsliblt.obj
 0001:00013790       _bltSDna@36                baa14790 f   ddsliblt.obj
 0001:00013870       _bltSDno@36                baa14870 f   ddsliblt.obj
 0001:00013950       _bltSn@36                  baa14950 f   ddsliblt.obj
 0001:00013a00       _initBuffer                baa14a00 f   ddsliblt.obj
 0001:00013a80       _fillScanAND               baa14a80 f   ddsliblt.obj
 0001:00013b00       _fillScanOR                baa14b00 f   ddsliblt.obj
 0001:00013b80       _fillScanSRC               baa14b80 f   ddsliblt.obj
 0001:00013ba0       _sli_ColorFill@12          baa14ba0 f   ddsliblt.obj
 0001:00013c70       _sli_ColorFillZ@12         baa14c70 f   ddsliblt.obj
 0001:00013e50       _sli_PuntColorFillZ@8      baa14e50 f   ddsliblt.obj
 0001:00014040       _sli_PuntColorFill@8       baa15040 f   ddsliblt.obj
 0001:000140d0       _sli_DoBltNoSP@16          baa150d0 f   ddsliblt.obj
 0001:00014240       _xsBltSrcToScanBuf@28      baa15240 f   ddsliblt.obj
 0001:00014550       _sBltSrcToScanBuf@28       baa15550 f   ddsliblt.obj
 0001:00014650       _sBltS@36                  baa15650 f   ddsliblt.obj
 0001:00014750       _sli_DoBltS@24             baa15750 f   ddsliblt.obj
 0001:00014990       _sli_3DDoBltS@20           baa15990 f   ddsliblt.obj
 0001:00015260       _PromoteSrcToPower2Width@8 baa16260 f   ddsliblt.obj
 0001:000159a0       _SliClear                  baa169a0 f   ddsli2d.obj
 0001:00015f00       _DdSliColorFill            baa16f00 f   ddsli2d.obj
 0001:000160c0       _DoIntersect               baa170c0 f   ddsli2d.obj
 0001:000161e0       _DdSli2DSolidColor         baa171e0 f   ddsli2d.obj
 0001:00016740       _DdSliBltNoSP              baa17740 f   ddsli2d.obj
 0001:000169b0       _DdSli2DScn2Scn            baa179b0 f   ddsli2d.obj
 0001:00016d80       _DdSli2DSystem2Scn         baa17d80 f   ddsli2d.obj
 0001:00016ee0       _Dd2SampleColorFill        baa17ee0 f   ddsli2d.obj
 0001:00016f90       _Dd2SampleBltNoSP          baa17f90 f   ddsli2d.obj
 0001:00017040       _Dd2SampleBltS             baa18040 f   ddsli2d.obj
 0001:000170f0       _Dd2SampleSystemToVideo    baa180f0 f   ddsli2d.obj
 0001:000171b0       _DDHAL32_VidMemAlloc@16    baa181b0 f   ddraw:DDRAW.dll
 0001:000171b6       _DDHAL32_VidMemFree@12     baa181b6 f   ddraw:DDRAW.dll
 0001:000171c0       _ADJUST3DNOWPOINTERS       baa181c0 f   d3d:d3init.obj
 0001:000173c0       _D3DHALCreateDriver@12     baa183c0 f   d3d:d3init.obj
 0001:00018bc0       _BuildDX7TextureFormats    baa19bc0 f   d3d:d3init.obj
 0001:00018f70       _BuildD3DCaps              baa19f70 f   d3d:d3init.obj
 0001:00019170       _BuildD3DExtendedCaps      baa1a170 f   d3d:d3init.obj
 0001:00019370       _ALLOCTEXTUREDESC@8        baa1a370 f   d3d:d3txtr.obj
 0001:000194d0       _FREETEXTUREDESC@8         baa1a4d0 f   d3d:d3txtr.obj
 0001:00019510       _DESC_INIT_ARRAY           baa1a510 f   d3d:d3txtr.obj
 0001:00019550       _textureSurfaceDelete@8    baa1a550 f   d3d:d3txtr.obj
 0001:00019760       _TXTRMIPMAPALLOC           baa1a760 f   d3d:d3txtr.obj
 0001:00019ae0       _txtrComputeVAddr          baa1aae0 f   d3d:d3txtr.obj
 0001:00019c80       _textureSurfaceCreate@16   baa1ac80 f   d3d:d3txtr.obj
 0001:0001a890       _textureLoad@28            baa1b890 f   d3d:d3txtr.obj
 0001:0001b0e0       _txtMipMapInit             baa1c0e0 f   d3d:d3txtr.obj
 0001:0001b1c0       _txtrformatTo8888          baa1c1c0 f   d3d:d3txtr.obj
 0001:0001b330       _txtrFormatToOriginal      baa1c330 f   d3d:d3txtr.obj
 0001:0001b3e0       _txtrDownLoadTexture@80    baa1c3e0 f   d3d:d3txtr.obj
 0001:0001cd2f       _txtrCalcBaseAddress@24    baa1dd2f f   d3d:d3txtr.obj
 0001:0001cdbf       _txtrCalcBaseAddressDXT1@12 baa1ddbf f   d3d:d3txtr.obj
 0001:0001ce9f       _txtrCalcMemRequired@24    baa1de9f f   d3d:d3txtr.obj
 0001:0001cf0f       _txtrCalcMemRequiredDXT1@32 baa1df0f f   d3d:d3txtr.obj
 0001:0001cfdf       _txtrInit@4                baa1dfdf f   d3d:d3txtr.obj
 0001:0001d01f       _CREATENEWTEXTURE@28       baa1e01f f   d3d:d3txtr.obj
 0001:0001d30f       _txtrDownLoadPalette@16    baa1e30f f   d3d:d3txtr.obj
 0001:0001d88f       _txtrChangedPalette@8      baa1e88f f   d3d:d3txtr.obj
 0001:0001d8af       _txtrNewPalette@8          baa1e8af f   d3d:d3txtr.obj
 0001:0001d8cf       _stretchDXTn               baa1e8cf f   d3d:d3txtr.obj
 0001:0001dccf       _shrinkDXTn                baa1eccf f   d3d:d3txtr.obj
 0001:0001e07f       _stretchFXT1               baa1f07f f   d3d:d3txtr.obj
 0001:0001e44f       _shrinkFXT1                baa1f44f f   d3d:d3txtr.obj
 0001:0001e7d0       _UpdateCtxFVFChanges       baa1f7d0 f   d3d:d6dp2.obj
 0001:0001eb20       _ddiDrawPrimitives2@4      baa1fb20 f   d3d:d6dp2.obj
 0001:000207e0       _bufferStateSetup          baa217e0 f   d3d:d6dp2.obj
 0001:000215f0       _HandleSLIAA               baa225f0 f   d3d:d6dp2.obj
 0001:00024290       _setDX6state               baa25290 f   d3d:d6dp2.obj
 0001:00026b70       _ddiClear2SG@4             baa27b70 f   d3d:d3clear2.obj
 0001:00027160       _ddiClear2SD@4             baa28160 f   d3d:d3clear2.obj
 0001:00027820       _ddiValidateTextureStageState@4 baa28820 f   d3d:d6mt.obj
 0001:000281b0       _CalcPerChipLodBias        baa291b0 f   d3d:d6mt.obj
 0001:000282a0       _setupTexturing            baa292a0 f   d3d:d6mt.obj
 0001:00029a10       _CalcBias42                baa2aa10 f   d3d:d6mt.obj
 0001:00029a70       _setupSingleStage          baa2aa70 f   d3d:d6mt.obj
 0001:00029ee0       _setupTextureStage0        baa2aee0 f   d3d:d6mt.obj
 0001:0002a1d0       _setupTextureStage1        baa2b1d0 f   d3d:d6mt.obj
 0001:0002a4e0       _ddiGetDriverState@4       baa2b4e0 f   d3d:d7d3d.obj
 0001:0002a500       _ddiCreateSurfaceEx@4      baa2b500 f   d3d:d7d3d.obj
 0001:0002a7b0       _ddiDestroyDDLocal@4       baa2b7b0 f   d3d:d7d3d.obj
 0001:0002a8b0       _GetHndlListPtr            baa2b8b0 f   d3d:d7d3d.obj
 0001:0002aad0       _getFnZOffset              baa2bad0 f   d3d:d3fog.obj
 0001:0002ab00       _fogGenerateExp            baa2bb00 f   d3d:d3fog.obj
 0001:0002abc0       _fogGenerateExp2           baa2bbc0 f   d3d:d3fog.obj
 0001:0002ac90       _fogGenerateLinear_Orig    baa2bc90 f   d3d:d3fog.obj
 0001:0002ad80       _fogTable@8                baa2bd80 f   d3d:d3fog.obj
 0001:0002afb0       _createTableAndLoad        baa2bfb0 f   d3d:d3fog.obj
 0001:0002b010       _setFogMode                baa2c010 f   d3d:d3fog.obj
 0001:0002b080       _fogEnable@8               baa2c080 f   d3d:d3fog.obj
 0001:0002b0c0       _fogColor@8                baa2c0c0 f   d3d:d3fog.obj
 0001:0002b0f0       _fogTableMode@8            baa2c0f0 f   d3d:d3fog.obj
 0001:0002b140       _fogTableStart@8           baa2c140 f   d3d:d3fog.obj
 0001:0002b160       _fogTableEnd@8             baa2c160 f   d3d:d3fog.obj
 0001:0002b180       _fogDensity@8              baa2c180 f   d3d:d3fog.obj
 0001:0002b1b0       _dummy@8                   baa2c1b0 f   d3d:d3rstate.obj
 0001:0002b1c0       _antialiasing@8            baa2c1c0 f   d3d:d3rstate.obj
 0001:0002b1f0       _edgeAntialiasing@8        baa2c1f0 f   d3d:d3rstate.obj
 0001:0002b200       _setDrawTriangle@4         baa2c200 f   d3d:d3rstate.obj
 0001:0002b440       _setDrawTriangle6@4        baa2c440 f   d3d:d3rstate.obj
 0001:0002b490       _zFunc@8                   baa2c490 f   d3d:d3rstate.obj
 0001:0002b5a0       _zEnable@8                 baa2c5a0 f   d3d:d3rstate.obj
 0001:0002b6b0       _zWriteEnable@8            baa2c6b0 f   d3d:d3rstate.obj
 0001:0002b700       _zVisible@8                baa2c700 f   d3d:d3rstate.obj
 0001:0002b720       _zbias@8                   baa2c720 f   d3d:d3rstate.obj
 0001:0002b7f0       _stencilEnable@8           baa2c7f0 f   d3d:d3rstate.obj
 0001:0002b880       _stencilFail@8             baa2c880 f   d3d:d3rstate.obj
 0001:0002b960       _stencilZFail@8            baa2c960 f   d3d:d3rstate.obj
 0001:0002ba40       _stencilPass@8             baa2ca40 f   d3d:d3rstate.obj
 0001:0002bb30       _stencilFunc@8             baa2cb30 f   d3d:d3rstate.obj
 0001:0002bc20       _stencilRef@8              baa2cc20 f   d3d:d3rstate.obj
 0001:0002bcb0       _stencilMask@8             baa2ccb0 f   d3d:d3rstate.obj
 0001:0002bd40       _stencilWriteMask@8        baa2cd40 f   d3d:d3rstate.obj
 0001:0002bdd0       _textureHandle@8           baa2cdd0 f   d3d:d3rstate.obj
 0001:0002be50       _texMag@8                  baa2ce50 f   d3d:d3rstate.obj
 0001:0002beb0       _texMin@8                  baa2ceb0 f   d3d:d3rstate.obj
 0001:0002bfc0       _texturePerspective@8      baa2cfc0 f   d3d:d3rstate.obj
 0001:0002c020       _textureFactor@8           baa2d020 f   d3d:d3rstate.obj
 0001:0002c040       _wrap0@8                   baa2d040 f   d3d:d3rstate.obj
 0001:0002c090       _wrap1@8                   baa2d090 f   d3d:d3rstate.obj
 0001:0002c0e0       _wrap2@8                   baa2d0e0 f   d3d:d3rstate.obj
 0001:0002c130       _wrap3@8                   baa2d130 f   d3d:d3rstate.obj
 0001:0002c180       _wrap4@8                   baa2d180 f   d3d:d3rstate.obj
 0001:0002c1d0       _wrap5@8                   baa2d1d0 f   d3d:d3rstate.obj
 0001:0002c220       _wrap6@8                   baa2d220 f   d3d:d3rstate.obj
 0001:0002c270       _wrap7@8                   baa2d270 f   d3d:d3rstate.obj
 0001:0002c2c0       _wrapU@8                   baa2d2c0 f   d3d:d3rstate.obj
 0001:0002c360       _wrapV@8                   baa2d360 f   d3d:d3rstate.obj
 0001:0002c3d0       _textureAddress@8          baa2d3d0 f   d3d:d3rstate.obj
 0001:0002c400       _textureAddressU@8         baa2d400 f   d3d:d3rstate.obj
 0001:0002c430       _textureAddressV@8         baa2d430 f   d3d:d3rstate.obj
 0001:0002c460       _setupColorPath@8          baa2d460 f   d3d:d3rstate.obj
 0001:0002c600       _texMapBlend@8             baa2d600 f   d3d:d3rstate.obj
 0001:0002c7e0       _blendEnable@8             baa2d7e0 f   d3d:d3rstate.obj
 0001:0002c800       _alphaBlendEnable@8        baa2d800 f   d3d:d3rstate.obj
 0001:0002c850       _colorKeyEnable@8          baa2d850 f   d3d:d3rstate.obj
 0001:0002c870       _srcBlend@8                baa2d870 f   d3d:d3rstate.obj
 0001:0002cb30       _dstBlend@8                baa2db30 f   d3d:d3rstate.obj
 0001:0002cdf0       _alphaTestEnable@8         baa2ddf0 f   d3d:d3rstate.obj
 0001:0002ce20       _alphaRef@8                baa2de20 f   d3d:d3rstate.obj
 0001:0002ce60       _alphaFunc@8               baa2de60 f   d3d:d3rstate.obj
 0001:0002cee0       _cullMode@8                baa2dee0 f   d3d:d3rstate.obj
 0001:0002cfa0       _ditherEnable@8            baa2dfa0 f   d3d:d3rstate.obj
 0001:0002d020       _shadeMode@8               baa2e020 f   d3d:d3rstate.obj
 0001:0002d080       _fillMode@8                baa2e080 f   d3d:d3rstate.obj
 0001:0002d0c0       _specular@8                baa2e0c0 f   d3d:d3rstate.obj
 0001:0002d100       _subPixel@8                baa2e100 f   d3d:d3rstate.obj
 0001:0002d150       _sceneCapture@8            baa2e150 f   d3d:d3rstate.obj
 0001:0002d190       _initNewRC@4               baa2e190 f   d3d:d3rstate.obj
 0001:0002d460       _ddiGetState@4             baa2e460 f   d3d:d3rstate.obj
 0001:0002d770       _ddiContextCreate@4        baa2e770 f   d3d:d3contxt.obj
 0001:0002db40       _ddiContextDestroy@4       baa2eb40 f   d3d:d3contxt.obj
 0001:0002dbc0       _ddiContextDestroyAll@4    baa2ebc0 f   d3d:d3contxt.obj
 0001:0002dc50       _dp2TriangleAllFill        baa2ec50 f   d3d:d6tri2.obj
 0001:0002de00       _dp2TriangleAll_Orig       baa2ee00 f   d3d:d6tri2.obj
 0001:0002f420       _dp2TriAll_SM3             baa30420 f   d3d:d6tri2.obj
 0001:000305e0       _dp2TriangleAll_K62O       baa315e0 f   d3d:d6tri2.obj
 0001:00031bc0       _dp2IdxTriangleAllFill     baa32bc0 f   d3d:d6tri2.obj
 0001:00031db0       _dp2IdxTriangleAll_Orig    baa32db0 f   d3d:d6tri2.obj
 0001:00033400       _dp2IdxTriAll_SM3          baa34400 f   d3d:d6tri2.obj
 0001:000345f0       _dp2IdxTriangleAll_K62O    baa355f0 f   d3d:d6tri2.obj
 0001:00035c00       _dp2IdxTriangle2AllFill    baa36c00 f   d3d:d6tri2.obj
 0001:00035df0       _dp2IdxTriangle2All_Orig   baa36df0 f   d3d:d6tri2.obj
 0001:00037440       _dp2IdxTri2All_SM3         baa38440 f   d3d:d6tri2.obj
 0001:00038630       _dp2IdxTriangle2All_K62O   baa39630 f   d3d:d6tri2.obj
 0001:00039c40       _dp2FanAllFill             baa3ac40 f   d3d:d6fan.obj
 0001:00039e10       _dp2FanAll_Orig            baa3ae10 f   d3d:d6fan.obj
 0001:0003b190       _dp2FanAll_SM3             baa3c190 f   d3d:d6fan.obj
 0001:0003c180       _dp2FanAll_K62O            baa3d180 f   d3d:d6fan.obj
 0001:0003d570       _dp2IdxFanAllFill          baa3e570 f   d3d:d6fan.obj
 0001:0003d770       _dp2IdxFanAll_Orig         baa3e770 f   d3d:d6fan.obj
 0001:0003eb10       _dp2IdxFanAll_SM3          baa3fb10 f   d3d:d6fan.obj
 0001:0003fb20       _dp2IdxFanAll_K62O         baa40b20 f   d3d:d6fan.obj
 0001:00040f30       _dp2StripAllFill           baa41f30 f   d3d:d6strip.obj
 0001:00041160       _dp2StripAll_Orig          baa42160 f   d3d:d6strip.obj
 0001:000427b0       _dp2StripAll_K62O          baa437b0 f   d3d:d6strip.obj
 0001:00043eb0       _dp2IdxStripAllFill        baa44eb0 f   d3d:d6strip.obj
 0001:00044120       _dp2IdxStripAll_Orig       baa45120 f   d3d:d6strip.obj
 0001:000457a0       _dp2IdxStripAll_K62O       baa467a0 f   d3d:d6strip.obj
 0001:00046ec0       _PrefetchTriIdx2_5_Asm_P5  baa47ec0 f   d3d:atri.obj
 0001:00046fd0       _PrefetchTriIdx2_6T_Asm_P6 baa47fd0 f   d3d:atri.obj
 0001:00047120       _PrefetchTriIdx2_7_Asm_P6  baa48120 f   d3d:atri.obj
 0001:00047270       _PrefetchTriIdx2_8_Asm_P6  baa48270 f   d3d:atri.obj
 0001:000473c0       _PrefetchTriIdx2_9_Asm_P6  baa483c0 f   d3d:atri.obj
 0001:00047510       _PrefetchTriIdx2_10_Asm_P6 baa48510 f   d3d:atri.obj
 0001:00047660       _PrefetchTriIdx2_11_Asm_P6 baa48660 f   d3d:atri.obj
 0001:000477c0       _PrefetchTriIdx2_12_Asm_P6 baa487c0 f   d3d:atri.obj
 0001:00047910       _PrefetchTriIdx2_6G_Asm_P5 baa48910 f   d3d:atri.obj
 0001:00047a60       _PrefetchTriIdx2_6T_Asm_P5 baa48a60 f   d3d:atri.obj
 0001:00047bb0       _PrefetchTriIdx2_7_Asm_P5  baa48bb0 f   d3d:atri.obj
 0001:00047cd0       _PrefetchTriIdx2_8_Asm_P5  baa48cd0 f   d3d:atri.obj
 0001:00047de0       _PrefetchTriIdx2_9_Asm_P5  baa48de0 f   d3d:atri.obj
 0001:00047f30       _PrefetchTriIdx2_10_Asm_P5 baa48f30 f   d3d:atri.obj
 0001:00048080       _PrefetchTriIdx2_11_Asm_P5 baa49080 f   d3d:atri.obj
 0001:000481e0       _PrefetchTriIdx2_12_Asm_P5 baa491e0 f   d3d:atri.obj
 0001:00048330       _DrawTriIdx2MainAsm_P5     baa49330 f   d3d:atri.obj
 0001:00048530       _DrawTriIdx2MainAsm_P6     baa49530 f   d3d:atri.obj
 0001:000488d0       _DrawTriIdx2GouradAsm_P5   baa498d0 f   d3d:atri.obj
 0001:00048a40       _DrawTriEdge2Asm_P5        baa49a40 f   d3d:amesh2.obj
 0001:00048e40       _DrawTriEdge2GAsm_P5       baa49e40 f   d3d:amesh2.obj
 0001:00049180       _DrawTriEdge2FAsm_P5       baa4a180 f   d3d:amesh2.obj
 0001:000495d0       _DrawTriFanImmAsm_P5       baa4a5d0 f   d3d:afan.obj
 0001:00049940       _PrefetchTriIdx2_XX_Asm_K6 baa4a940 f   d3d:axtrik.obj
 0001:00049fa0       _PrefetchTriIdx2_8_Asm_K6  baa4afa0 f   d3d:axtrik.obj
 0001:0004a600       _PrefetchTriIdx2_10_Asm_K6 baa4b600 f   d3d:axtrik.obj
 0001:0004ac60       _PrefetchTriIdx2_12_Asm_K6 baa4bc60 f   d3d:axtrik.obj
 0001:0004b2c0       _DrawTriIdx2MainAsm_K62O   baa4c2c0 f   d3d:axtrik.obj
 0001:0004c800       _Draw_K62O_SPEC_COLOR_Z_W_PC_TX0 baa4d800 f   d3d:axtrik.obj
 0001:0004d1c0       _Draw_K62O_SPEC_COLOR_Z_WFBI_VFOG_W_PC_TX0_TX1_BADFVF baa4e1c0 f   d3d:axtrik.obj
 0001:0004dea0       _Draw_K62O_COLOR_Z_W_PC_TX0 baa4eea0 f   d3d:axtrik.obj
 0001:0004e240       _Draw_K62O_COLOR_Z_WFBI_VFOG_W_PC_TX0 baa4f240 f   d3d:axtrik.obj
 0001:0004e640       _Draw_K62O_COLOR_Z_WFBI_VFOG_W_PC_ALPHA_TX0 baa4f640 f   d3d:axtrik.obj
 0001:0004ea40       _Draw_K62O_COLOR_Z_W_PC_TX0_TX1 baa4fa40 f   d3d:axtrik.obj
 0001:0004ee80       _Draw_K62O_COLOR_Z_W_PC_TX0_TX1_BADFVF baa4fe80 f   d3d:axtrik.obj
 0001:0004f340       _Draw_K62O_COLOR_Z         baa50340 f   d3d:axtrik.obj
 0001:0004f640       _Draw_K62O_SPEC_COLOR_Z    baa50640 f   d3d:axtrik.obj
 0001:0004fec0       _Draw_K62O_COLOR_Z_PC      baa50ec0 f   d3d:axtrik.obj
 0001:000501c0       _Draw_K62O_COLOR_Z_PC_TX0  baa511c0 f   d3d:axtrik.obj
 0001:00050520       _Draw_K62O_SPEC_COLOR_Z_W_PC_ALPHA_TX0 baa51520 f   d3d:axtrik.obj
 0001:00050f80       _Draw_K62O_COLOR_Z_W_PC_TX0_WRAP baa51f80 f   d3d:axtrik.obj
 0001:00051560       _Draw_K62O_COLOR_Z_W_PC_TX0_TX1_WRAP baa52560 f   d3d:axtrik.obj
 0001:00051e00       _DrawTriEdge2Asm_K62O      baa52e00 f   d3d:amesh2k.obj
 0001:00052260       _DrawTriEdge2GAsm_K62O     baa53260 f   d3d:amesh2k.obj
 0001:00052640       _DrawTriFanImmAsm_K62O     baa53640 f   d3d:afank.obj
 0001:00052990       _DrawTriFanImmAsm_KNI      baa53990 f   d3d:afankni.obj
 0001:00052db0       _PrefetchTriIdx2_5_Asm_KNI baa53db0 f   d3d:axtrikni.obj
 0001:00053308       _PrefetchTriIdx2_6T_Asm_KNI baa54308 f   d3d:axtrikni.obj
 0001:00053866       _PrefetchTriIdx2_7_Asm_KNI baa54866 f   d3d:axtrikni.obj
 0001:00053dd0       _PrefetchTriIdx2_8_Asm_KNI baa54dd0 f   d3d:axtrikni.obj
 0001:000542e0       _PrefetchTriIdx2_9_Asm_KNI baa552e0 f   d3d:axtrikni.obj
 0001:00054850       _PrefetchTriIdx2_10_Asm_KNI baa55850 f   d3d:axtrikni.obj
 0001:00054db0       _PrefetchTriIdx2_12_Asm_KNI baa55db0 f   d3d:axtrikni.obj
 0001:00055310       LookupNewKNIDrawTriangleFunction baa56310 f   d3d:axtrikni.obj
 0001:000554d9       DrawTriangleKNI_Default    baa564d9 f   d3d:axtrikni.obj
 0001:000569a3       DrawTriangleKNI_NoSpec_NoFlat_Color_NoWbuff_Z_NoWfbi_NoVfog_NoRhw_NoPc_NoAlpha_NoTx_NoWrap baa579a3 f   d3d:axtrikni.obj
 0001:00056c43       DrawTriangleKNI_Spec_NoFlat_Color_NoWbuff_Z_NoWfbi_NoVfog_NoRhw_NoPc_NoAlpha_NoTx_NoWrap baa57c43 f   d3d:axtrikni.obj
 0001:000572e3       DrawTriangleKNI_NoSpec_NoFlat_Color_NoWbuff_Z_NoWfbi_NoVfog_NoRhw_Pc_NoAlpha_NoTx_NoWrap baa582e3 f   d3d:axtrikni.obj
 0001:00057583       DrawTriangleKNI_NoSpec_NoFlat_Color_NoWbuff_NoZ_NoWfbi_NoVfog_Rhw_Pc_NoAlpha_1Tx_NoWrap baa58583 f   d3d:axtrikni.obj
 0001:00057893       DrawTriangleKNI_NoSpec_NoFlat_Color_NoWbuff_Z_NoWfbi_NoVfog_Rhw_Pc_NoAlpha_1Tx_NoWrap baa58893 f   d3d:axtrikni.obj
 0001:00057be3       DrawTriangleKNI_Spec_NoFlat_Color_NoWbuff_Z_NoWfbi_NoVfog_Rhw_Pc_NoAlpha_1Tx_NoWrap baa58be3 f   d3d:axtrikni.obj
 0001:000583b3       DrawTriangleKNI_NoSpec_Flat_Color_NoWbuff_Z_NoWfbi_NoVfog_Rhw_Pc_NoAlpha_1Tx_NoWrap baa593b3 f   d3d:axtrikni.obj
 0001:00058703       DrawTriangleKNI_NoSpec_NoFlat_Color_NoWbuff_Z_Wfbi_Vfog_Rhw_Pc_NoAlpha_1Tx_NoWrap baa59703 f   d3d:axtrikni.obj
 0001:00058a93       DrawTriangleKNI_Spec_NoFlat_Color_NoWbuff_Z_Wfbi_Vfog_Rhw_Pc_NoAlpha_1Tx_NoWrap baa59a93 f   d3d:axtrikni.obj
 0001:00059353       DrawTriangleKNI_Spec_NoFlat_Color_NoWbuff_Z_NoWfbi_NoVfog_Rhw_Pc_Alpha_1Tx_NoWrap baa5a353 f   d3d:axtrikni.obj
 0001:00059ba3       DrawTriangleKNI_NoSpec_NoFlat_Color_NoWbuff_Z_NoWfbi_NoVfog_Rhw_Pc_NoAlpha_2Tx_NoWrap baa5aba3 f   d3d:axtrikni.obj
 0001:00059f23       DrawTriangleKNI_NoSpec_NoFlat_Color_NoWbuff_Z_Wfbi_Vfog_Rhw_Pc_NoAlpha_2Tx_NoWrap baa5af23 f   d3d:axtrikni.obj
 0001:0005a2e3       DrawTriangleKNI_NoSpec_NoFlat_Color_NoWbuff_Z_NoWfbi_NoVfog_Rhw_Pc_NoAlpha_1Tx_Wrap baa5b2e3 f   d3d:axtrikni.obj
 0001:0005a653       DrawTriangleKNI_NoSpec_NoFlat_Color_NoWbuff_Z_NoWfbi_NoVfog_Rhw_Pc_NoAlpha_2Tx_Wrap baa5b653 f   d3d:axtrikni.obj
 0001:0005a9f3       Hex2Dec                    baa5b9f3 f   d3d:axtrikni.obj
 0001:0005aa0c       Dec2Hex                    baa5ba0c f   d3d:axtrikni.obj
 0001:0005aa40       _KNI_movq_memcpy           baa5ba40 f   d3d:memcopy.obj
 0001:0005ab70       _DecodeBlockRGB            baa5bb70 f   d3d:tcutils.obj
 0001:0005ace0       _EncodeBlockRGB            baa5bce0 f   d3d:tcutils.obj
 0001:0005b090       _DecodeBlockAlpha4         baa5c090 f   d3d:tcutils.obj
 0001:0005b0f0       _EncodeBlockAlpha4         baa5c0f0 f   d3d:tcutils.obj
 0001:0005b150       _DecodeBlockAlpha3         baa5c150 f   d3d:tcutils.obj
 0001:0005b310       _EncodeBlockAlpha3         baa5c310 f   d3d:tcutils.obj
 0001:0005b640       _bitDecoder                baa5c640 f   d3d:fxt.obj
 0001:0005b960       _bitEncoder                baa5c960 f   d3d:fxt.obj
 0001:0005bcc0       _clipLine                  baa5ccc0 f   d3d:fxt.obj
 0001:0005bea0       _encode4bpp_block          baa5cea0 f   d3d:fxt.obj
 0001:0005e2d0       _decode4bpp_block          baa5f2d0 f   d3d:fxt.obj
 0001:0005ec40       _FXT1Encode4bpp            baa5fc40 f   d3d:fxt.obj
 0001:0005ed40       _FXT1Decode4bpp            baa5fd40 f   d3d:fxt.obj
 0001:0005ee40       _covariance                baa5fe40 f   d3d:fxt.obj
 0001:0005ef00       _eigenProject              baa5ff00 f   d3d:fxt.obj
 0001:0005ef80       _eigenSpace                baa5ff80 f   d3d:fxt.obj
 0001:0005f330       _eigenStatistics           baa60330 f   d3d:fxt.obj
 0001:0005f4e0       _SetRenderTarget           baa604e0 f   d3d:d7dp2.obj
 0001:0005f570       _Clear                     baa60570 f   d3d:d7dp2.obj
 0001:0005fc70       _FastFill_2pass            baa60c70 f   d3d:d7dp2.obj
 0001:000607f0       _FastFill                  baa617f0 f   d3d:d7dp2.obj
 0001:00061460       _PaletteSet                baa62460 f   d3d:d7dp2.obj
 0001:000615c0       _PaletteUpdate             baa625c0 f   d3d:d7dp2.obj
 0001:00061750       _BeginStateBlock           baa62750 f   d3d:d7dp2.obj
 0001:000617b0       _EndStateBlock             baa627b0 f   d3d:d7dp2.obj
 0001:00061800       _DeleteStateBlock          baa62800 f   d3d:d7dp2.obj
 0001:00061840       _ExecuteStateBlock         baa62840 f   d3d:d7dp2.obj
 0001:00061d60       _CaptureStateBlock         baa62d60 f   d3d:d7dp2.obj
 0001:00061ed0       _ReleaseContextStateBlocks baa62ed0 f   d3d:d7dp2.obj
 0001:00062220       _calcSubPixelAdj           baa63220 f   d3d:d6line.obj
 0001:000623c0       _dp2Line                   baa633c0 f   d3d:d6line.obj
 0001:000631d0       _dp2Point                  baa641d0 f   d3d:d6point.obj
 0001:000638f0       _float2int                 baa648f0 f   d3d:fxf2i.obj
 0001:00063940       _fpDrawTriangleAll@16      baa64940 f   d3d:d3tri.obj
 0001:00064490       _fpTriIZ@16                baa65490 f   d3d:d3tri.obj
 0001:00064870       _fpTriIZS@16               baa65870 f   d3d:d3tri.obj
 0001:00064d40       _fpTriIZT@16               baa65d40 f   d3d:d3tri.obj
 0001:00065220       _fpTriIZTS@16              baa66220 f   d3d:d3tri.obj
 0001:000658d0       _fpTriIZTH@16              baa668d0 f   d3d:d3tri.obj
 0001:00065db0       _fpTriI@16                 baa66db0 f   d3d:d3tri.obj
 0001:00066150       _fpTriIT@16                baa67150 f   d3d:d3tri.obj
 0001:000665f0       _fpTriC@16                 baa675f0 f   d3d:d3tri.obj
 0001:000669a0       _fpFillTrianglePt@16       baa679a0 f   d3d:d3ftri.obj
 0001:00066aa0       _fpFillTriangleLine@16     baa67aa0 f   d3d:d3ftri.obj
 0001:00066b90       _fpFillIDrawTriangle@8     baa67b90 f   d3d:d3ftri.obj
 0001:00066f90       _fpFillDrawTriangle@8      baa67f90 f   d3d:d3ftri.obj
 0001:00067320       _fifo_make_room_asm        baa68320 f   d3d:afifo.obj
 0001:000674d0       _fpDrawPoint@28            baa684d0 f   d3d:d3point.obj
 0001:00067930       _fpPoint@16                baa68930 f   d3d:d3point.obj
 0001:000679b0       _fpPointList@12            baa689b0 f   d3d:d3point.obj
 0001:000679f0       _fpIPointList@16           baa689f0 f   d3d:d3point.obj
 0001:00067a40       _fpDrawLine@16             baa68a40 f   d3d:d3line.obj
 0001:00068490       _fpLine@16                 baa69490 f   d3d:d3line.obj
 0001:000684e0       _fpLineList@12             baa694e0 f   d3d:d3line.obj
 0001:00068520       _fpILineList@16            baa69520 f   d3d:d3line.obj
 0001:00068570       _fpLineStrip@12            baa69570 f   d3d:d3line.obj
 0001:000685b0       _fpILineStrip@16           baa695b0 f   d3d:d3line.obj
 0001:00068600       _DisableThreadLibraryCalls@4 baa69600 f   kernel32:KERNEL32.dll
 0001:00068606       _HeapCreate@12             baa69606 f   kernel32:KERNEL32.dll
 0001:0006860c       _HeapAlloc@12              baa6960c f   kernel32:KERNEL32.dll
 0001:00068612       _HeapFree@12               baa69612 f   kernel32:KERNEL32.dll
 0001:00068618       _CloseHandle@4             baa69618 f   kernel32:KERNEL32.dll
 0001:0006861e       _WriteFile@20              baa6961e f   kernel32:KERNEL32.dll
 0001:00068624       _CreateFileA@28            baa69624 f   kernel32:KERNEL32.dll
 0001:0006862a       _DeviceIoControl@32        baa6962a f   kernel32:KERNEL32.dll
 0001:00068630       _GetModuleFileNameA@12     baa69630 f   kernel32:KERNEL32.dll
 0001:00068636       _GetModuleHandleA@4        baa69636 f   kernel32:KERNEL32.dll
 0001:0006863c       _QT_Thunk                  baa6963c f   kernel32:KERNEL32.dll
 0001:00068642       _GetProfileStringA@20      baa69642 f   kernel32:KERNEL32.dll
 0001:00068648       _OutputDebugStringA@4      baa69648 f   kernel32:KERNEL32.dll
 0001:0006864e       _QueryPerformanceFrequency@4 baa6964e f   kernel32:KERNEL32.dll
 0001:00068654       _QueryPerformanceCounter@4 baa69654 f   kernel32:KERNEL32.dll
 0001:0006865a       _MapVirtualKeyA@8          baa6965a f   user32:USER32.dll
 0001:00068660       _wvsprintfA@12             baa69660 f   user32:USER32.dll
 0001:00068666       _RegCloseKey@4             baa69666 f   advapi32:ADVAPI32.dll
 0001:0006866c       _RegSetValueExA@24         baa6966c f   advapi32:ADVAPI32.dll
 0001:00068672       _RegCreateKeyExA@36        baa69672 f   advapi32:ADVAPI32.dll
 0001:00068678       _RegOpenKeyExA@20          baa69678 f   advapi32:ADVAPI32.dll
 0001:0006867e       _RegQueryValueExA@24       baa6967e f   advapi32:ADVAPI32.dll
 0001:00068684       __statusfp                 baa69684 f   libcmt:ieee87.obj
 0001:00068697       __clearfp                  baa69697 f   libcmt:ieee87.obj
 0001:000686ab       __control87                baa696ab f   libcmt:ieee87.obj
 0001:000686e0       __controlfp                baa696e0 f   libcmt:ieee87.obj
 0001:000686f6       __fpreset                  baa696f6 f   libcmt:ieee87.obj
 0001:00068871       _atol                      baa69871 f   libcmt:atox.obj
 0001:000688fc       _atoi                      baa698fc f   libcmt:atox.obj
 0001:00068907       __atoi64                   baa69907 f   libcmt:atox.obj
 0001:000689c1       __fpmath                   baa699c1 f   libcmt:fpinit.obj
 0001:000689d8       __fpclear                  baa699d8 f   libcmt:fpinit.obj
 0001:000689d9       __cfltcvt_init             baa699d9 f   libcmt:fpinit.obj
 0001:00068a11       ___setfflag                baa69a11 f   libcmt:fpinit.obj
 0001:00068a24       __ftol                     baa69a24 f   libcmt:ftol.obj
 0001:00068a50       __alldiv                   baa69a50 f   libcmt:lldiv.obj
 0001:00068b00       __allmul                   baa69b00 f   libcmt:llmul.obj
 0001:00068b34       __CRT_INIT@12              baa69b34 f   libcmt:dllcrt0.obj
 0001:00068c0d       __DllMainCRTStartup@12     baa69c0d f   libcmt:dllcrt0.obj
 0001:00068caa       __amsg_exit                baa69caa f   libcmt:dllcrt0.obj
 0001:00068ce0       __aullshr                  baa69ce0 f   libcmt:ullshr.obj
 0001:00068d00       __allshl                   baa69d00 f   libcmt:llshl.obj
 0001:00068d1f       _signal                    baa69d1f f   libcmt:winsig.obj
 0001:00068f03       _raise                     baa69f03 f   libcmt:winsig.obj
 0001:000690c2       ___fpecode                 baa6a0c2 f   libcmt:winsig.obj
 0001:000690cb       ___pxcptinfoptrs           baa6a0cb f   libcmt:winsig.obj
 0001:000690d4       __isctype                  baa6a0d4 f   libcmt:isctype.obj
 0001:00069149       __ms_p5_test_fdiv          baa6a149 f   libcmt:testfdiv.obj
 0001:00069187       __ms_p5_mp_test_fdiv       baa6a187 f   libcmt:testfdiv.obj
 0001:000691b0       __forcdecpt                baa6a1b0 f   libcmt:cvt.obj
 0001:0006920a       __cropzeros                baa6a20a f   libcmt:cvt.obj
 0001:00069258       __positive                 baa6a258 f   libcmt:cvt.obj
 0001:00069270       __fassign                  baa6a270 f   libcmt:cvt.obj
 0001:000692ae       __cftoe                    baa6a2ae f   libcmt:cvt.obj
 0001:000693d1       __cftof                    baa6a3d1 f   libcmt:cvt.obj
 0001:000694cd       __cftog                    baa6a4cd f   libcmt:cvt.obj
 0001:00069560       __cfltcvt                  baa6a560 f   libcmt:cvt.obj
 0001:000695d6       __cinit                    baa6a5d6 f   libcmt:crt0dat.obj
 0001:00069603       _exit                      baa6a603 f   libcmt:crt0dat.obj
 0001:00069614       __exit                     baa6a614 f   libcmt:crt0dat.obj
 0001:00069625       __cexit                    baa6a625 f   libcmt:crt0dat.obj
 0001:00069634       __c_exit                   baa6a634 f   libcmt:crt0dat.obj
[...]
 0002:00021fc8       ___app_type                baa95fc8     libcmt:dllcrt0.obj
 0002:00021fe0       __umaskval                 baa95fe0     libcmt:crt0dat.obj
 0002:00021fe4       __osver                    baa95fe4     libcmt:crt0dat.obj
 0002:00021fe8       __winver                   baa95fe8     libcmt:crt0dat.obj
 0002:00021fec       __winmajor                 baa95fec     libcmt:crt0dat.obj
 0002:00021ff0       __winminor                 baa95ff0     libcmt:crt0dat.obj
 0002:00021ff4       ___argc                    baa95ff4     libcmt:crt0dat.obj
 0002:00021ff8       ___argv                    baa95ff8     libcmt:crt0dat.obj
 0002:00021ffc       ___wargv                   baa95ffc     libcmt:crt0dat.obj
 0002:00022000       __environ                  baa96000     libcmt:crt0dat.obj
 0002:00022004       ___initenv                 baa96004     libcmt:crt0dat.obj
 0002:00022008       __wenviron                 baa96008     libcmt:crt0dat.obj
 0002:0002200c       ___winitenv                baa9600c     libcmt:crt0dat.obj
 0002:00022010       __pgmptr                   baa96010     libcmt:crt0dat.obj
 0002:00022014       __wpgmptr                  baa96014     libcmt:crt0dat.obj
 0002:00022018       __exitflag                 baa96018     libcmt:crt0dat.obj
 0002:0002201c       __C_Termination_Done       baa9601c     libcmt:crt0dat.obj
 0002:00022020       __C_Exit_Done              baa96020     libcmt:crt0dat.obj
 0002:0002212c       __adbgmsg                  baa9612c     libcmt:crt0msg.obj
 0002:000221a4       __newmode                  baa961a4     libcmt:_newmode.obj
 0002:000221a8       ?_pnhHeap@@3P6AHI@ZA       baa961a8     libcmt:handler.obj
 0002:000221ac       ___lc_handle               baa961ac     libcmt:nlsdata2.obj
 0002:000221c4       ___lc_codepage             baa961c4     libcmt:nlsdata2.obj
 0002:000221c8       ___lc_collate_cp           baa961c8     libcmt:nlsdata2.obj
 0002:000221dc       ___lc_time_intl            baa961dc     libcmt:inittime.obj
 0002:000221f8       ___lc_id                   baa961f8     libcmt:nlsdata3.obj
 0002:00022248       ___lconv_static_null       baa96248     libcmt:lconv.obj
 0002:00022320       _scanBuf1                  baa96320     <common>
 0002:00024320       _scanBuf2                  baa98320     <common>
 0002:00026320       _HotKey_Data               baa9a320     <common>
 0002:0002632c       _hInstance                 baa9a32c     <common>
 0002:00026330       _globalX                   baa9a330     <common>
 0002:00026334       _globalY                   baa9a334     <common>
 0002:00026340       _g_DX7TextureFormats       baa9a340     <common>
 0002:00026dcc       ___alternate_form          baa9adcc     <common>
 0002:00026dd0       ___no_lead_zeros           baa9add0     <common>
 0002:00026dd4       ___setlc_active            baa9add4     <common>
 0002:00026dd8       ___unguarded_readlc_active baa9add8     <common>
 0002:00026ddc       ___sbh_sizeHeaderList      baa9addc     <common>
 0002:00026de0       ___sbh_indGroupDefer       baa9ade0     <common>
 0002:00026de4       ___sbh_pHeaderScan         baa9ade4     <common>
 0002:00026de8       ___sbh_pHeaderDefer        baa9ade8     <common>
 0002:00026dec       ___sbh_cntHeaderList       baa9adec     <common>
 0002:00026df0       ___sbh_pHeaderList         baa9adf0     <common>
 0002:00026df4       ___mbcodepage              baa9adf4     <common>
 0002:00026e00       ___mbulinfo                baa9ae00     <common>
 0002:00026e0c       ___ismbcodepage            baa9ae0c     <common>
 0002:00026e20       __mbcasemap                baa9ae20     <common>
 0002:00026f20       __mbctype                  baa9af20     <common>
 0002:00027024       ___mblcid                  baa9b024     <common>
 0002:00027028       __crtheap                  baa9b028     <common>
 0002:00027040       ___pioinfo                 baa9b040     <common>
 0002:00027140       __nhandle                  baa9b140     <common>
 0002:00027144       ___env_initialized         baa9b144     <common>
 0002:00027148       ___mbctype_initialized     baa9b148     <common>
 0002:0002714c       ___onexitend               baa9b14c     <common>
 0002:00027150       ___onexitbegin             baa9b150     <common>
 0002:00027154       __acmdln                   baa9b154     <common>
 0002:00027158       __pRawDllMain              baa9b158     <common>

 entry point at        0001:00068c0d

 Static symbols

 0001:00008230       _CM_Get_DevNode_Key        baa09230 f   ddinit32.obj
 0001:00008260       _WIN32CMIOCTLHandler@4     baa09260 f   ddinit32.obj
 0001:000082f0       _AhNuts_GetTheDevNodeKeyMyself baa092f0 f   ddinit32.obj
 0001:00001b30       _buildDDHALInfo32          baa02b30 f   ddfx95.obj
 0001:00061f40       _FindStateBlock            baa62f40 f   d3d:d7dp2.obj
 0001:00061f60       _AddStateBlockToTable      baa62f60 f   d3d:d7dp2.obj
 0001:00062020       _CompressStateBlock        baa63020 f   d3d:d7dp2.obj
 0001:0005b850       _decode2                   baa5c850 f   d3d:fxt.obj
 0001:0005b890       _decode3                   baa5c890 f   d3d:fxt.obj
 0001:0005b930       _getMode                   baa5c930 f   d3d:fxt.obj
 0001:0005bbc0       _encode2                   baa5cbc0 f   d3d:fxt.obj
 0001:0005bc00       _encode3                   baa5cc00 f   d3d:fxt.obj
 0001:0005c280       _quantize4bpp_block        baa5d280 f   d3d:fxt.obj
 0001:0005c820       _encodeColors              baa5d820 f   d3d:fxt.obj
 0001:0005ced0       _bestColor                 baa5ded0 f   d3d:fxt.obj
 0001:0005cf50       _bestColorRGBInterp        baa5df50 f   d3d:fxt.obj
 0001:0005cf90       _makePalette               baa5df90 f   d3d:fxt.obj
 0001:0005d110       _makeInterpVector          baa5e110 f   d3d:fxt.obj
 0001:0005d190       _rgb888                    baa5e190 f   d3d:fxt.obj
 0001:0005d1e0       _rgb565                    baa5e1e0 f   d3d:fxt.obj
 0001:0005d230       _rgb555                    baa5e230 f   d3d:fxt.obj
 0001:0005d280       _vqChroma                  baa5e280 f   d3d:fxt.obj
 0001:0005d6c0       _local_rand                baa5e6c0 f   d3d:fxt.obj
 0001:0005d6f0       _encodeAlpha               baa5e6f0 f   d3d:fxt.obj
 0001:0005da40       _bestColorAlpha            baa5ea40 f   d3d:fxt.obj
 0001:0005db90       _makePaletteAlpha          baa5eb90 f   d3d:fxt.obj
 0001:0005dd20       _argb5555                  baa5ed20 f   d3d:fxt.obj
 0001:0005dd90       _vqChromaAlpha             baa5ed90 f   d3d:fxt.obj
 0001:0005e5a0       _decodeColors              baa5f5a0 f   d3d:fxt.obj
 0001:0005eb90       _argb8888                  baa5fb90 f   d3d:fxt.obj
 0001:0005ebf0       _rgb565_888                baa5fbf0 f   d3d:fxt.obj
 0001:0005efb0       _eigenVectors              baa5ffb0 f   d3d:fxt.obj
 0001:0005ac80       _RGBToColor                baa5bc80 f   d3d:tcutils.obj
 0001:0005ad00       _EncodeBlockRGB_i          baa5bd00 f   d3d:tcutils.obj
 0001:0005b050       _ColorToRGB                baa5c050 f   d3d:tcutils.obj
 0001:0005b630       _l_abs                     baa5c630 f   d3d:tcutils.obj
 0001:0005a653       DrawTriangleKNI_NoSpec_NoFlat_Color_NoWbuff_Z_NoWfbi_NoVfog_Rhw_Pc_Alpha_2Tx_Wrap baa5b653 f   d3d:axtrikni.obj
 0001:00057893       DrawTriangleKNI_NoSpec_NoFlat_Color_NoWbuff_Z_NoWfbi_NoVfog_Rhw_Pc_Alpha_1Tx_NoWrap baa58893 f   d3d:axtrikni.obj
 0001:000569a3       DrawTriangleKNI_NoSpec_NoFlat_Color_NoWbuff_Z_NoWfbi_NoVfog_NoRhw_NoPc_Alpha_NoTx_NoWrap baa579a3 f   d3d:axtrikni.obj
 0001:00059ba3       DrawTriangleKNI_NoSpec_NoFlat_Color_NoWbuff_Z_NoWfbi_NoVfog_Rhw_Pc_Alpha_2Tx_NoWrap baa5aba3 f   d3d:axtrikni.obj
 0001:000583b3       DrawTriangleKNI_NoSpec_Flat_Color_NoWbuff_Z_NoWfbi_NoVfog_Rhw_Pc_Alpha_1Tx_NoWrap baa593b3 f   d3d:axtrikni.obj
 0001:00058703       DrawTriangleKNI_NoSpec_NoFlat_Color_NoWbuff_Z_Wfbi_Vfog_Rhw_Pc_Alpha_1Tx_NoWrap baa59703 f   d3d:axtrikni.obj
 0001:00059f23       DrawTriangleKNI_NoSpec_NoFlat_Color_NoWbuff_Z_Wfbi_Vfog_Rhw_Pc_Alpha_2Tx_NoWrap baa5af23 f   d3d:axtrikni.obj
 0001:0005a2e3       DrawTriangleKNI_NoSpec_NoFlat_Color_NoWbuff_Z_NoWfbi_NoVfog_Rhw_Pc_Alpha_1Tx_Wrap baa5b2e3 f   d3d:axtrikni.obj
 0001:00052940       fan_split_continue_k6      baa53940 f   d3d:afank.obj
 0001:00052240       TriMeshContinue_k6m        baa53240 f   d3d:amesh2k.obj
 0001:00052600       TriMeshContinue_k6g        baa53600 f   d3d:amesh2k.obj
 0001:000498d0       fan_split_continue         baa4a8d0 f   d3d:afan.obj
 0001:00048e20       TriMeshContinue            baa49e20 f   d3d:amesh2.obj
 0001:00049160       TriMeshContinue            baa4a160 f   d3d:amesh2.obj
 0001:000495b0       TriMeshContinue            baa4a5b0 f   d3d:amesh2.obj
 0001:00046fb0       TriIdx2_5_continue         baa47fb0 f   d3d:atri.obj
 0001:00047100       TriIdx2_6_continue         baa48100 f   d3d:atri.obj
 0001:00047250       TriIdx2_7_continue         baa48250 f   d3d:atri.obj
 0001:000473a0       TriIdx2_8_continue         baa483a0 f   d3d:atri.obj
 0001:000474f0       TriIdx2_9_continue         baa484f0 f   d3d:atri.obj
 0001:00047640       TriIdx2_10_continue        baa48640 f   d3d:atri.obj
 0001:000477a0       TriIdx2_11_continue        baa487a0 f   d3d:atri.obj
 0001:000478f0       TriIdx2_12_continue        baa488f0 f   d3d:atri.obj
 0001:00047a40       TriIdx2_6_continue         baa48a40 f   d3d:atri.obj
 0001:00047b90       TriIdx2_6_continue         baa48b90 f   d3d:atri.obj
 0001:00047cb0       TriIdx2_7_continue         baa48cb0 f   d3d:atri.obj
 0001:00047dc0       TriIdx2_8_continue         baa48dc0 f   d3d:atri.obj
 0001:00047f10       TriIdx2_9_continue         baa48f10 f   d3d:atri.obj
 0001:00048060       TriIdx2_10_continue        baa49060 f   d3d:atri.obj
 0001:000481c0       TriIdx2_11_continue        baa491c0 f   d3d:atri.obj
 0001:00048310       TriIdx2_12_continue        baa49310 f   d3d:atri.obj
 0001:0002a8e0       _AllocHndlList             baa2b8e0 f   d3d:d7d3d.obj
 0001:0002a930       _ReleaseHndlList           baa2b930 f   d3d:d7d3d.obj
 0001:0002a980       _GetTxtrHndl               baa2b980 f   d3d:d7d3d.obj
 0001:0002a9b0       _AllocTxtrHndl             baa2b9b0 f   d3d:d7d3d.obj
 0001:0002aa90       _ReleaseTxtrHndl           baa2ba90 f   d3d:d7d3d.obj
 0001:00019c00       _txtrComputeCompSize       baa1ac00 f   d3d:d3txtr.obj
 0001:0001a720       _initMipMapChain           baa1b720 f   d3d:d3txtr.obj
 0001:0001c570       _txtrImgHalve              baa1d570 f   d3d:d3txtr.obj
 0001:0001c790       _txtrDownloadK6@48         baa1d790 f   d3d:d3txtr.obj
 0001:000719ef       _findenv                   baa729ef f   libcmt:setenv.obj
 0001:00071a47       _copy_environ              baa72a47 f   libcmt:setenv.obj
 0001:0007183d       _strncnt                   baa7283d f   libcmt:a_cmp.obj
 0001:00070bc5       __tzset_lk                 baa71bc5 f   libcmt:tzset.obj
 0001:00070e6d       __isindst_lk               baa71e6d f   libcmt:tzset.obj
 0001:00071019       _cvtdate                   baa72019 f   libcmt:tzset.obj
 0001:00070835       _xtoa                      baa71835 f   libcmt:xtoa.obj
 0001:00070907       _x64toa@20                 baa71907 f   libcmt:xtoa.obj
 0001:0006fd68       __expandtime               baa70d68 f   libcmt:strftime.obj
 0001:00070157       __store_str                baa71157 f   libcmt:strftime.obj
 0001:0007017e       __store_num                baa7117e f   libcmt:strftime.obj
 0001:000701ed       __store_number             baa711ed f   libcmt:strftime.obj
 0001:00070236       __store_winword            baa71236 f   libcmt:strftime.obj
 0001:0006ef37       _TranslateName             baa6ff37 f   libcmt:getqloc.obj
 0001:0006ef8f       _GetLcidFromLangCountry    baa6ff8f f   libcmt:getqloc.obj
 0001:0006f016       _LangCountryEnumProc@4     baa70016 f   libcmt:getqloc.obj
 0001:0006f21a       _GetLcidFromLanguage       baa7021a f   libcmt:getqloc.obj
 0001:0006f270       _LanguageEnumProc@4        baa70270 f   libcmt:getqloc.obj
 0001:0006f32d       _GetLcidFromCountry        baa7032d f   libcmt:getqloc.obj
 0001:0006f364       _CountryEnumProc@4         baa70364 f   libcmt:getqloc.obj
 0001:0006f3ea       _GetLcidFromDefault        baa703ea f   libcmt:getqloc.obj
 0001:0006f404       _ProcessCodePage           baa70404 f   libcmt:getqloc.obj
 0001:0006f46a       _TestDefaultCountry        baa7046a f   libcmt:getqloc.obj
 0001:0006f489       _TestDefaultLanguage       baa70489 f   libcmt:getqloc.obj
 0001:0006f4eb       _IsThisWindowsNT           baa704eb f   libcmt:getqloc.obj
 0001:0006f521       _crtGetLocaleInfoA@16      baa70521 f   libcmt:getqloc.obj
 0001:0006f607       _LcidFromHexString         baa70607 f   libcmt:getqloc.obj
 0001:0006f640       _GetPrimaryLen             baa70640 f   libcmt:getqloc.obj
 0001:0006e87e       __get_lc_lconv             baa6f87e f   libcmt:initmon.obj
 0001:0006e9a0       _fix_grouping              baa6f9a0 f   libcmt:initmon.obj
 0001:0006e9d7       __free_lc_lconv            baa6f9d7 f   libcmt:initmon.obj
 0001:0006e77c       _fix_grouping              baa6f77c f   libcmt:initnum.obj
 0001:0006e0c9       __get_lc_time              baa6f0c9 f   libcmt:inittime.obj
 0001:0006e417       __free_lc_time             baa6f417 f   libcmt:inittime.obj
 0001:0006d6cc       _strncnt                   baa6e6cc f   libcmt:a_map.obj
 0001:0006d075       __setlocale_set_cat        baa6e075 f   libcmt:setlocal.obj
 0001:0006d190       __setlocale_get_all        baa6e190 f   libcmt:setlocal.obj
 0001:0006cc3c       _gu_return                 baa6dc3c f   libcmt:exsup.obj
 0001:0006cc44       __unwind_handler           baa6dc44 f   libcmt:exsup.obj
 0001:0006b896       _getSystemCP               baa6c896 f   libcmt:mbctype.obj
 0001:0006b8e0       _CPtoLCID                  baa6c8e0 f   libcmt:mbctype.obj
 0001:0006b913       _setSBCS                   baa6c913 f   libcmt:mbctype.obj
 0001:0006b93c       _setSBUpLow                baa6c93c f   libcmt:mbctype.obj
 0001:0006b2c0       LeadUp1                    baa6c2c0 f   libcmt:memmove.obj
 0001:0006b2ec       LeadUp2                    baa6c2ec f   libcmt:memmove.obj
 0001:0006b310       LeadUp3                    baa6c310 f   libcmt:memmove.obj
 0001:0006b38f       UnwindUp0                  baa6c38f f   libcmt:memmove.obj
 0001:0006b37c       UnwindUp1                  baa6c37c f   libcmt:memmove.obj
 0001:0006b374       UnwindUp2                  baa6c374 f   libcmt:memmove.obj
 0001:0006b36c       UnwindUp3                  baa6c36c f   libcmt:memmove.obj
 0001:0006b364       UnwindUp4                  baa6c364 f   libcmt:memmove.obj
 0001:0006b35c       UnwindUp5                  baa6c35c f   libcmt:memmove.obj
 0001:0006b354       UnwindUp6                  baa6c354 f   libcmt:memmove.obj
 0001:0006b34c       UnwindUp7                  baa6c34c f   libcmt:memmove.obj
 0001:0006b3a8       TrailUp0                   baa6c3a8 f   libcmt:memmove.obj
 0001:0006b3b0       TrailUp1                   baa6c3b0 f   libcmt:memmove.obj
 0001:0006b3bc       TrailUp2                   baa6c3bc f   libcmt:memmove.obj
 0001:0006b3d0       TrailUp3                   baa6c3d0 f   libcmt:memmove.obj
 0001:0006b448       LeadDown1                  baa6c448 f   libcmt:memmove.obj
 0001:0006b468       LeadDown2                  baa6c468 f   libcmt:memmove.obj
 0001:0006b490       LeadDown3                  baa6c490 f   libcmt:memmove.obj
 0001:0006b4e4       UnwindDown7                baa6c4e4 f   libcmt:memmove.obj
 0001:0006b4ec       UnwindDown6                baa6c4ec f   libcmt:memmove.obj
 0001:0006b4f4       UnwindDown5                baa6c4f4 f   libcmt:memmove.obj
 0001:0006b4fc       UnwindDown4                baa6c4fc f   libcmt:memmove.obj
 0001:0006b504       UnwindDown3                baa6c504 f   libcmt:memmove.obj
 0001:0006b50c       UnwindDown2                baa6c50c f   libcmt:memmove.obj
 0001:0006b514       UnwindDown1                baa6c514 f   libcmt:memmove.obj
 0001:0006b527       UnwindDown0                baa6c527 f   libcmt:memmove.obj
 0001:0006b540       TrailDown0                 baa6c540 f   libcmt:memmove.obj
 0001:0006b548       TrailDown1                 baa6c548 f   libcmt:memmove.obj
 0001:0006b558       TrailDown2                 baa6c558 f   libcmt:memmove.obj
 0001:0006b56c       TrailDown3                 baa6c56c f   libcmt:memmove.obj
 0001:0006a500       LeadUp1                    baa6b500 f   libcmt:memcpy.obj
 0001:0006a52c       LeadUp2                    baa6b52c f   libcmt:memcpy.obj
 0001:0006a550       LeadUp3                    baa6b550 f   libcmt:memcpy.obj
 0001:0006a5cf       UnwindUp0                  baa6b5cf f   libcmt:memcpy.obj
 0001:0006a5bc       UnwindUp1                  baa6b5bc f   libcmt:memcpy.obj
 0001:0006a5b4       UnwindUp2                  baa6b5b4 f   libcmt:memcpy.obj
 0001:0006a5ac       UnwindUp3                  baa6b5ac f   libcmt:memcpy.obj
 0001:0006a5a4       UnwindUp4                  baa6b5a4 f   libcmt:memcpy.obj
 0001:0006a59c       UnwindUp5                  baa6b59c f   libcmt:memcpy.obj
 0001:0006a594       UnwindUp6                  baa6b594 f   libcmt:memcpy.obj
 0001:0006a58c       UnwindUp7                  baa6b58c f   libcmt:memcpy.obj
 0001:0006a5e8       TrailUp0                   baa6b5e8 f   libcmt:memcpy.obj
 0001:0006a5f0       TrailUp1                   baa6b5f0 f   libcmt:memcpy.obj
 0001:0006a5fc       TrailUp2                   baa6b5fc f   libcmt:memcpy.obj
 0001:0006a610       TrailUp3                   baa6b610 f   libcmt:memcpy.obj
 0001:0006a688       LeadDown1                  baa6b688 f   libcmt:memcpy.obj
 0001:0006a6a8       LeadDown2                  baa6b6a8 f   libcmt:memcpy.obj
 0001:0006a6d0       LeadDown3                  baa6b6d0 f   libcmt:memcpy.obj
 0001:0006a724       UnwindDown7                baa6b724 f   libcmt:memcpy.obj
 0001:0006a72c       UnwindDown6                baa6b72c f   libcmt:memcpy.obj
 0001:0006a734       UnwindDown5                baa6b734 f   libcmt:memcpy.obj
 0001:0006a73c       UnwindDown4                baa6b73c f   libcmt:memcpy.obj
 0001:0006a744       UnwindDown3                baa6b744 f   libcmt:memcpy.obj
 0001:0006a74c       UnwindDown2                baa6b74c f   libcmt:memcpy.obj
 0001:0006a754       UnwindDown1                baa6b754 f   libcmt:memcpy.obj
 0001:0006a767       UnwindDown0                baa6b767 f   libcmt:memcpy.obj
 0001:0006a780       TrailDown0                 baa6b780 f   libcmt:memcpy.obj
 0001:0006a788       TrailDown1                 baa6b788 f   libcmt:memcpy.obj
 0001:0006a798       TrailDown2                 baa6b798 f   libcmt:memcpy.obj
 0001:0006a7ac       TrailDown3                 baa6b7ac f   libcmt:memcpy.obj
 0001:0006a448       _xcptlookup                baa6b448 f   libcmt:winxfltr.obj
 0001:00069c0e       _parse_cmdline             baa6ac0e f   libcmt:stdargv.obj
 0001:00069643       _doexit                    baa6a643 f   libcmt:crt0dat.obj
 0001:000696fa       __initterm                 baa6a6fa f   libcmt:crt0dat.obj
 0001:0006930f       __cftoe2                   baa6a30f f   libcmt:cvt.obj
 0001:00069426       __cftof2                   baa6a426 f   libcmt:cvt.obj
 0001:000695b1       __shift                    baa6a5b1 f   libcmt:cvt.obj
 0001:00068ea1       _ctrlevent_capture@4       baa69ea1 f   libcmt:winsig.obj
 0001:00069085       _siglookup                 baa6a085 f   libcmt:winsig.obj
 0001:00068721       __abstract_cw              baa69721 f   libcmt:ieee87.obj
 0001:000687b3       __hw_cw                    baa697b3 f   libcmt:ieee87.obj
 0001:0006883c       __abstract_sw              baa6983c f   libcmt:ieee87.obj
